2026-03-18 17:23:32.825 25186-25251 SurfaceView@298cd79     com.example.mamunbingoapp            I  uSP: rtp = Rect(-131, 0 - 1211, 1788) rtsw = 1440 rtsh = 1080
2026-03-18 17:23:32.825 25186-25251 SurfaceView@298cd79     com.example.mamunbingoapp            I  onSSPAndSRT: pl = -131 pt = 0 sx = 0.93194443 sy = 1.6555556
2026-03-18 17:23:32.825 25186-25251 SurfaceView@298cd79     com.example.mamunbingoapp            I  aOrMT: uB = true t = android.view.SurfaceControl$Transaction@a031f6e fN = 173 android.view.SurfaceView.access$500:124 android.view.SurfaceView$SurfaceViewPositionUpdateListener.positionChanged:1728 android.graphics.RenderNode$CompositePositionUpdateListener.positionChanged:319 
2026-03-18 17:23:32.825 25186-25251 SurfaceView@298cd79     com.example.mamunbingoapp            I  aOrMT: vR.mWNT, vR = ViewRootImpl@23a75c9[MainActivity]
2026-03-18 17:23:32.825 25186-25251 ViewRootIm...nActivity] com.example.mamunbingoapp            I  mWNT: t = android.view.SurfaceControl$Transaction@a031f6e fN = 173 android.view.SurfaceView.applyOrMergeTransaction:1628 android.view.SurfaceView.access$500:124 android.view.SurfaceView$SurfaceViewPositionUpdateListener.positionChanged:1728 
2026-03-18 17:23:32.825 25186-25251 ViewRootIm...nActivity] com.example.mamunbingoapp            I  mWNT: merge t to BBQ
2026-03-18 17:23:32.851 25186-25186 SurfaceView@298cd79     com.example.mamunbingoapp            I  pST: mTmpTransaction.apply, mTmpTransaction = android.view.SurfaceControl$Transaction@edc11b3
2026-03-18 17:23:32.851 25186-25186 SurfaceView@298cd79     com.example.mamunbingoapp            I  updateSurface: mVisible = true mSurface.isValid() = true
2026-03-18 17:23:32.851 25186-25186 SurfaceView@298cd79     com.example.mamunbingoapp            I  updateSurface: mSurfaceCreated = true surfaceChanged = false visibleChanged = false
2026-03-18 17:23:32.942 25186-25396 PipelineManager         com.example.mamunbingoapp            D  OCR process succeeded via visionkit pipeline.
2026-03-18 17:23:32.981 25186-25186 ManualEntry             com.example.mamunbingoapp            D  allowNavigationByEvent set true
2026-03-18 17:23:33.037 25186-25292 PipelineManager         com.example.mamunbingoapp            D  Start process YUV
2026-03-18 17:23:33.211 25186-25292 PipelineManager         com.example.mamunbingoapp            D  OCR process succeeded via visionkit pipeline.
2026-03-18 17:23:33.236 25186-25350 PipelineManager         com.example.mamunbingoapp            D  Start process YUV
2026-03-18 17:23:33.404 25186-25186 HistoryPhotoImport      com.example.mamunbingoapp            D  manualEntry opened with scannedNumbers count = 25, prefillOrder = columnMajor
2026-03-18 17:23:33.405 25186-25186 ManualEntry             com.example.mamunbingoapp            D  ManualEntryScreen composed, scannedNumbers.size=25
2026-03-18 17:23:33.405 25186-25186 ManualEntry             com.example.mamunbingoapp            D  Manual Entry open: source=null, total count=25, first 10 values=[7, 14, 4, 13, 9, 30, 19, 17, 16, 27]
2026-03-18 17:23:33.415 25186-25186 SurfaceView@298cd79     com.example.mamunbingoapp            I  onWindowVisibilityChanged(8) false android.view.SurfaceView{298cd79 V.E...... ........ 0,0-1440,1080} of ViewRootImpl@23a75c9[MainActivity]
2026-03-18 17:23:33.415 25186-25186 SurfaceView@298cd79     com.example.mamunbingoapp            I  pST: mTmpTransaction.apply, mTmpTransaction = android.view.SurfaceControl$Transaction@edc11b3
2026-03-18 17:23:33.416 25186-25186 SurfaceView@298cd79     com.example.mamunbingoapp            I  surfaceDestroyed callback.size 1 #2 android.view.SurfaceView{298cd79 V.E...... ........ 0,0-1440,1080}
2026-03-18 17:23:33.416 25186-25186 SurfaceViewImpl         com.example.mamunbingoapp            D  Surface destroyed.
2026-03-18 17:23:33.417 25186-25186 SurfaceViewImpl         com.example.mamunbingoapp            D  Surface closed androidx.camera.core.SurfaceRequest@9b2dd3
2026-03-18 17:23:33.417 25186-25186 DeferrableSurface       com.example.mamunbingoapp            D  surface closed,  useCount=2 closed=true androidx.camera.core.SurfaceRequest$2@e3afd10
2026-03-18 17:23:33.417 25186-25186 SurfaceView@298cd79     com.example.mamunbingoapp            I  updateSurface: mVisible = false mSurface.isValid() = true
2026-03-18 17:23:33.418 25186-25350 PipelineManager         com.example.mamunbingoapp            D  OCR process succeeded via visionkit pipeline.
2026-03-18 17:23:33.422 25186-25186 SurfaceView@298cd79     com.example.mamunbingoapp            I  tryReleaseSurfaces: set mRtReleaseSurfaces = true
2026-03-18 17:23:33.422 25186-25186 SurfaceView@298cd79     com.example.mamunbingoapp            I  onDetachedFromWindow: tryReleaseSurfaces()
2026-03-18 17:23:33.422 25186-25186 SurfaceView@298cd79     com.example.mamunbingoapp            I  tryReleaseSurfaces: set mRtReleaseSurfaces = true
2026-03-18 17:23:33.422 25186-25395 BufferQueueProducer     com.example.mamunbingoapp            E  [SurfaceView - com.example.mamunbingoapp/com.example.mamunbingoapp.MainActivity@298cd79@0#1(BLAST Consumer)1](id:626200000003,api:4,p:674,c:25186) queueBuffer: BufferQueue has been abandoned
2026-03-18 17:23:33.432 25186-25186 DeferrableSurface       com.example.mamunbingoapp            D  surface closed,  useCount=0 closed=true androidx.camera.core.processing.SurfaceEdge$SettableSurface@bf8daa4
2026-03-18 17:23:33.432 25186-25186 DeferrableSurface       com.example.mamunbingoapp            D  Surface terminated[total_surfaces=2, used_surfaces=2](androidx.camera.core.processing.SurfaceEdge$SettableSurface@bf8daa4}
2026-03-18 17:23:33.432 25186-25186 DeferrableSurface       com.example.mamunbingoapp            D  use count-1,  useCount=1 closed=true androidx.camera.core.SurfaceRequest$2@e3afd10
2026-03-18 17:23:33.433 25186-25186 DeferrableSurface       com.example.mamunbingoapp            D  surface closed,  useCount=1 closed=true androidx.camera.core.impl.ImmediateSurface@f3fb11a
2026-03-18 17:23:33.437 25186-25201 BufferQueueProducer     com.example.mamunbingoapp            E  [SurfaceView - com.example.mamunbingoapp/com.example.mamunbingoapp.MainActivity@298cd79@0#1(BLAST Consumer)1](id:626200000003,api:4,p:674,c:25186) dequeueBuffer: BufferQueue has been abandoned
2026-03-18 17:23:33.443 25186-25212 SurfaceView@298cd79     com.example.mamunbingoapp            I  236081961 wPL, frameNr = 206
2026-03-18 17:23:33.443 25186-25212 SurfaceView@298cd79     com.example.mamunbingoapp            I  remove() from RT android.view.SurfaceView$SurfaceViewPositionUpdateListener@e125329 Surface(name=SurfaceView - com.example.mamunbingoapp/com.example.mamunbingoapp.MainActivity@298cd79@0)/@0xdda16ae
2026-03-18 17:23:33.443 25186-25212 SurfaceView@298cd79     com.example.mamunbingoapp            I  remove() android.view.SurfaceView{298cd79 V.E...... ........ 0,0-1440,1080} Surface(name=SurfaceView - com.example.mamunbingoapp/com.example.mamunbingoapp.MainActivity@298cd79@0)/@0xdda16ae
2026-03-18 17:23:33.443 25186-25212 SurfaceView@298cd79     com.example.mamunbingoapp            I  aOrMT: uB = false t = android.view.SurfaceControl$Transaction@dd3f8e5 fN = 206 android.view.SurfaceView.access$500:124 android.view.SurfaceView$SurfaceViewPositionUpdateListener.positionLost:1785 android.graphics.RenderNode$CompositePositionUpdateListener.positionLost:326 
2026-03-18 17:23:33.443 25186-25212 SurfaceView@298cd79     com.example.mamunbingoapp            I  aOrMT: t.apply
2026-03-18 17:23:33.444 25186-25287 Camera2CameraImpl       com.example.mamunbingoapp            D  {Camera@e92516f[id=0]} Issue capture request
2026-03-18 17:23:33.445 25186-25287 CaptureSession          com.example.mamunbingoapp            D  Issuing capture request.
2026-03-18 17:23:33.452 25186-25287 Camera2Cap...estBuilder com.example.mamunbingoapp            D  createCaptureRequest
2026-03-18 17:23:33.452 25186-25186 HistoryPhotoImport      com.example.mamunbingoapp            D  manualEntry opened with scannedNumbers count = 25, prefillOrder = columnMajor
2026-03-18 17:23:33.452 25186-25186 ManualEntry             com.example.mamunbingoapp            D  ManualEntryScreen composed, scannedNumbers.size=25
2026-03-18 17:23:33.452 25186-25186 ManualEntry             com.example.mamunbingoapp            D  Manual Entry open: source=null, total count=25, first 10 values=[7, 14, 4, 13, 9, 30, 19, 17, 16, 27]
2026-03-18 17:23:33.454 25186-25287 Camera2Cap...estBuilder com.example.mamunbingoapp            D  applyAeFpsRange: expectedFrameRateRange = [0, 0]
2026-03-18 17:23:33.455 25186-25287 Camera2Cap...estBuilder com.example.mamunbingoapp            D  applyVideoStabilization: mode = null
2026-03-18 17:23:33.460   582-582   Layer                   surfaceflinger                       I  id=38958 removeFromCurrentState SurfaceView - com.example.mamunbingoapp/com.example.mamunbingoapp.MainActivity@298cd79@0(BLAST)#0 (119)
2026-03-18 17:23:33.460   582-582   Layer                   surfaceflinger                       I  id=38959 removeFromCurrentState Background for SurfaceView - com.example.mamunbingoapp/com.example.mamunbingoapp.MainActivity@298cd79@0#0 (119)
2026-03-18 17:23:33.460   582-582   Layer                   surfaceflinger                       I  id=38957 removeFromCurrentState SurfaceView - com.example.mamunbingoapp/com.example.mamunbingoapp.MainActivity@298cd79@0#0 (119)
2026-03-18 17:23:33.460   582-582   SurfaceFlinger          surfaceflinger                       I  id=38958 Removed SurfaceView - com.example.mamunbingoapp/com.example.mamunbingoapp.MainActivity@298cd79@0(BLAST)#0 (119)
2026-03-18 17:23:33.460   582-582   SurfaceFlinger          surfaceflinger                       I  id=38959 Removed Background for SurfaceView - com.example.mamunbingoapp/com.example.mamunbingoapp.MainActivity@298cd79@0#0 (119)
2026-03-18 17:23:33.460   582-582   SurfaceFlinger          surfaceflinger                       I  id=38957 Removed SurfaceView - com.example.mamunbingoapp/com.example.mamunbingoapp.MainActivity@298cd79@0#0 (119)
2026-03-18 17:23:33.460   582-582   Layer                   surfaceflinger                       I  id=38957 Destroyed SurfaceView - com.example.mamunbingoapp/com.example.mamunbingoapp.MainActivity@298cd79@0#0
2026-03-18 17:23:33.460   582-582   Layer                   surfaceflinger                       I  id=38959 Destroyed Background for SurfaceView - com.example.mamunbingoapp/com.example.mamunbingoapp.MainActivity@298cd79@0#0
2026-03-18 17:23:33.460 25186-25287 UseCaseAttachState      com.example.mamunbingoapp            D  Active and attached use case: [androidx.camera.core.Preview-13d6256d-c9c0-4071-9c69-793720115df681317723, androidx.camera.core.ImageAnalysis-5121caa1-b80e-498a-a1b1-bbed0f1d0732182465528] for camera: 0
2026-03-18 17:23:33.462 25186-25395 BufferQueueProducer     com.example.mamunbingoapp            E  [SurfaceView - com.example.mamunbingoapp/com.example.mamunbingoapp.MainActivity@298cd79@0#1(BLAST Consumer)1](id:626200000003,api:4,p:674,c:25186) queueBuffer: BufferQueue has been abandoned
2026-03-18 17:23:33.464   582-582   Layer                   surfaceflinger                       I  id=38958 Destroyed SurfaceView - com.example.mamunbingoapp/com.example.mamunbingoapp.MainActivity@298cd79@0(BLAST)#0
2026-03-18 17:23:33.466   582-582   SurfaceFlinger          surfaceflinger                       D  Display 0 HWC layers:
                                                                                                         DEVICE | 0x70f2ea32b0 | 0100 | RGBA_8888    |    0.0    0.0 1080.0 2280.0 |    0    0 1080 2280 | com.example.mamunbingoapp/com.example.mamunbingoapp.MainActivity$_25186#0
                                                                                                         DEVICE | 0x70f2e9fcb0 | 0100 | RGBA_8888    |    0.0    0.0 1080.0  107.0 |    0    0 1080  107 | StatusBar$_1338#0
                                                                                                         DEVICE | 0x70f2ea5590 | 0100 | RGBA_8888    |    0.0    0.0   67.0  342.0 | 1013  418 1080  760 | com.samsung.android.app.cocktailbars[...]arservice.CocktailBarService$_5568#0
                                                                                                         DEVICE | 0x70f2e7cd90 | 0100 | RGBA_8888    |    0.0    0.0 1080.0  126.0 |    0 2154 1080 2280 | NavigationBar0$_1338#0
                                                                                                         DEVICE | 0x70f2e91a90 | 0100 | RGBA_8888    |    0.0    0.0 1080.0  180.0 |    0    0 1080  180 | ScreenDecorOverlay$_1338#0
                                                                                                         DEVICE | 0x70f2e9f830 | 0100 | RGBA_8888    |    0.0    0.0 1080.0  107.0 |    0 2173 1080 2280 | ScreenDecorOverlayBottom$_1338#0
2026-03-18 17:23:33.468 25186-25287 CaptureSession          com.example.mamunbingoapp            D  Attempting to submit CaptureRequest after setting
2026-03-18 17:23:33.468 25186-25287 CaptureSession          com.example.mamunbingoapp            D  Issuing request for session.
2026-03-18 17:23:33.468 25186-25287 Camera2Cap...estBuilder com.example.mamunbingoapp            D  createCaptureRequest
2026-03-18 17:23:33.470 25186-25287 Camera2Cap...estBuilder com.example.mamunbingoapp            D  applyAeFpsRange: expectedFrameRateRange = [0, 0]
2026-03-18 17:23:33.470 25186-25287 Camera2Cap...estBuilder com.example.mamunbingoapp            D  applyVideoStabilization: mode = null
2026-03-18 17:23:33.474 25186-25287 Camera2CameraImpl       com.example.mamunbingoapp            D  {Camera@e92516f[id=0]} Use cases [androidx.camera.core.Preview-13d6256d-c9c0-4071-9c69-793720115df681317723, androidx.camera.core.ImageAnalysis-5121caa1-b80e-498a-a1b1-bbed0f1d0732182465528] now DETACHED for camera
2026-03-18 17:23:33.475 25186-25287 UseCaseAttachState      com.example.mamunbingoapp            D  All use case: [] for camera: 0
2026-03-18 17:23:33.476 25186-25287 Camera2CameraImpl       com.example.mamunbingoapp            D  {Camera@e92516f[id=0]} Resetting Capture Session
2026-03-18 17:23:33.476 25186-25287 SyncCaptureSessionImpl  com.example.mamunbingoapp            D  [androidx.camera.camera2.internal.SynchronizedCaptureSessionImpl@12d68a0] Session call close()
2026-03-18 17:23:33.478 25186-25287 Camera2CameraImpl       com.example.mamunbingoapp            D  {Camera@e92516f[id=0]} Releasing session in state OPENED
2026-03-18 17:23:33.478 25186-25287 Camera2CameraControlImp com.example.mamunbingoapp            D  setActive: isActive = false
2026-03-18 17:23:33.479 25186-25287 UseCaseAttachState      com.example.mamunbingoapp            D  Active and attached use case: [] for camera: 0
2026-03-18 17:23:33.480 25186-25287 UseCaseAttachState      com.example.mamunbingoapp            D  Active and attached use case: [] for camera: 0
2026-03-18 17:23:33.481 25186-25287 VideoUsageControl       com.example.mamunbingoapp            D  resetDirectly: mVideoUsage reset!
2026-03-18 17:23:33.482 25186-25287 Camera2CameraImpl       com.example.mamunbingoapp            D  {Camera@e92516f[id=0]} Closing camera.
2026-03-18 17:23:33.482 25186-25287 Camera2CameraImpl       com.example.mamunbingoapp            D  {Camera@e92516f[id=0]} Transitioning camera internal state: OPENED --> CLOSING
2026-03-18 17:23:33.483 25186-25287 CameraStateRegistry     com.example.mamunbingoapp            D  Recalculating open cameras:
                                                                                                    Camera                                       State                 
                                                                                                    -------------------------------------------------------------------
                                                                                                    Camera@64388b9[id=2]                         UNKNOWN               
                                                                                                    Camera@8eaf726[id=1]                         UNKNOWN               
                                                                                                    Camera@e92516f[id=0]                         CLOSING               
                                                                                                    Camera@40af775[id=3]                         UNKNOWN               
                                                                                                    -------------------------------------------------------------------
                                                                                                    Open count: 1 (Max allowed: 1)
2026-03-18 17:23:33.483 25186-25287 CameraStateMachine      com.example.mamunbingoapp            D  New public camera state CameraState{type=CLOSING, error=null} from CLOSING and null
2026-03-18 17:23:33.484 25186-25287 CameraStateMachine      com.example.mamunbingoapp            D  Publishing new public camera state CameraState{type=CLOSING, error=null}
2026-03-18 17:23:33.484 25186-25186 StreamStateObserver     com.example.mamunbingoapp            D  Update Preview stream state to IDLE
2026-03-18 17:23:33.484 25186-25287 Camera2CameraImpl       com.example.mamunbingoapp            D  {Camera@e92516f[id=0]} Resetting Capture Session
2026-03-18 17:23:33.485 25186-25287 Camera2CameraImpl       com.example.mamunbingoapp            D  {Camera@e92516f[id=0]} Skipping Capture Session state check due to current camera state: CLOSING and previous session status: false
2026-03-18 17:23:33.486 25186-25287 Camera2CameraImpl       com.example.mamunbingoapp            D  {Camera@e92516f[id=0]} Releasing session in state CLOSING
2026-03-18 17:23:33.487 25186-25287 SyncCaptureSessionImpl  com.example.mamunbingoapp            D  [androidx.camera.camera2.internal.SynchronizedCaptureSessionImpl@12d68a0] Session call super.close()
2026-03-18 17:23:33.487 25186-25287 UseCaseAttachState      com.example.mamunbingoapp            D  Active and attached use case: [] for camera: 0
2026-03-18 17:23:33.491 25186-25287 CaptureSession          com.example.mamunbingoapp            D  onSessionFinished()
2026-03-18 17:23:33.491 25186-25201 BufferQueueProducer     com.example.mamunbingoapp            E  [SurfaceView - com.example.mamunbingoapp/com.example.mamunbingoapp.MainActivity@298cd79@0#1(BLAST Consumer)1](id:626200000003,api:4,p:674,c:25186) queueBuffer: BufferQueue has been abandoned
2026-03-18 17:23:33.491 25186-25287 Camera2CameraImpl       com.example.mamunbingoapp            D  {Camera@e92516f[id=0]} closing camera
2026-03-18 17:23:33.609 25186-25287 BufferQueueProducer     com.example.mamunbingoapp            E  [SurfaceView - com.example.mamunbingoapp/com.example.mamunbingoapp.MainActivity@298cd79@0#1(BLAST Consumer)1](id:626200000003,api:4,p:674,c:25186) cancelBuffer: BufferQueue has been abandoned
2026-03-18 17:23:33.611 25186-25287 BufferQueueProducer     com.example.mamunbingoapp            E  [SurfaceView - com.example.mamunbingoapp/com.example.mamunbingoapp.MainActivity@298cd79@0#1(BLAST Consumer)1](id:626200000003,api:4,p:674,c:25186) cancelBuffer: BufferQueue has been abandoned
2026-03-18 17:23:33.612 25186-25287 BufferQueueProducer     com.example.mamunbingoapp            E  [SurfaceView - com.example.mamunbingoapp/com.example.mamunbingoapp.MainActivity@298cd79@0#1(BLAST Consumer)1](id:626200000003,api:4,p:674,c:25186) cancelBuffer: BufferQueue has been abandoned
2026-03-18 17:23:33.614 25186-25287 BufferQueueProducer     com.example.mamunbingoapp            E  [SurfaceView - com.example.mamunbingoapp/com.example.mamunbingoapp.MainActivity@298cd79@0#1(BLAST Consumer)1](id:626200000003,api:4,p:674,c:25186) cancelBuffer: BufferQueue has been abandoned
2026-03-18 17:23:33.617 25186-25287 BufferQueueProducer     com.example.mamunbingoapp            E  [SurfaceView - com.example.mamunbingoapp/com.example.mamunbingoapp.MainActivity@298cd79@0#1(BLAST Consumer)1](id:626200000003,api:4,p:674,c:25186) cancelBuffer: BufferQueue has been abandoned
2026-03-18 17:23:33.618   674-25294 CameraServ...oxyWrapper cameraserver                         I  updateProxyDeviceState: notifyCameraState for Camera ID 0, newState 2, facing 0, clientName com.example.mamunbingoapp, apiLevel 2
2026-03-18 17:23:33.619   999-6566  CameraManagerGlobal     system_server                        I  Camera 0 facing CAMERA_FACING_BACK state now CAMERA_STATE_IDLE for client com.example.mamunbingoapp API Level 2
2026-03-18 17:23:33.619  9583-9597  CameraManagerGlobal     com....android.googlequicksearchbox  I  Camera 0 facing CAMERA_FACING_BACK state now CAMERA_STATE_IDLE for client com.example.mamunbingoapp API Level 2
2026-03-18 17:23:33.620 18071-20280 CameraManagerGlobal     com....android.googlequicksearchbox  I  Camera 0 facing CAMERA_FACING_BACK state now CAMERA_STATE_IDLE for client com.example.mamunbingoapp API Level 2
2026-03-18 17:23:33.620  1338-1363  CameraManagerGlobal     com.android.systemui                 I  Camera 0 facing CAMERA_FACING_BACK state now CAMERA_STATE_IDLE for client com.example.mamunbingoapp API Level 2
2026-03-18 17:23:33.620 23043-23056 CameraManagerGlobal     com...sung.android.vtcamerasettings  I  Camera 0 facing CAMERA_FACING_BACK state now CAMERA_STATE_IDLE for client com.example.mamunbingoapp API Level 2
2026-03-18 17:23:33.621  2771-19910 CameraManagerGlobal     com.sec.android.sdhms                I  Camera 0 facing CAMERA_FACING_BACK state now CAMERA_STATE_IDLE for client com.example.mamunbingoapp API Level 2
2026-03-18 17:23:33.623 25186-25395 CameraManagerGlobal     com.example.mamunbingoapp            I  Camera 0 facing CAMERA_FACING_BACK state now CAMERA_STATE_IDLE for client com.example.mamunbingoapp API Level 2
2026-03-18 17:23:33.622   999-7149  CameraService_proxy     system_server                        I  updateActivityCount: removeNonHighRefreshRatePackage for client(com.example.mamunbingoapp)
2026-03-18 17:23:33.638   999-1036  WindowManager           system_server                        D  rotationForOrientation, orientationSource=ActivityRecord{ef57a89 u0 com.example.mamunbingoapp/.MainActivity t442}
2026-03-18 17:23:33.654   582-582   SurfaceFlinger          surfaceflinger                       D  Display 0 HWC layers:
                                                                                                         DEVICE | 0x70f2e9f710 | 0100 | RGBA_8888    |    0.0    0.0 1080.0 2280.0 |    0    0 1080 2280 | com.example.mamunbingoapp/com.example.mamunbingoapp.MainActivity$_25186#0
                                                                                                         DEVICE | 0x70f2e9fcb0 | 0100 | RGBA_8888    |    0.0    0.0 1080.0  107.0 |    0    0 1080  107 | StatusBar$_1338#0
                                                                                                         DEVICE | 0x70f2ea5590 | 0100 | RGBA_8888    |    0.0    0.0   67.0  342.0 | 1013  418 1080  760 | com.samsung.android.app.cocktailbars[...]arservice.CocktailBarService$_5568#0
                                                                                                         DEVICE | 0x70f2e7cd90 | 0100 | RGBA_8888    |    0.0    0.0 1080.0  126.0 |    0 2154 1080 2280 | NavigationBar0$_1338#0
                                                                                                         DEVICE | 0x70f2e9f830 | 0100 | RGBA_8888    |    0.0    0.0 1080.0  107.0 |    0 2173 1080 2280 | ScreenDecorOverlayBottom$_1338#0
2026-03-18 17:23:33.672   582-582   SurfaceFlinger          surfaceflinger                       D  Display 0 HWC layers:
                                                                                                         DEVICE | 0x70f2e9f710 | 0100 | RGBA_8888    |    0.0    0.0 1080.0 2280.0 |    0    0 1080 2280 | com.example.mamunbingoapp/com.example.mamunbingoapp.MainActivity$_25186#0
                                                                                                         DEVICE | 0x70f2e9fcb0 | 0100 | RGBA_8888    |    0.0    0.0 1080.0  107.0 |    0    0 1080  107 | StatusBar$_1338#0
                                                                                                         DEVICE | 0x70f2ea5590 | 0100 | RGBA_8888    |    0.0    0.0   67.0  342.0 | 1013  418 1080  760 | com.samsung.android.app.cocktailbars[...]arservice.CocktailBarService$_5568#0
                                                                                                         DEVICE | 0x70f2e7cd90 | 0100 | RGBA_8888    |    0.0    0.0 1080.0  126.0 |    0 2154 1080 2280 | NavigationBar0$_1338#0
2026-03-18 17:23:33.713   674-23799 CameraServ...oxyWrapper cameraserver                         I  updateProxyDeviceState: notifyCameraState for Camera ID 0, newState 3, facing 0, clientName com.example.mamunbingoapp, apiLevel 2
2026-03-18 17:23:33.716   674-23799 CameraService           cameraserver                         I  finishCameraOps: Finish camera ops, package name = com.example.mamunbingoapp, client UID = 10340
2026-03-18 17:23:33.718   999-9274  CameraManagerGlobal     system_server                        I  Camera 0 facing CAMERA_FACING_BACK state now CAMERA_STATE_CLOSED for client com.example.mamunbingoapp API Level 2
2026-03-18 17:23:33.719 25186-25395 CameraManagerGlobal     com.example.mamunbingoapp            I  postSingleUpdate device: camera id 0 status STATUS_PRESENT
2026-03-18 17:23:33.720 25186-25395 CameraManagerGlobal     com.example.mamunbingoapp            I  postSingleUpdate device: camera id 0 status STATUS_PRESENT
2026-03-18 17:23:33.720  2771-19910 CameraManagerGlobal     com.sec.android.sdhms                I  Camera 0 facing CAMERA_FACING_BACK state now CAMERA_STATE_CLOSED for client com.example.mamunbingoapp API Level 2
2026-03-18 17:23:33.720 25186-25286 Camera2PresenceSrc      com.example.mamunbingoapp            D  System onCameraAvailable: 0
2026-03-18 17:23:33.720 25186-25395 CameraManagerGlobal     com.example.mamunbingoapp            I  postSingleUpdate device: camera id 0 status STATUS_PRESENT
2026-03-18 17:23:33.721 25186-25395 CameraManagerGlobal     com.example.mamunbingoapp            I  postSingleUpdate device: camera id 0 status STATUS_PRESENT
2026-03-18 17:23:33.721  9583-9597  CameraManagerGlobal     com....android.googlequicksearchbox  I  Camera 0 facing CAMERA_FACING_BACK state now CAMERA_STATE_CLOSED for client com.example.mamunbingoapp API Level 2
2026-03-18 17:23:33.721 25186-25395 CameraManagerGlobal     com.example.mamunbingoapp            I  postSingleUpdate device: camera id 0 status STATUS_PRESENT
2026-03-18 17:23:33.722 18071-20280 CameraManagerGlobal     com....android.googlequicksearchbox  I  Camera 0 facing CAMERA_FACING_BACK state now CAMERA_STATE_CLOSED for client com.example.mamunbingoapp API Level 2
2026-03-18 17:23:33.722 25186-25395 CameraManagerGlobal     com.example.mamunbingoapp            I  Camera 0 facing CAMERA_FACING_BACK state now CAMERA_STATE_CLOSED for client com.example.mamunbingoapp API Level 2
2026-03-18 17:23:33.723 25186-25286 Camera2PresenceSrc      com.example.mamunbingoapp            D  [FetchData] Refreshed camera list: CameraIdentifier{cameraIds=0}, CameraIdentifier{cameraIds=1}, CameraIdentifier{cameraIds=2}, CameraIdentifier{cameraIds=3}
2026-03-18 17:23:33.723 23043-23056 CameraManagerGlobal     com...sung.android.vtcamerasettings  I  Camera 0 facing CAMERA_FACING_BACK state now CAMERA_STATE_CLOSED for client com.example.mamunbingoapp API Level 2
2026-03-18 17:23:33.726  1338-1363  CameraManagerGlobal     com.android.systemui                 I  Camera 0 facing CAMERA_FACING_BACK state now CAMERA_STATE_CLOSED for client com.example.mamunbingoapp API Level 2
2026-03-18 17:23:33.726 25186-25287 DeferrableSurface       com.example.mamunbingoapp            D  use count-1,  useCount=0 closed=true androidx.camera.core.SurfaceRequest$2@e3afd10
2026-03-18 17:23:33.726 25186-25287 DeferrableSurface       com.example.mamunbingoapp            D  Surface no longer in use[total_surfaces=2, used_surfaces=1](androidx.camera.core.SurfaceRequest$2@e3afd10}
2026-03-18 17:23:33.726 25186-25287 DeferrableSurface       com.example.mamunbingoapp            D  Surface terminated[total_surfaces=1, used_surfaces=1](androidx.camera.core.SurfaceRequest$2@e3afd10}
2026-03-18 17:23:33.727 25186-25287 DeferrableSurface       com.example.mamunbingoapp            D  use count-1,  useCount=0 closed=true androidx.camera.core.impl.ImmediateSurface@f3fb11a
2026-03-18 17:23:33.727 25186-25287 DeferrableSurface       com.example.mamunbingoapp            D  Surface no longer in use[total_surfaces=1, used_surfaces=0](androidx.camera.core.impl.ImmediateSurface@f3fb11a}
2026-03-18 17:23:33.727 25186-25287 DeferrableSurface       com.example.mamunbingoapp            D  Surface terminated[total_surfaces=0, used_surfaces=0](androidx.camera.core.impl.ImmediateSurface@f3fb11a}
2026-03-18 17:23:33.728 25186-25186 SurfaceViewImpl         com.example.mamunbingoapp            D  Safe to release surface.
2026-03-18 17:23:33.729 25186-25287 Camera2CameraImpl       com.example.mamunbingoapp            D  {Camera@e92516f[id=0]} CameraDevice.onClosed()
2026-03-18 17:23:33.730 25186-25287 Camera2CameraImpl       com.example.mamunbingoapp            D  {Camera@e92516f[id=0]} Transitioning camera internal state: CLOSING --> INITIALIZED
2026-03-18 17:23:33.733 25186-25287 CameraStateRegistry     com.example.mamunbingoapp            D  Recalculating open cameras:
                                                                                                    Camera                                       State                 
                                                                                                    -------------------------------------------------------------------
                                                                                                    Camera@64388b9[id=2]                         UNKNOWN               
                                                                                                    Camera@8eaf726[id=1]                         UNKNOWN               
                                                                                                    Camera@e92516f[id=0]                         CLOSED                
                                                                                                    Camera@40af775[id=3]                         UNKNOWN               
                                                                                                    -------------------------------------------------------------------
                                                                                                    Open count: 0 (Max allowed: 1)
2026-03-18 17:23:33.734 25186-25287 CameraStateMachine      com.example.mamunbingoapp            D  New public camera state CameraState{type=CLOSED, error=null} from CLOSED and null
2026-03-18 17:23:33.734 25186-25287 CameraStateMachine      com.example.mamunbingoapp            D  Publishing new public camera state CameraState{type=CLOSED, error=null}
2026-03-18 17:23:33.734 25186-25287 SyncCaptureSessionImpl  com.example.mamunbingoapp            D  [androidx.camera.camera2.internal.SynchronizedCaptureSessionImpl@12d68a0] onClosed()
2026-03-18 17:23:33.939   999-1036  WindowManager           system_server                        D  rotationForOrientation, orientationSource=ActivityRecord{ef57a89 u0 com.example.mamunbingoapp/.MainActivity t442}
2026-03-18 17:23:33.959   999-1036  WindowManager           system_server                        D  rotationForOrientation, orientationSource=ActivityRecord{ef57a89 u0 com.example.mamunbingoapp/.MainActivity t442}
2026-03-18 17:23:34.043   999-1036  WindowManager           system_server                        D  rotationForOrientation, orientationSource=ActivityRecord{ef57a89 u0 com.example.mamunbingoapp/.MainActivity t442}
2026-03-18 17:23:34.259   999-1036  WindowManager           system_server                        D  rotationForOrientation, orientationSource=ActivityRecord{ef57a89 u0 com.example.mamunbingoapp/.MainActivity t442}
2026-03-18 17:23:34.321   999-1036  WindowManager           system_server                        D  rotationForOrientation, orientationSource=ActivityRecord{ef57a89 u0 com.example.mamunbingoapp/.MainActivity t442}
2026-03-18 17:23:34.439   999-1036  WindowManager           system_server                        D  rotationForOrientation, orientationSource=ActivityRecord{ef57a89 u0 com.example.mamunbingoapp/.MainActivity t442}
2026-03-18 17:23:34.479   999-1036  WindowManager           system_server                        D  rotationForOrientation, orientationSource=ActivityRecord{ef57a89 u0 com.example.mamunbingoapp/.MainActivity t442}
2026-03-18 17:23:34.538   999-1036  WindowManager           system_server                        D  rotationForOrientation, orientationSource=ActivityRecord{ef57a89 u0 com.example.mamunbingoapp/.MainActivity t442}
2026-03-18 17:23:37.881   999-1036  WindowManager           system_server                        D  rotationForOrientation, orientationSource=ActivityRecord{ef57a89 u0 com.example.mamunbingoapp/.MainActivity t442}
2026-03-18 17:23:38.559   999-1036  WindowManager           system_server                        D  rotationForOrientation, orientationSource=ActivityRecord{ef57a89 u0 com.example.mamunbingoapp/.MainActivity t442}
2026-03-18 17:23:38.598   999-1036  WindowManager           system_server                        D  rotationForOrientation, orientationSource=ActivityRecord{ef57a89 u0 com.example.mamunbingoapp/.MainActivity t442}
2026-03-18 17:23:38.660   999-1036  WindowManager           system_server                        D  rotationForOrientation, orientationSource=ActivityRecord{ef57a89 u0 com.example.mamunbingoapp/.MainActivity t442}
2026-03-18 17:23:38.893 25186-25186 ViewRootIm...nActivity] com.example.mamunbingoapp            I  ViewPostIme key 0
2026-03-18 17:23:38.920 25186-25186 ViewRootIm...nActivity] com.example.mamunbingoapp            I  ViewPostIme key 1
2026-03-18 17:23:38.921 25186-25186 ManualEntry             com.example.mamunbingoapp            D  discard dialog shown
2026-03-18 17:23:38.936 25186-25186 ManualEntry             com.example.mamunbingoapp            D  ManualEntryScreen composed, scannedNumbers.size=25
2026-03-18 17:23:38.936 25186-25186 ManualEntry             com.example.mamunbingoapp            D  Manual Entry open: source=null, total count=25, first 10 values=[7, 14, 4, 13, 9, 30, 19, 17, 16, 27]
2026-03-18 17:23:38.947 25186-25186 Dialog                  com.example.mamunbingoapp            I  mIsDeviceDefault = false, mIsSamsungBasicInteraction = false, isMetaDataInActivity = false
2026-03-18 17:23:38.951 25186-25186 DecorView               com.example.mamunbingoapp            I  [INFO] isPopOver=false, config=false
2026-03-18 17:23:38.951 25186-25186 DecorView               com.example.mamunbingoapp            I  updateCaptionType >> DecorView@97af07d[], isFloating=true, isApplication=true, hasWindowControllerCallback=false, hasWindowDecorCaption=false
2026-03-18 17:23:38.951 25186-25186 DecorView               com.example.mamunbingoapp            D  setCaptionType = 0, this = DecorView@97af07d[]
2026-03-18 17:23:38.958   999-1036  WindowManager           system_server                        D  rotationForOrientation, orientationSource=ActivityRecord{ef57a89 u0 com.example.mamunbingoapp/.MainActivity t442}
2026-03-18 17:23:38.971   582-676   SurfaceFlinger          surfaceflinger                       I  id=38968 createSurf (0x0),-1 flag=80004, 232f514 com.example.mamunbingoapp/com.example.mamunbingoapp.MainActivity#0
2026-03-18 17:23:38.972   999-7149  WindowManager           system_server                        V  Changing focus from Window{3677e50 u0 com.example.mamunbingoapp/com.example.mamunbingoapp.MainActivity} to Window{232f514 u0 com.example.mamunbingoapp/com.example.mamunbingoapp.MainActivity} displayId=0 Callers=com.android.server.wm.RootWindowContainer.updateFocusedWindowLocked:583 com.android.server.wm.WindowManagerService.updateFocusedWindowLocked:6497 com.android.server.wm.WindowManagerService.addWindow:2050 com.android.server.wm.Session.addToDisplayAsUser:211 
2026-03-18 17:23:38.972   999-7149  MARsPolicyManager       system_server                        D  onPackageResumedFG pkgName = com.example.mamunbingoapp, userId = 0
2026-03-18 17:23:38.975 25186-25186 ViewRootIm...nActivity] com.example.mamunbingoapp            I  setView = com.android.internal.policy.DecorView@97af07d TM=true
2026-03-18 17:23:38.976 25186-25186 DecorView               com.example.mamunbingoapp            I  notifyKeepScreenOnChanged: keepScreenOn=false
2026-03-18 17:23:38.976   999-1036  WindowManager           system_server                        D  rotationForOrientation, orientationSource=ActivityRecord{ef57a89 u0 com.example.mamunbingoapp/.MainActivity t442}
2026-03-18 17:23:39.000   999-7149  WindowManager           system_server                        V  Relayout Window{232f514 u0 com.example.mamunbingoapp/com.example.mamunbingoapp.MainActivity}: viewVisibility=0 req=1079x2045 d0
2026-03-18 17:23:39.001   582-676   SurfaceFlinger          surfaceflinger                       I  id=38971 createSurf (169x169),-3 flag=40004, com.example.mamunbingoapp/com.example.mamunbingoapp.MainActivity$_25186#1
2026-03-18 17:23:39.001   999-7149  WindowManager           system_server                        D  makeSurface duration=0 name=com.example.mamunbingoapp/com.example.mamunbingoapp.MainActivity$_25186
2026-03-18 17:23:39.003 25186-25202 ViewRootIm...nActivity] com.example.mamunbingoapp            I  Resizing android.view.ViewRootImpl@e48ec2e: frame=[0,108][1079,2153] reportDraw=true forceLayout=false backDropFrame=Rect(0, 0 - 1079, 2045)
2026-03-18 17:23:39.006 25186-25186 InsetsSourceConsumer    com.example.mamunbingoapp            D  ensureControlAlpha: for ITYPE_NAVIGATION_BAR on com.example.mamunbingoapp/com.example.mamunbingoapp.MainActivity
2026-03-18 17:23:39.008 25186-25186 InsetsSourceConsumer    com.example.mamunbingoapp            D  ensureControlAlpha: for ITYPE_STATUS_BAR on com.example.mamunbingoapp/com.example.mamunbingoapp.MainActivity
2026-03-18 17:23:39.009 25186-25186 ViewRootIm...nActivity] com.example.mamunbingoapp            I  Relayout returned: old=(0,107,1080,2154) new=(0,108,1079,2153) req=(1079,2045)0 dur=4 res=0x7 s={true 539545001952} ch=true fn=-1
2026-03-18 17:23:39.010 25186-25212 OpenGLRenderer          com.example.mamunbingoapp            D  eglCreateWindowSurface
2026-03-18 17:23:39.013 25186-25186 DecorView               com.example.mamunbingoapp            I  notifyKeepScreenOnChanged: keepScreenOn=false
2026-03-18 17:23:39.014 25186-25186 ViewRootIm...nActivity] com.example.mamunbingoapp            I  [DP] dp(1) 1 android.view.ViewRootImpl.reportNextDraw:11442 android.view.ViewRootImpl.performTraversals:4198 android.view.ViewRootImpl.doTraversal:2924 
2026-03-18 17:23:39.014 25186-25186 ViewRootIm...nActivity] com.example.mamunbingoapp            D  Creating frameDrawingCallback nextDrawUseBlastSync=false reportNextDraw=true hasBlurUpdates=false
2026-03-18 17:23:39.014 25186-25186 ViewRootIm...nActivity] com.example.mamunbingoapp            D  Creating frameCompleteCallback
2026-03-18 17:23:39.017   999-1036  WindowManager           system_server                        D  rotationForOrientation, orientationSource=ActivityRecord{ef57a89 u0 com.example.mamunbingoapp/.MainActivity t442}
2026-03-18 17:23:39.018 25186-25251 ViewRootIm...nActivity] com.example.mamunbingoapp            D  Received frameDrawingCallback frameNum=1. Creating transactionCompleteCallback=false
2026-03-18 17:23:39.020   999-7149  InputDispatcher         system_server                        D  Focus request (0): 232f514 com.example.mamunbingoapp/com.example.mamunbingoapp.MainActivity but waiting because NOT_VISIBLE
2026-03-18 17:23:39.020   999-7149  InputDispatcher         system_server                        D  Focus left window (0): 3677e50 com.example.mamunbingoapp/com.example.mamunbingoapp.MainActivity
2026-03-18 17:23:39.020 25186-25212 ViewRootIm...nActivity] com.example.mamunbingoapp            D  Received frameCompleteCallback  lastAcquiredFrameNum=1 lastAttemptedDrawFrameNum=1
2026-03-18 17:23:39.021 25186-25186 ViewRootIm...nActivity] com.example.mamunbingoapp            I  [DP] pdf(0) 1 android.view.ViewRootImpl.lambda$addFrameCompleteCallbackIfNeeded$3$ViewRootImpl:5000 android.view.ViewRootImpl$$ExternalSyntheticLambda16.run:6 android.os.Handler.handleCallback:938 
2026-03-18 17:23:39.021 25186-25186 ViewRootIm...nActivity] com.example.mamunbingoapp            I  [DP] rdf()
2026-03-18 17:23:39.021 25186-25186 ViewRootIm...nActivity] com.example.mamunbingoapp            D  reportDrawFinished (fn: -1) 
2026-03-18 17:23:39.021   999-7149  WindowManager           system_server                        D  finishDrawingWindow: Window{232f514 u0 com.example.mamunbingoapp/com.example.mamunbingoapp.MainActivity} mDrawState=DRAW_PENDING
2026-03-18 17:23:39.026   999-1039  WindowManager           system_server                        I  Reparenting to leash, surface=Surface(name=232f514 com.example.mamunbingoapp/com.example.mamunbingoapp.MainActivity)/@0x76fd2ac, leashParent=Surface(name=ActivityRecord{ef57a89 u0 com.example.mamunbingoapp/.MainActivity t442})/@0x9ad2d4
2026-03-18 17:23:39.026   582-2003  SurfaceFlinger          surfaceflinger                       I  id=38972 createSurf (0x0),-1 flag=24004, Surface(name=232f514 com.example.mamunbingoapp/com.example.mamunbingoapp.MainActivity)/@0x76fd2ac - animation-leash of window_animation#0
2026-03-18 17:23:39.027 25186-25186 DecorView               com.example.mamunbingoapp            I  notifyKeepScreenOnChanged: keepScreenOn=false
2026-03-18 17:23:39.027   999-1039  WindowManager           system_server                        D  makeSurface duration=1 leash=Surface(name=Surface(name=232f514 com.example.mamunbingoapp/com.example.mamunbingoapp.MainActivity)/@0x76fd2ac - animation-leash of window_animation)/@0x9d54b75
2026-03-18 17:23:39.029   999-7149  WindowManager           system_server                        V  Relayout Window{232f514 u0 com.example.mamunbingoapp/com.example.mamunbingoapp.MainActivity}: viewVisibility=0 req=1079x2045 d0
2026-03-18 17:23:39.032 25186-25186 ViewRootIm...nActivity] com.example.mamunbingoapp            I  Relayout returned: old=(0,108,1079,2153) new=(0,108,1079,2153) req=(1079,2045)0 dur=3 res=0x1 s={true 539545001952} ch=false fn=2
2026-03-18 17:23:39.032 25186-25186 ViewRootIm...nActivity] com.example.mamunbingoapp            I  handleResized, msg = 5 frames=ClientWindowFrames{frame=[0,108][1079,2153] display=[0,107][1080,2154] backdrop=[0,0][1079,2045]} forceNextWindowRelayout=false displayId=0 frameChanged=false backdropFrameChanged=true configChanged=false displayChanged=false mNextDrawUseBlastSync=false mergedConfiguration={mGlobalConfig={1.1 ?mcc?mnc [en_GB] ldltr sw411dp w411dp h779dp 420dpi nrml long port finger -keyb/v/h -nav/h winConfig={ mBounds=Rect(0, 0 - 1080, 2280) mAppBounds=Rect(0, 107 - 1080, 2154) mMaxBounds=Rect(0, 0 - 1080, 2280) mWindowingMode=fullscreen mDisplayWindowingMode=fullscreen mActivityType=undefined mAlwaysOnTop=undefined mRotation=ROTATION_0 mPopOver=off mFreeformTaskPinningState=unpinned} s.5221 fontWeightAdjustment=0 ff=0 bf=0 bts=0 desktop/d dm/n dc/d ?dcui ?dcaf enb/d themeSeq=0} mOverrideConfig={1.1 ?mcc?mnc [en_GB] ldltr sw411dp w411dp h779dp 420dpi nrml long port finger -keyb/v/h -nav/h winConfig={ mBounds=Rect(0, 0 - 1080, 2280) mAppBounds=Rect(0, 107 - 1080, 2154) mMaxBounds=Rect(0, 0 - 1080, 2280) mWindowingMode=fullscreen mDisplayWindowingMode=fullscreen mActivityType=standard mAlwaysOnTop=undefined mRotation=ROTATION_0 mPopOver=off mFreeformTaskPinningState=unpinned} s.1 fontWeightAdjustment=0 ff=0 bf=0 bts=0 desktop/d dm/n dc/d ?dcui ?dcaf enb/d themeSeq=0}}
2026-03-18 17:23:39.032 25186-25186 ViewRootIm...nActivity] com.example.mamunbingoapp            I  [DP] dp(1) 1 android.view.ViewRootImpl.reportNextDraw:11442 android.view.ViewRootImpl.handleResized:2235 android.view.ViewRootImpl.access$1200:303 
2026-03-18 17:23:39.032 25186-25186 ViewRootIm...nActivity] com.example.mamunbingoapp            I  MSG_WINDOW_FOCUS_CHANGED 0 1
2026-03-18 17:23:39.037 25186-25186 ViewRootIm...nActivity] com.example.mamunbingoapp            D  Creating frameDrawingCallback nextDrawUseBlastSync=false reportNextDraw=true hasBlurUpdates=false
2026-03-18 17:23:39.037 25186-25186 ViewRootIm...nActivity] com.example.mamunbingoapp            D  Creating frameCompleteCallback
2026-03-18 17:23:39.038 25186-25252 ViewRootIm...nActivity] com.example.mamunbingoapp            D  Received frameDrawingCallback frameNum=2. Creating transactionCompleteCallback=false
2026-03-18 17:23:39.039   999-7149  InputDispatcher         system_server                        D  Focus entered window (0): 232f514 com.example.mamunbingoapp/com.example.mamunbingoapp.MainActivity
2026-03-18 17:23:39.040 25186-25212 ViewRootIm...nActivity] com.example.mamunbingoapp            D  Received frameCompleteCallback  lastAcquiredFrameNum=2 lastAttemptedDrawFrameNum=2
2026-03-18 17:23:39.041 25186-25186 ViewRootIm...nActivity] com.example.mamunbingoapp            I  [DP] pdf(0) 1 android.view.ViewRootImpl.lambda$addFrameCompleteCallbackIfNeeded$3$ViewRootImpl:5000 android.view.ViewRootImpl$$ExternalSyntheticLambda16.run:6 android.os.Handler.handleCallback:938 
2026-03-18 17:23:39.041 25186-25186 ViewRootIm...nActivity] com.example.mamunbingoapp            I  [DP] rdf()
2026-03-18 17:23:39.041 25186-25186 ViewRootIm...nActivity] com.example.mamunbingoapp            D  reportDrawFinished (fn: 2) 
2026-03-18 17:23:39.041 25186-25186 ViewRootIm...nActivity] com.example.mamunbingoapp            I  MSG_WINDOW_FOCUS_CHANGED 1 1
2026-03-18 17:23:39.041   999-7149  WindowManager           system_server                        D  finishDrawingWindow: Window{232f514 u0 com.example.mamunbingoapp/com.example.mamunbingoapp.MainActivity} mDrawState=HAS_DRAWN
2026-03-18 17:23:39.043 25186-25186 InputMethodManager      com.example.mamunbingoapp            D  startInputInner - Id : 0
2026-03-18 17:23:39.043 25186-25186 InputMethodManager      com.example.mamunbingoapp            I  startInputInner - mService.startInputOrWindowGainedFocus
2026-03-18 17:23:39.075   582-582   SurfaceFlinger          surfaceflinger                       D  Display 0 HWC layers:
                                                                                                         DEVICE | 0x70f2e9f710 | 0100 | RGBA_8888    |    0.0    0.0 1080.0 2280.0 |    0    0 1080 2280 | com.example.mamunbingoapp/com.example.mamunbingoapp.MainActivity$_25186#0
                                                                                                     SOLID_COLOR |              | 0000 |  Unknown  |    0.0    0.0    0.0    0.0 |    0    0 1080 2280 | Dim Layer for - Task=442#0
                                                                                                         DEVICE | 0x70f2e914f0 | 0100 | RGBA_8888    |   84.0    0.0 1164.0 2213.0 |    0   24 1080 2237 | com.example.mamunbingoapp/com.example.mamunbingoapp.MainActivity$_25186#1
                                                                                                         DEVICE | 0x70f2ea4a50 | 0100 | RGBA_8888    |    0.0    0.0 1080.0  107.0 |    0    0 1080  107 | StatusBar$_1338#0
                                                                                                         DEVICE | 0x70f2ea5590 | 0100 | RGBA_8888    |    0.0    0.0   67.0  342.0 | 1013  418 1080  760 | com.samsung.android.app.cocktailbars[...]arservice.CocktailBarService$_5568#0
                                                                                                         DEVICE | 0x70f2e9b5d0 | 0100 | RGBA_8888    |    0.0    0.0 1080.0  126.0 |    0 2154 1080 2280 | NavigationBar0$_1338#0
2026-03-18 17:23:39.187   999-1039  WindowManager           system_server                        I  Reparenting to original parent: Surface(name=ActivityRecord{ef57a89 u0 com.example.mamunbingoapp/.MainActivity t442})/@0x9ad2d4, destroy=true, surface=Surface(name=232f514 com.example.mamunbingoapp/com.example.mamunbingoapp.MainActivity)/@0x76fd2ac
2026-03-18 17:23:39.204   582-582   Layer                   surfaceflinger                       I  id=38972 removeFromCurrentState Surface(name=232f514 com.example.mamunbingoapp/com.example.mamunbingoapp.MainActivity)/@0x76fd2ac - animation-leash of window_animation#0 (115)
2026-03-18 17:23:39.204   582-582   SurfaceFlinger          surfaceflinger                       I  id=38972 Removed Surface(name=232f514 com.example.mamunbingoapp/com.example.mamunbingoapp.MainActivity)/@0x76fd2ac - animation-leash of window_animation#0 (115)
2026-03-18 17:23:39.205   582-582   Layer                   surfaceflinger                       I  id=38972 Destroyed Surface(name=232f514 com.example.mamunbingoapp/com.example.mamunbingoapp.MainActivity)/@0x76fd2ac - animation-leash of window_animation#0
2026-03-18 17:23:39.237   999-1036  WindowManager           system_server                        D  rotationForOrientation, orientationSource=ActivityRecord{ef57a89 u0 com.example.mamunbingoapp/.MainActivity t442}
2026-03-18 17:23:39.378   999-1036  WindowManager           system_server                        D  rotationForOrientation, orientationSource=ActivityRecord{ef57a89 u0 com.example.mamunbingoapp/.MainActivity t442}
