2026-03-18 17:23:28.029 25186-25357 tflite                  com.example.mamunbingoapp            I  Replacing 44 out of 46 node(s) with delegate (TfLiteXNNPackDelegate) node, yielding 3 partitions for the whole graph.
2026-03-18 17:23:28.036 25186-25357 tflite                  com.example.mamunbingoapp            I  Replacing 44 out of 46 node(s) with delegate (TfLiteXNNPackDelegate) node, yielding 3 partitions for the whole graph.
2026-03-18 17:23:28.053 25186-25357 tflite                  com.example.mamunbingoapp            I  Replacing 44 out of 46 node(s) with delegate (TfLiteXNNPackDelegate) node, yielding 3 partitions for the whole graph.
2026-03-18 17:23:28.057 25186-25357 tflite                  com.example.mamunbingoapp            I  Replacing 44 out of 46 node(s) with delegate (TfLiteXNNPackDelegate) node, yielding 3 partitions for the whole graph.
2026-03-18 17:23:28.160 25186-25350 PipelineManager         com.example.mamunbingoapp            D  OCR process succeeded via visionkit pipeline.
2026-03-18 17:23:28.165   999-5844  SGM:GameManager         system_server                        D  identifyGamePackage. com.example.mamunbingoapp, mCurrentUserId: 0, callerUserId: 0, callingMethodInfo: com.android.server.ssrm.SortingMachine.isGame(SortingMachine.java:162)
2026-03-18 17:23:28.165   999-5844  SGM:PkgDataHelper       system_server                        D  getGamePkgData(). com.example.mamunbingoapp
2026-03-18 17:23:28.197 25186-25288 TransportR...EventStore com.example.mamunbingoapp            D  Storing event with priority=VERY_LOW, name=FIREBASE_ML_SDK for destination cct
2026-03-18 17:23:28.211 25186-25288 TransportR...oScheduler com.example.mamunbingoapp            D  Upload for context TransportContext(cct, VERY_LOW, MSRodHRwczovL2ZpcmViYXNlbG9nZ2luZy5nb29nbGVhcGlzLmNvbS92MGNjL2xvZy9iYXRjaD9mb3JtYXQ9anNvbl9wcm90bzNc) is already scheduled. Returning...
2026-03-18 17:23:28.215 25186-25389 PipelineManager         com.example.mamunbingoapp            D  Start process YUV
2026-03-18 17:23:28.220 25186-25288 TransportR...EventStore com.example.mamunbingoapp            D  Storing event with priority=VERY_LOW, name=FIREBASE_ML_SDK for destination cct
2026-03-18 17:23:28.225 25186-25288 TransportR...oScheduler com.example.mamunbingoapp            D  Upload for context TransportContext(cct, VERY_LOW, MSRodHRwczovL2ZpcmViYXNlbG9nZ2luZy5nb29nbGVhcGlzLmNvbS92MGNjL2xvZy9iYXRjaD9mb3JtYXQ9anNvbl9wcm90bzNc) is already scheduled. Returning...
2026-03-18 17:23:28.361 25186-25389 PipelineManager         com.example.mamunbingoapp            D  OCR process succeeded via visionkit pipeline.
2026-03-18 17:23:28.387 25186-25390 PipelineManager         com.example.mamunbingoapp            D  Start process YUV
2026-03-18 17:23:28.523 25186-25390 PipelineManager         com.example.mamunbingoapp            D  OCR process succeeded via visionkit pipeline.
2026-03-18 17:23:28.541 25186-25391 PipelineManager         com.example.mamunbingoapp            D  Start process YUV
2026-03-18 17:23:28.667 25186-25391 PipelineManager         com.example.mamunbingoapp            D  OCR process succeeded via visionkit pipeline.
2026-03-18 17:23:28.688 25186-25392 PipelineManager         com.example.mamunbingoapp            D  Start process YUV
2026-03-18 17:23:28.901 25186-25392 PipelineManager         com.example.mamunbingoapp            D  OCR process succeeded via visionkit pipeline.
2026-03-18 17:23:28.932 25186-25394 PipelineManager         com.example.mamunbingoapp            D  Start process YUV
2026-03-18 17:23:29.117 25186-25394 PipelineManager         com.example.mamunbingoapp            D  OCR process succeeded via visionkit pipeline.
2026-03-18 17:23:29.149 25186-25396 PipelineManager         com.example.mamunbingoapp            D  Start process YUV
2026-03-18 17:23:29.354 25186-25396 PipelineManager         com.example.mamunbingoapp            D  OCR process succeeded via visionkit pipeline.
2026-03-18 17:23:29.382 25186-25292 PipelineManager         com.example.mamunbingoapp            D  Start process YUV
2026-03-18 17:23:29.590 25186-25292 PipelineManager         com.example.mamunbingoapp            D  OCR process succeeded via visionkit pipeline.
2026-03-18 17:23:29.616 25186-25350 PipelineManager         com.example.mamunbingoapp            D  Start process YUV
2026-03-18 17:23:29.650 25186-25186 InsetsSourceConsumer    com.example.mamunbingoapp            D  ensureControlAlpha: for ITYPE_STATUS_BAR on com.example.mamunbingoapp/com.example.mamunbingoapp.MainActivity
2026-03-18 17:23:29.857 25186-25350 PipelineManager         com.example.mamunbingoapp            D  OCR process succeeded via visionkit pipeline.
2026-03-18 17:23:29.880 25186-25389 PipelineManager         com.example.mamunbingoapp            D  Start process YUV
2026-03-18 17:23:30.132 25186-25389 PipelineManager         com.example.mamunbingoapp            D  OCR process succeeded via visionkit pipeline.
2026-03-18 17:23:30.159 25186-25390 PipelineManager         com.example.mamunbingoapp            D  Start process YUV
2026-03-18 17:23:30.325 25186-25390 PipelineManager         com.example.mamunbingoapp            D  OCR process succeeded via visionkit pipeline.
2026-03-18 17:23:30.347 25186-25391 PipelineManager         com.example.mamunbingoapp            D  Start process YUV
2026-03-18 17:23:30.457 25186-25186 ViewRootIm...nActivity] com.example.mamunbingoapp            I  ViewPostIme pointer 0
2026-03-18 17:23:30.507 25186-25186 ViewRootIm...nActivity] com.example.mamunbingoapp            I  ViewPostIme pointer 1
2026-03-18 17:23:30.509 25186-25186 BingoOrientation        com.example.mamunbingoapp            D  raw numeric candidates: 15
2026-03-18 17:23:30.510 25186-25186 BingoOrientation        com.example.mamunbingoapp            D  after broad ticket-local filtering: 15
2026-03-18 17:23:30.511 25186-25186 BingoOrientation        com.example.mamunbingoapp            D  headerAnchorSpatial=none headerTopScore=0 headerBottomScore=0
2026-03-18 17:23:30.511 25186-25186 BingoOrientation        com.example.mamunbingoapp            D  headerAnchor=none
2026-03-18 17:23:30.511 25186-25186 BingoOrientation        com.example.mamunbingoapp            D  local axis vectors: col=(0.13303904, 0.9911108) row=(-0.9911108, 0.13303904) center=(283.13333, 364.93332)
2026-03-18 17:23:30.511 25186-25186 BingoOrientation        com.example.mamunbingoapp            D  shared assignment used: true
2026-03-18 17:23:30.511 25186-25186 BingoOrientation        com.example.mamunbingoapp            D  orientation applied in normalization: true
2026-03-18 17:23:30.512 25186-25186 BingoOrientation        com.example.mamunbingoapp            D  tested orientation: 0
2026-03-18 17:23:30.517 25186-25186 BingoOrientation        com.example.mamunbingoapp            D  norm[0] raw=(185.5,354.0) u/v=(0.30,0.93) canonical=(0.30,0.93) value=4
2026-03-18 17:23:30.522 25186-25186 BingoOrientation        com.example.mamunbingoapp            D  norm[1] raw=(185.5,276.0) u/v=(0.00,0.87) canonical=(0.00,0.87) value=7
2026-03-18 17:23:30.526 25186-25186 BingoOrientation        com.example.mamunbingoapp            D  norm[2] raw=(184.5,438.0) u/v=(0.62,1.00) canonical=(0.62,1.00) value=9
2026-03-18 17:23:30.531 25186-25186 BingoOrientation        com.example.mamunbingoapp            D  norm[3] raw=(222.0,354.0) u/v=(0.32,0.72) canonical=(0.32,0.72) value=17
2026-03-18 17:23:30.535 25186-25186 BingoOrientation        com.example.mamunbingoapp            D  norm[4] raw=(259.0,315.5) u/v=(0.19,0.48) canonical=(0.19,0.48) value=32
2026-03-18 17:23:30.540 25186-25186 BingoOrientation        com.example.mamunbingoapp            D  norm[5] raw=(305.0,397.5) u/v=(0.53,0.28) canonical=(0.53,0.28) value=50
2026-03-18 17:23:30.541 25186-25391 PipelineManager         com.example.mamunbingoapp            D  OCR process succeeded via visionkit pipeline.
2026-03-18 17:23:30.543 25186-25186 BingoOrientation        com.example.mamunbingoapp            D  norm[6] raw=(300.5,275.0) u/v=(0.06,0.22) canonical=(0.06,0.22) value=52
2026-03-18 17:23:30.547 25186-25186 BingoOrientation        com.example.mamunbingoapp            D  norm[7] raw=(300.5,315.5) u/v=(0.21,0.25) canonical=(0.21,0.25) value=54
2026-03-18 17:23:30.550 25186-25186 BingoOrientation        com.example.mamunbingoapp            D  norm[8] raw=(305.5,439.5) u/v=(0.69,0.31) canonical=(0.69,0.31) value=55
2026-03-18 17:23:30.553 25186-25186 BingoOrientation        com.example.mamunbingoapp            D  norm[9] raw=(344.0,398.5) u/v=(0.55,0.06) canonical=(0.55,0.06) value=61
2026-03-18 17:23:30.555 25186-25186 BingoOrientation        com.example.mamunbingoapp            D  projected B-column row values before dedupe: 7@0.87, 4@0.93
2026-03-18 17:23:30.555 25186-25186 BingoOrientation        com.example.mamunbingoapp            D  projected B-column row values after dedupe: 7@0.87, 4@0.93
2026-03-18 17:23:30.557 25186-25186 BingoOrientation        com.example.mamunbingoapp            D  tested orientation: 90
2026-03-18 17:23:30.560 25186-25186 BingoOrientation        com.example.mamunbingoapp            D  norm[0] raw=(185.5,354.0) u/v=(0.93,0.70) canonical=(0.70,0.07) value=4
2026-03-18 17:23:30.562 25186-25186 BingoOrientation        com.example.mamunbingoapp            D  norm[1] raw=(185.5,276.0) u/v=(0.87,1.00) canonical=(1.00,0.13) value=7
2026-03-18 17:23:30.564 25186-25186 BingoOrientation        com.example.mamunbingoapp            D  norm[2] raw=(184.5,438.0) u/v=(1.00,0.38) canonical=(0.38,0.00) value=9
2026-03-18 17:23:30.566 25186-25186 BingoOrientation        com.example.mamunbingoapp            D  norm[3] raw=(222.0,354.0) u/v=(0.72,0.68) canonical=(0.68,0.28) value=17
2026-03-18 17:23:30.569 25186-25186 BingoOrientation        com.example.mamunbingoapp            D  norm[4] raw=(259.0,315.5) u/v=(0.48,0.81) canonical=(0.81,0.52) value=32
2026-03-18 17:23:30.571 25186-25186 BingoOrientation        com.example.mamunbingoapp            D  norm[5] raw=(305.0,397.5) u/v=(0.28,0.47) canonical=(0.47,0.72) value=50
2026-03-18 17:23:30.573 25186-25186 BingoOrientation        com.example.mamunbingoapp            D  norm[6] raw=(300.5,275.0) u/v=(0.22,0.94) canonical=(0.94,0.78) value=52
2026-03-18 17:23:30.575 25186-25186 BingoOrientation        com.example.mamunbingoapp            D  norm[7] raw=(300.5,315.5) u/v=(0.25,0.79) canonical=(0.79,0.75) value=54
2026-03-18 17:23:30.577 25186-25186 BingoOrientation        com.example.mamunbingoapp            D  norm[8] raw=(305.5,439.5) u/v=(0.31,0.31) canonical=(0.31,0.69) value=55
2026-03-18 17:23:30.578 25186-25186 BingoOrientation        com.example.mamunbingoapp            D  norm[9] raw=(344.0,398.5) u/v=(0.06,0.45) canonical=(0.45,0.94) value=61
2026-03-18 17:23:30.579 25186-25186 BingoOrientation        com.example.mamunbingoapp            D  tested orientation: 180
2026-03-18 17:23:30.581 25186-25186 BingoOrientation        com.example.mamunbingoapp            D  norm[0] raw=(185.5,354.0) u/v=(0.70,0.07) canonical=(0.30,0.93) value=4
2026-03-18 17:23:30.582 25186-25186 BingoOrientation        com.example.mamunbingoapp            D  norm[1] raw=(185.5,276.0) u/v=(1.00,0.13) canonical=(0.00,0.87) value=7
2026-03-18 17:23:30.583 25186-25186 BingoOrientation        com.example.mamunbingoapp            D  norm[2] raw=(184.5,438.0) u/v=(0.38,0.00) canonical=(0.62,1.00) value=9
2026-03-18 17:23:30.585 25186-25186 BingoOrientation        com.example.mamunbingoapp            D  norm[3] raw=(222.0,354.0) u/v=(0.68,0.28) canonical=(0.32,0.72) value=17
2026-03-18 17:23:30.586 25186-25186 BingoOrientation        com.example.mamunbingoapp            D  norm[4] raw=(259.0,315.5) u/v=(0.81,0.52) canonical=(0.19,0.48) value=32
2026-03-18 17:23:30.587 25186-25186 BingoOrientation        com.example.mamunbingoapp            D  norm[5] raw=(305.0,397.5) u/v=(0.47,0.72) canonical=(0.53,0.28) value=50
2026-03-18 17:23:30.588 25186-25186 BingoOrientation        com.example.mamunbingoapp            D  norm[6] raw=(300.5,275.0) u/v=(0.94,0.78) canonical=(0.06,0.22) value=52
2026-03-18 17:23:30.589 25186-25186 BingoOrientation        com.example.mamunbingoapp            D  norm[7] raw=(300.5,315.5) u/v=(0.79,0.75) canonical=(0.21,0.25) value=54
2026-03-18 17:23:30.590 25186-25186 BingoOrientation        com.example.mamunbingoapp            D  norm[8] raw=(305.5,439.5) u/v=(0.31,0.69) canonical=(0.69,0.31) value=55
2026-03-18 17:23:30.591 25186-25186 BingoOrientation        com.example.mamunbingoapp            D  norm[9] raw=(344.0,398.5) u/v=(0.45,0.94) canonical=(0.55,0.06) value=61
2026-03-18 17:23:30.592 25186-25186 BingoOrientation        com.example.mamunbingoapp            D  tested orientation: 270
2026-03-18 17:23:30.593 25186-25186 BingoOrientation        com.example.mamunbingoapp            D  norm[0] raw=(185.5,354.0) u/v=(0.07,0.30) canonical=(0.70,0.07) value=4
2026-03-18 17:23:30.594 25186-25186 BingoOrientation        com.example.mamunbingoapp            D  norm[1] raw=(185.5,276.0) u/v=(0.13,0.00) canonical=(1.00,0.13) value=7
2026-03-18 17:23:30.595 25186-25186 BingoOrientation        com.example.mamunbingoapp            D  norm[2] raw=(184.5,438.0) u/v=(0.00,0.62) canonical=(0.38,0.00) value=9
2026-03-18 17:23:30.596 25186-25186 BingoOrientation        com.example.mamunbingoapp            D  norm[3] raw=(222.0,354.0) u/v=(0.28,0.32) canonical=(0.68,0.28) value=17
2026-03-18 17:23:30.597 25186-25186 BingoOrientation        com.example.mamunbingoapp            D  norm[4] raw=(259.0,315.5) u/v=(0.52,0.19) canonical=(0.81,0.52) value=32
2026-03-18 17:23:30.598 25186-25186 BingoOrientation        com.example.mamunbingoapp            D  norm[5] raw=(305.0,397.5) u/v=(0.72,0.53) canonical=(0.47,0.72) value=50
2026-03-18 17:23:30.599 25186-25186 BingoOrientation        com.example.mamunbingoapp            D  norm[6] raw=(300.5,275.0) u/v=(0.78,0.06) canonical=(0.94,0.78) value=52
2026-03-18 17:23:30.599 25186-25186 BingoOrientation        com.example.mamunbingoapp            D  norm[7] raw=(300.5,315.5) u/v=(0.75,0.21) canonical=(0.79,0.75) value=54
2026-03-18 17:23:30.600 25186-25186 BingoOrientation        com.example.mamunbingoapp            D  norm[8] raw=(305.5,439.5) u/v=(0.69,0.69) canonical=(0.31,0.69) value=55
2026-03-18 17:23:30.601 25186-25186 BingoOrientation        com.example.mamunbingoapp            D  norm[9] raw=(344.0,398.5) u/v=(0.94,0.55) canonical=(0.45,0.94) value=61
2026-03-18 17:23:30.601 25186-25186 BingoOrientation        com.example.mamunbingoapp            D  header tokens found: using number band (no letter OCR); top band count=6
2026-03-18 17:23:30.602 25186-25186 BingoOrientation        com.example.mamunbingoapp            D  header band: topBandY=337.25 candidates in top band=6
2026-03-18 17:23:30.602 25186-25186 BingoOrientation        com.example.mamunbingoapp            D  raw numeric candidates: 11
2026-03-18 17:23:30.602 25186-25186 BingoOrientation        com.example.mamunbingoapp            D  after broad ticket-local filtering: 11
2026-03-18 17:23:30.602 25186-25186 BingoOrientation        com.example.mamunbingoapp            D  headerAnchorSpatial=none headerTopScore=0 headerBottomScore=0
2026-03-18 17:23:30.602 25186-25186 BingoOrientation        com.example.mamunbingoapp            D  headerAnchor=none
2026-03-18 17:23:30.602 25186-25186 BingoOrientation        com.example.mamunbingoapp            D  local axis vectors: col=(0.5903889, 0.8071189) row=(-0.8071189, 0.5903889) center=(277.22726, 392.68182)
2026-03-18 17:23:30.602 25186-25186 BingoOrientation        com.example.mamunbingoapp            D  shared assignment used: true
2026-03-18 17:23:30.602 25186-25186 BingoOrientation        com.example.mamunbingoapp            D  orientation applied in normalization: true
2026-03-18 17:23:30.602 25186-25186 BingoOrientation        com.example.mamunbingoapp            D  tested orientation: 0
2026-03-18 17:23:30.603 25186-25186 BingoOrientation        com.example.mamunbingoapp            D  norm[0] raw=(190.0,352.5) u/v=(0.24,0.74) canonical=(0.24,0.74) value=4
2026-03-18 17:23:30.604 25186-25186 BingoOrientation        com.example.mamunbingoapp            D  norm[1] raw=(239.5,493.0) u/v=(0.80,1.00) canonical=(0.80,1.00) value=6
2026-03-18 17:23:30.605 25186-25186 BingoOrientation        com.example.mamunbingoapp            D  norm[2] raw=(188.5,276.5) u/v=(0.00,0.48) canonical=(0.00,0.48) value=7
2026-03-18 17:23:30.605 25186-25186 BingoOrientation        com.example.mamunbingoapp            D  norm[3] raw=(185.0,312.5) u/v=(0.10,0.63) canonical=(0.10,0.63) value=14
2026-03-18 17:23:30.606 25186-25186 BingoOrientation        com.example.mamunbingoapp            D  norm[4] raw=(306.0,352.5) u/v=(0.51,0.18) canonical=(0.51,0.18) value=48
2026-03-18 17:23:30.607 25186-25186 BingoOrientation        com.example.mamunbingoapp            D  norm[5] raw=(304.5,394.0) u/v=(0.63,0.34) canonical=(0.63,0.34) value=50
2026-03-18 17:23:30.608 25186-25186 BingoOrientation        com.example.mamunbingoapp            D  norm[6] raw=(307.5,436.0) u/v=(0.77,0.47) canonical=(0.77,0.47) value=55
2026-03-18 17:23:30.608 25186-25186 BingoOrientation        com.example.mamunbingoapp            D  norm[7] raw=(344.5,394.0) u/v=(0.73,0.14) canonical=(0.73,0.14) value=61
2026-03-18 17:23:30.609 25186-25186 BingoOrientation        com.example.mamunbingoapp            D  norm[8] raw=(348.0,436.0) u/v=(0.87,0.28) canonical=(0.87,0.28) value=62
2026-03-18 17:23:30.610 25186-25186 BingoOrientation        com.example.mamunbingoapp            D  norm[9] raw=(292.0,520.0) u/v=(1.00,0.84) canonical=(1.00,0.84) value=66
2026-03-18 17:23:30.611 25186-25186 BingoOrientation        com.example.mamunbingoapp            D  projected B-column row values before dedupe: 7@0.48, 14@0.63, 4@0.74
2026-03-18 17:23:30.611 25186-25186 BingoOrientation        com.example.mamunbingoapp            D  projected B-column row values after dedupe: 7@0.48, 14@0.63, 4@0.74
2026-03-18 17:23:30.611 25186-25186 BingoOrientation        com.example.mamunbingoapp            D  tested orientation: 90
2026-03-18 17:23:30.612 25186-25186 BingoOrientation        com.example.mamunbingoapp            D  norm[0] raw=(190.0,352.5) u/v=(0.74,0.76) canonical=(0.76,0.26) value=4
2026-03-18 17:23:30.613 25186-25186 BingoOrientation        com.example.mamunbingoapp            D  norm[1] raw=(239.5,493.0) u/v=(1.00,0.20) canonical=(0.20,0.00) value=6
2026-03-18 17:23:30.614 25186-25186 BingoOrientation        com.example.mamunbingoapp            D  norm[2] raw=(188.5,276.5) u/v=(0.48,1.00) canonical=(1.00,0.52) value=7
2026-03-18 17:23:30.615 25186-25186 BingoOrientation        com.example.mamunbingoapp            D  norm[3] raw=(185.0,312.5) u/v=(0.63,0.90) canonical=(0.90,0.37) value=14
2026-03-18 17:23:30.616 25186-25186 BingoOrientation        com.example.mamunbingoapp            D  norm[4] raw=(306.0,352.5) u/v=(0.18,0.49) canonical=(0.49,0.82) value=48
2026-03-18 17:23:30.616 25186-25186 BingoOrientation        com.example.mamunbingoapp            D  norm[5] raw=(304.5,394.0) u/v=(0.34,0.37) canonical=(0.37,0.66) value=50
2026-03-18 17:23:30.617 25186-25186 BingoOrientation        com.example.mamunbingoapp            D  norm[6] raw=(307.5,436.0) u/v=(0.47,0.23) canonical=(0.23,0.53) value=55
2026-03-18 17:23:30.618 25186-25186 BingoOrientation        com.example.mamunbingoapp            D  norm[7] raw=(344.5,394.0) u/v=(0.14,0.27) canonical=(0.27,0.86) value=61
2026-03-18 17:23:30.619 25186-25186 BingoOrientation        com.example.mamunbingoapp            D  norm[8] raw=(348.0,436.0) u/v=(0.28,0.13) canonical=(0.13,0.72) value=62
2026-03-18 17:23:30.620 25186-25186 BingoOrientation        com.example.mamunbingoapp            D  norm[9] raw=(292.0,520.0) u/v=(0.84,0.00) canonical=(0.00,0.16) value=66
2026-03-18 17:23:30.620 25186-25186 BingoOrientation        com.example.mamunbingoapp            D  tested orientation: 180
2026-03-18 17:23:30.621 25186-25186 BingoOrientation        com.example.mamunbingoapp            D  norm[0] raw=(190.0,352.5) u/v=(0.76,0.26) canonical=(0.24,0.74) value=4
2026-03-18 17:23:30.622 25186-25186 BingoOrientation        com.example.mamunbingoapp            D  norm[1] raw=(239.5,493.0) u/v=(0.20,0.00) canonical=(0.80,1.00) value=6
2026-03-18 17:23:30.623 25186-25186 BingoOrientation        com.example.mamunbingoapp            D  norm[2] raw=(188.5,276.5) u/v=(1.00,0.52) canonical=(0.00,0.48) value=7
2026-03-18 17:23:30.623 25186-25186 BingoOrientation        com.example.mamunbingoapp            D  norm[3] raw=(185.0,312.5) u/v=(0.90,0.37) canonical=(0.10,0.63) value=14
2026-03-18 17:23:30.624 25186-25186 BingoOrientation        com.example.mamunbingoapp            D  norm[4] raw=(306.0,352.5) u/v=(0.49,0.82) canonical=(0.51,0.18) value=48
2026-03-18 17:23:30.625 25186-25186 BingoOrientation        com.example.mamunbingoapp            D  norm[5] raw=(304.5,394.0) u/v=(0.37,0.66) canonical=(0.63,0.34) value=50
2026-03-18 17:23:30.626 25186-25186 BingoOrientation        com.example.mamunbingoapp            D  norm[6] raw=(307.5,436.0) u/v=(0.23,0.53) canonical=(0.77,0.47) value=55
2026-03-18 17:23:30.627 25186-25186 BingoOrientation        com.example.mamunbingoapp            D  norm[7] raw=(344.5,394.0) u/v=(0.27,0.86) canonical=(0.73,0.14) value=61
2026-03-18 17:23:30.627 25186-25186 BingoOrientation        com.example.mamunbingoapp            D  norm[8] raw=(348.0,436.0) u/v=(0.13,0.72) canonical=(0.87,0.28) value=62
2026-03-18 17:23:30.628 25186-25186 BingoOrientation        com.example.mamunbingoapp            D  norm[9] raw=(292.0,520.0) u/v=(0.00,0.16) canonical=(1.00,0.84) value=66
2026-03-18 17:23:30.629 25186-25186 BingoOrientation        com.example.mamunbingoapp            D  tested orientation: 270
2026-03-18 17:23:30.629 25186-25186 BingoOrientation        com.example.mamunbingoapp            D  norm[0] raw=(190.0,352.5) u/v=(0.26,0.24) canonical=(0.76,0.26) value=4
2026-03-18 17:23:30.630 25186-25196 e.mamunbingoap          com.example.mamunbingoapp            I  Compiler allocated 4248KB to compile java.util.List com.example.mamunbingoapp.scanner.BingoNumberAnalyzer.parseCapturedTicketVariantsInternal(java.util.List, float, float, float, float, java.lang.String, boolean)
2026-03-18 17:23:30.630 25186-25186 BingoOrientation        com.example.mamunbingoapp            D  norm[1] raw=(239.5,493.0) u/v=(0.00,0.80) canonical=(0.20,0.00) value=6
2026-03-18 17:23:30.631 25186-25186 BingoOrientation        com.example.mamunbingoapp            D  norm[2] raw=(188.5,276.5) u/v=(0.52,0.00) canonical=(1.00,0.52) value=7
2026-03-18 17:23:30.632 25186-25186 BingoOrientation        com.example.mamunbingoapp            D  norm[3] raw=(185.0,312.5) u/v=(0.37,0.10) canonical=(0.90,0.37) value=14
2026-03-18 17:23:30.633 25186-25186 BingoOrientation        com.example.mamunbingoapp            D  norm[4] raw=(306.0,352.5) u/v=(0.82,0.51) canonical=(0.49,0.82) value=48
2026-03-18 17:23:30.634 25186-25186 BingoOrientation        com.example.mamunbingoapp            D  norm[5] raw=(304.5,394.0) u/v=(0.66,0.63) canonical=(0.37,0.66) value=50
2026-03-18 17:23:30.634 25186-25186 BingoOrientation        com.example.mamunbingoapp            D  norm[6] raw=(307.5,436.0) u/v=(0.53,0.77) canonical=(0.23,0.53) value=55
2026-03-18 17:23:30.635 25186-25186 BingoOrientation        com.example.mamunbingoapp            D  norm[7] raw=(344.5,394.0) u/v=(0.86,0.73) canonical=(0.27,0.86) value=61
2026-03-18 17:23:30.636 25186-25186 BingoOrientation        com.example.mamunbingoapp            D  norm[8] raw=(348.0,436.0) u/v=(0.72,0.87) canonical=(0.13,0.72) value=62
2026-03-18 17:23:30.637 25186-25186 BingoOrientation        com.example.mamunbingoapp            D  norm[9] raw=(292.0,520.0) u/v=(0.16,1.00) canonical=(0.00,0.16) value=66
2026-03-18 17:23:30.637 25186-25186 BingoOrientation        com.example.mamunbingoapp            D  header tokens found: using number band (no letter OCR); top band count=2
2026-03-18 17:23:30.637 25186-25186 BingoOrientation        com.example.mamunbingoapp            D  header band: topBandY=337.375 candidates in top band=2
2026-03-18 17:23:30.637 25186-25186 BingoOrientation        com.example.mamunbingoapp            D  raw numeric candidates: 15
2026-03-18 17:23:30.637 25186-25186 BingoOrientation        com.example.mamunbingoapp            D  after broad ticket-local filtering: 15
2026-03-18 17:23:30.638 25186-25186 BingoOrientation        com.example.mamunbingoapp            D  headerAnchorSpatial=none headerTopScore=0 headerBottomScore=0
2026-03-18 17:23:30.638 25186-25186 BingoOrientation        com.example.mamunbingoapp            D  headerAnchor=none
2026-03-18 17:23:30.638 25186-25186 BingoOrientation        com.example.mamunbingoapp            D  local axis vectors: col=(0.2576594, 0.9662358) row=(-0.9662358, 0.2576594) center=(286.26666, 360.2)
2026-03-18 17:23:30.638 25186-25186 BingoOrientation        com.example.mamunbingoapp            D  shared assignment used: true
2026-03-18 17:23:30.638 25186-25186 BingoOrientation        com.example.mamunbingoapp            D  orientation applied in normalization: true
2026-03-18 17:23:30.638 25186-25186 BingoOrientation        com.example.mamunbingoapp            D  tested orientation: 0
2026-03-18 17:23:30.639 25186-25186 BingoOrientation        com.example.mamunbingoapp            D  norm[0] raw=(190.5,352.5) u/v=(0.28,1.00) canonical=(0.28,1.00) value=4
2026-03-18 17:23:30.640 25186-25186 BingoOrientation        com.example.mamunbingoapp            D  norm[1] raw=(245.0,493.5) u/v=(0.86,0.90) canonical=(0.86,0.90) value=6
2026-03-18 17:23:30.640 25186-25186 BingoOrientation        com.example.mamunbingoapp            D  norm[2] raw=(192.5,276.0) u/v=(0.00,0.87) canonical=(0.00,0.87) value=7
2026-03-18 17:23:30.641 25186-25186 BingoOrientation        com.example.mamunbingoapp            D  norm[3] raw=(189.0,314.0) u/v=(0.14,0.95) canonical=(0.14,0.95) value=14
2026-03-18 17:23:30.642 25186-25186 BingoOrientation        com.example.mamunbingoapp            D  norm[4] raw=(229.5,275.0) u/v=(0.03,0.66) canonical=(0.03,0.66) value=30
2026-03-18 17:23:30.642 25186-25186 BingoOrientation        com.example.mamunbingoapp            D  norm[5] raw=(308.0,391.0) u/v=(0.54,0.38) canonical=(0.54,0.38) value=50
2026-03-18 17:23:30.643 25186-25186 BingoOrientation        com.example.mamunbingoapp            D  norm[6] raw=(305.5,274.0) u/v=(0.10,0.22) canonical=(0.10,0.22) value=52
2026-03-18 17:23:30.644 25186-25186 BingoOrientation        com.example.mamunbingoapp            D  norm[7] raw=(304.5,311.5) u/v=(0.24,0.28) canonical=(0.24,0.28) value=54
2026-03-18 17:23:30.645 25186-25186 BingoOrientation        com.example.mamunbingoapp            D  norm[8] raw=(310.5,434.5) u/v=(0.71,0.44) canonical=(0.71,0.44) value=55
2026-03-18 17:23:30.645 25186-25186 BingoOrientation        com.example.mamunbingoapp            D  norm[9] raw=(343.5,391.0) u/v=(0.58,0.18) canonical=(0.58,0.18) value=61
2026-03-18 17:23:30.646 25186-25186 BingoOrientation        com.example.mamunbingoapp            D  projected B-column row values before dedupe: 7@0.87, 14@0.95, 4@1.00
2026-03-18 17:23:30.646 25186-25186 BingoOrientation        com.example.mamunbingoapp            D  projected B-column row values after dedupe: 7@0.87, 14@0.95, 4@1.00
2026-03-18 17:23:30.646 25186-25186 BingoOrientation        com.example.mamunbingoapp            D  tested orientation: 90
2026-03-18 17:23:30.647 25186-25186 BingoOrientation        com.example.mamunbingoapp            D  norm[0] raw=(190.5,352.5) u/v=(1.00,0.72) canonical=(0.72,0.00) value=4
2026-03-18 17:23:30.648 25186-25186 BingoOrientation        com.example.mamunbingoapp            D  norm[1] raw=(245.0,493.5) u/v=(0.90,0.14) canonical=(0.14,0.10) value=6
2026-03-18 17:23:30.649 25186-25186 BingoOrientation        com.example.mamunbingoapp            D  norm[2] raw=(192.5,276.0) u/v=(0.87,1.00) canonical=(1.00,0.13) value=7
2026-03-18 17:23:30.649 25186-25186 BingoOrientation        com.example.mamunbingoapp            D  norm[3] raw=(189.0,314.0) u/v=(0.95,0.86) canonical=(0.86,0.05) value=14
2026-03-18 17:23:30.650 25186-25186 BingoOrientation        com.example.mamunbingoapp            D  norm[4] raw=(229.5,275.0) u/v=(0.66,0.97) canonical=(0.97,0.34) value=30
2026-03-18 17:23:30.651 25186-25186 BingoOrientation        com.example.mamunbingoapp            D  norm[5] raw=(308.0,391.0) u/v=(0.38,0.46) canonical=(0.46,0.62) value=50
2026-03-18 17:23:30.651 25186-25186 BingoOrientation        com.example.mamunbingoapp            D  norm[6] raw=(305.5,274.0) u/v=(0.22,0.90) canonical=(0.90,0.78) value=52
2026-03-18 17:23:30.652 25186-25186 BingoOrientation        com.example.mamunbingoapp            D  norm[7] raw=(304.5,311.5) u/v=(0.28,0.76) canonical=(0.76,0.72) value=54
2026-03-18 17:23:30.653 25186-25186 BingoOrientation        com.example.mamunbingoapp            D  norm[8] raw=(310.5,434.5) u/v=(0.44,0.29) canonical=(0.29,0.56) value=55
2026-03-18 17:23:30.654 25186-25186 BingoOrientation        com.example.mamunbingoapp            D  norm[9] raw=(343.5,391.0) u/v=(0.18,0.42) canonical=(0.42,0.82) value=61
2026-03-18 17:23:30.654 25186-25186 BingoOrientation        com.example.mamunbingoapp            D  tested orientation: 180
2026-03-18 17:23:30.655 25186-25186 BingoOrientation        com.example.mamunbingoapp            D  norm[0] raw=(190.5,352.5) u/v=(0.72,0.00) canonical=(0.28,1.00) value=4
2026-03-18 17:23:30.655 25186-25186 BingoOrientation        com.example.mamunbingoapp            D  norm[1] raw=(245.0,493.5) u/v=(0.14,0.10) canonical=(0.86,0.90) value=6
2026-03-18 17:23:30.656 25186-25186 BingoOrientation        com.example.mamunbingoapp            D  norm[2] raw=(192.5,276.0) u/v=(1.00,0.13) canonical=(0.00,0.87) value=7
2026-03-18 17:23:30.657 25186-25186 BingoOrientation        com.example.mamunbingoapp            D  norm[3] raw=(189.0,314.0) u/v=(0.86,0.05) canonical=(0.14,0.95) value=14
2026-03-18 17:23:30.658 25186-25186 BingoOrientation        com.example.mamunbingoapp            D  norm[4] raw=(229.5,275.0) u/v=(0.97,0.34) canonical=(0.03,0.66) value=30
2026-03-18 17:23:30.658 25186-25186 BingoOrientation        com.example.mamunbingoapp            D  norm[5] raw=(308.0,391.0) u/v=(0.46,0.62) canonical=(0.54,0.38) value=50
2026-03-18 17:23:30.659 25186-25186 BingoOrientation        com.example.mamunbingoapp            D  norm[6] raw=(305.5,274.0) u/v=(0.90,0.78) canonical=(0.10,0.22) value=52
2026-03-18 17:23:30.660 25186-25186 BingoOrientation        com.example.mamunbingoapp            D  norm[7] raw=(304.5,311.5) u/v=(0.76,0.72) canonical=(0.24,0.28) value=54
2026-03-18 17:23:30.660 25186-25186 BingoOrientation        com.example.mamunbingoapp            D  norm[8] raw=(310.5,434.5) u/v=(0.29,0.56) canonical=(0.71,0.44) value=55
2026-03-18 17:23:30.661 25186-25186 BingoOrientation        com.example.mamunbingoapp            D  norm[9] raw=(343.5,391.0) u/v=(0.42,0.82) canonical=(0.58,0.18) value=61
2026-03-18 17:23:30.661 25186-25186 BingoOrientation        com.example.mamunbingoapp            D  tested orientation: 270
2026-03-18 17:23:30.662 25186-25186 BingoOrientation        com.example.mamunbingoapp            D  norm[0] raw=(190.5,352.5) u/v=(0.00,0.28) canonical=(0.72,0.00) value=4
2026-03-18 17:23:30.663 25186-25186 BingoOrientation        com.example.mamunbingoapp            D  norm[1] raw=(245.0,493.5) u/v=(0.10,0.86) canonical=(0.14,0.10) value=6
2026-03-18 17:23:30.663 25186-25186 BingoOrientation        com.example.mamunbingoapp            D  norm[2] raw=(192.5,276.0) u/v=(0.13,0.00) canonical=(1.00,0.13) value=7
2026-03-18 17:23:30.664 25186-25186 BingoOrientation        com.example.mamunbingoapp            D  norm[3] raw=(189.0,314.0) u/v=(0.05,0.14) canonical=(0.86,0.05) value=14
2026-03-18 17:23:30.665 25186-25186 BingoOrientation        com.example.mamunbingoapp            D  norm[4] raw=(229.5,275.0) u/v=(0.34,0.03) canonical=(0.97,0.34) value=30
2026-03-18 17:23:30.666 25186-25186 BingoOrientation        com.example.mamunbingoapp            D  norm[5] raw=(308.0,391.0) u/v=(0.62,0.54) canonical=(0.46,0.62) value=50
2026-03-18 17:23:30.666 25186-25186 BingoOrientation        com.example.mamunbingoapp            D  norm[6] raw=(305.5,274.0) u/v=(0.78,0.10) canonical=(0.90,0.78) value=52
2026-03-18 17:23:30.667 25186-25186 BingoOrientation        com.example.mamunbingoapp            D  norm[7] raw=(304.5,311.5) u/v=(0.72,0.24) canonical=(0.76,0.72) value=54
2026-03-18 17:23:30.668 25186-25186 BingoOrientation        com.example.mamunbingoapp            D  norm[8] raw=(310.5,434.5) u/v=(0.56,0.71) canonical=(0.29,0.56) value=55
2026-03-18 17:23:30.669 25186-25186 BingoOrientation        com.example.mamunbingoapp            D  norm[9] raw=(343.5,391.0) u/v=(0.82,0.58) canonical=(0.42,0.82) value=61
2026-03-18 17:23:30.669 25186-25186 BingoOrientation        com.example.mamunbingoapp            D  header tokens found: using number band (no letter OCR); top band count=7
2026-03-18 17:23:30.669 25186-25186 BingoOrientation        com.example.mamunbingoapp            D  header band: topBandY=334.375 candidates in top band=7
2026-03-18 17:23:30.669 25186-25186 BingoOrientation        com.example.mamunbingoapp            D  raw numeric candidates: 7
2026-03-18 17:23:30.669 25186-25186 BingoOrientation        com.example.mamunbingoapp            D  raw numeric candidates: 12
2026-03-18 17:23:30.669 25186-25186 BingoOrientation        com.example.mamunbingoapp            D  after broad ticket-local filtering: 12
2026-03-18 17:23:30.669 25186-25186 BingoOrientation        com.example.mamunbingoapp            D  headerAnchorSpatial=none headerTopScore=0 headerBottomScore=0
2026-03-18 17:23:30.669 25186-25186 BingoOrientation        com.example.mamunbingoapp            D  headerAnchor=none
2026-03-18 17:23:30.669 25186-25186 BingoOrientation        com.example.mamunbingoapp            D  local axis vectors: col=(0.3005844, 0.9537552) row=(-0.9537552, 0.3005844) center=(255.125, 389.75)
2026-03-18 17:23:30.669 25186-25186 BingoOrientation        com.example.mamunbingoapp            D  shared assignment used: true
2026-03-18 17:23:30.669 25186-25186 BingoOrientation        com.example.mamunbingoapp            D  orientation applied in normalization: true
2026-03-18 17:23:30.669 25186-25186 BingoOrientation        com.example.mamunbingoapp            D  tested orientation: 0
2026-03-18 17:23:30.670 25186-25186 BingoOrientation        com.example.mamunbingoapp            D  norm[0] raw=(191.0,356.5) u/v=(0.28,0.83) canonical=(0.28,0.83) value=4
2026-03-18 17:23:30.671 25186-25186 BingoOrientation        com.example.mamunbingoapp            D  norm[1] raw=(244.0,496.0) u/v=(0.85,0.78) canonical=(0.85,0.78) value=6
2026-03-18 17:23:30.672 25186-25186 BingoOrientation        com.example.mamunbingoapp            D  norm[2] raw=(193.5,279.5) u/v=(0.00,0.69) canonical=(0.00,0.69) value=7
2026-03-18 17:23:30.672 25186-25186 BingoOrientation        com.example.mamunbingoapp            D  norm[3] raw=(186.0,440.0) u/v=(0.58,1.00) canonical=(0.58,1.00) value=9
2026-03-18 17:23:30.673 25186-25186 BingoOrientation        com.example.mamunbingoapp            D  norm[4] raw=(227.5,356.5) u/v=(0.32,0.64) canonical=(0.32,0.64) value=17
2026-03-18 17:23:30.674 25186-25186 BingoOrientation        com.example.mamunbingoapp            D  norm[5] raw=(226.5,439.0) u/v=(0.62,0.78) canonical=(0.62,0.78) value=27
2026-03-18 17:23:30.674 25186-25186 BingoOrientation        com.example.mamunbingoapp            D  norm[6] raw=(229.5,278.5) u/v=(0.04,0.49) canonical=(0.04,0.49) value=30
2026-03-18 17:23:30.675 25186-25186 BingoOrientation        com.example.mamunbingoapp            D  norm[7] raw=(265.5,278.0) u/v=(0.08,0.30) canonical=(0.08,0.30) value=34
2026-03-18 17:23:30.676 25186-25186 BingoOrientation        com.example.mamunbingoapp            D  norm[8] raw=(309.0,438.0) u/v=(0.71,0.34) canonical=(0.71,0.34) value=55
2026-03-18 17:23:30.677 25186-25186 BingoOrientation        com.example.mamunbingoapp            D  norm[9] raw=(348.0,437.5) u/v=(0.76,0.13) canonical=(0.76,0.13) value=62
2026-03-18 17:23:30.677 25186-25186 BingoOrientation        com.example.mamunbingoapp            D  projected B-column row values before dedupe: 7@0.69, 4@0.83
2026-03-18 17:23:30.677 25186-25186 BingoOrientation        com.example.mamunbingoapp            D  projected B-column row values after dedupe: 7@0.69, 4@0.83
2026-03-18 17:23:30.678 25186-25186 BingoOrientation        com.example.mamunbingoapp            D  tested orientation: 90
2026-03-18 17:23:30.679 25186-25186 BingoOrientation        com.example.mamunbingoapp            D  norm[0] raw=(191.0,356.5) u/v=(0.83,0.72) canonical=(0.72,0.17) value=4
2026-03-18 17:23:30.680 25186-25186 BingoOrientation        com.example.mamunbingoapp            D  norm[1] raw=(244.0,496.0) u/v=(0.78,0.15) canonical=(0.15,0.22) value=6
2026-03-18 17:23:30.680 25186-25186 BingoOrientation        com.example.mamunbingoapp            D  norm[2] raw=(193.5,279.5) u/v=(0.69,1.00) canonical=(1.00,0.31) value=7
2026-03-18 17:23:30.681 25186-25186 BingoOrientation        com.example.mamunbingoapp            D  norm[3] raw=(186.0,440.0) u/v=(1.00,0.42) canonical=(0.42,0.00) value=9
2026-03-18 17:23:30.682 25186-25186 BingoOrientation        com.example.mamunbingoapp            D  norm[4] raw=(227.5,356.5) u/v=(0.64,0.68) canonical=(0.68,0.36) value=17
2026-03-18 17:23:30.683 25186-25186 BingoOrientation        com.example.mamunbingoapp            D  norm[5] raw=(226.5,439.0) u/v=(0.78,0.38) canonical=(0.38,0.22) value=27
2026-03-18 17:23:30.684 25186-25186 BingoOrientation        com.example.mamunbingoapp            D  norm[6] raw=(229.5,278.5) u/v=(0.49,0.96) canonical=(0.96,0.51) value=30
2026-03-18 17:23:30.685 25186-25186 BingoOrientation        com.example.mamunbingoapp            D  norm[7] raw=(265.5,278.0) u/v=(0.30,0.92) canonical=(0.92,0.70) value=34
2026-03-18 17:23:30.685 25186-25186 BingoOrientation        com.example.mamunbingoapp            D  norm[8] raw=(309.0,438.0) u/v=(0.34,0.29) canonical=(0.29,0.66) value=55
2026-03-18 17:23:30.686 25186-25186 BingoOrientation        com.example.mamunbingoapp            D  norm[9] raw=(348.0,437.5) u/v=(0.13,0.24) canonical=(0.24,0.87) value=62
2026-03-18 17:23:30.687 25186-25186 BingoOrientation        com.example.mamunbingoapp            D  tested orientation: 180
2026-03-18 17:23:30.689 25186-25186 BingoOrientation        com.example.mamunbingoapp            D  norm[0] raw=(191.0,356.5) u/v=(0.72,0.17) canonical=(0.28,0.83) value=4
2026-03-18 17:23:30.690 25186-25186 BingoOrientation        com.example.mamunbingoapp            D  norm[1] raw=(244.0,496.0) u/v=(0.15,0.22) canonical=(0.85,0.78) value=6
2026-03-18 17:23:30.691 25186-25186 BingoOrientation        com.example.mamunbingoapp            D  norm[2] raw=(193.5,279.5) u/v=(1.00,0.31) canonical=(0.00,0.69) value=7
2026-03-18 17:23:30.691 25186-25186 BingoOrientation        com.example.mamunbingoapp            D  norm[3] raw=(186.0,440.0) u/v=(0.42,0.00) canonical=(0.58,1.00) value=9
2026-03-18 17:23:30.692 25186-25186 BingoOrientation        com.example.mamunbingoapp            D  norm[4] raw=(227.5,356.5) u/v=(0.68,0.36) canonical=(0.32,0.64) value=17
2026-03-18 17:23:30.693 25186-25186 BingoOrientation        com.example.mamunbingoapp            D  norm[5] raw=(226.5,439.0) u/v=(0.38,0.22) canonical=(0.62,0.78) value=27
2026-03-18 17:23:30.694 25186-25186 BingoOrientation        com.example.mamunbingoapp            D  norm[6] raw=(229.5,278.5) u/v=(0.96,0.51) canonical=(0.04,0.49) value=30
2026-03-18 17:23:30.695 25186-25186 BingoOrientation        com.example.mamunbingoapp            D  norm[7] raw=(265.5,278.0) u/v=(0.92,0.70) canonical=(0.08,0.30) value=34
2026-03-18 17:23:30.695 25186-25186 BingoOrientation        com.example.mamunbingoapp            D  norm[8] raw=(309.0,438.0) u/v=(0.29,0.66) canonical=(0.71,0.34) value=55
2026-03-18 17:23:30.696 25186-25186 BingoOrientation        com.example.mamunbingoapp            D  norm[9] raw=(348.0,437.5) u/v=(0.24,0.87) canonical=(0.76,0.13) value=62
2026-03-18 17:23:30.696 25186-25186 BingoOrientation        com.example.mamunbingoapp            D  tested orientation: 270
2026-03-18 17:23:30.697 25186-25186 BingoOrientation        com.example.mamunbingoapp            D  norm[0] raw=(191.0,356.5) u/v=(0.17,0.28) canonical=(0.72,0.17) value=4
2026-03-18 17:23:30.698 25186-25186 BingoOrientation        com.example.mamunbingoapp            D  norm[1] raw=(244.0,496.0) u/v=(0.22,0.85) canonical=(0.15,0.22) value=6
2026-03-18 17:23:30.698 25186-25186 BingoOrientation        com.example.mamunbingoapp            D  norm[2] raw=(193.5,279.5) u/v=(0.31,0.00) canonical=(1.00,0.31) value=7
2026-03-18 17:23:30.699 25186-25186 BingoOrientation        com.example.mamunbingoapp            D  norm[3] raw=(186.0,440.0) u/v=(0.00,0.58) canonical=(0.42,0.00) value=9
2026-03-18 17:23:30.700 25186-25186 BingoOrientation        com.example.mamunbingoapp            D  norm[4] raw=(227.5,356.5) u/v=(0.36,0.32) canonical=(0.68,0.36) value=17
2026-03-18 17:23:30.701 25186-25186 BingoOrientation        com.example.mamunbingoapp            D  norm[5] raw=(226.5,439.0) u/v=(0.22,0.62) canonical=(0.38,0.22) value=27
2026-03-18 17:23:30.701 25186-25186 BingoOrientation        com.example.mamunbingoapp            D  norm[6] raw=(229.5,278.5) u/v=(0.51,0.04) canonical=(0.96,0.51) value=30
2026-03-18 17:23:30.702 25186-25186 BingoOrientation        com.example.mamunbingoapp            D  norm[7] raw=(265.5,278.0) u/v=(0.70,0.08) canonical=(0.92,0.70) value=34
2026-03-18 17:23:30.703 25186-25186 BingoOrientation        com.example.mamunbingoapp            D  norm[8] raw=(309.0,438.0) u/v=(0.66,0.71) canonical=(0.29,0.66) value=55
2026-03-18 17:23:30.704 25186-25186 BingoOrientation        com.example.mamunbingoapp            D  norm[9] raw=(348.0,437.5) u/v=(0.87,0.76) canonical=(0.24,0.87) value=62
2026-03-18 17:23:30.704 25186-25186 BingoOrientation        com.example.mamunbingoapp            D  header tokens found: using number band (no letter OCR); top band count=3
2026-03-18 17:23:30.704 25186-25186 BingoOrientation        com.example.mamunbingoapp            D  header band: topBandY=338.75 candidates in top band=3
2026-03-18 17:23:30.732 25186-25252 SurfaceView@298cd79     com.example.mamunbingoapp            I  uSP: rtp = Rect(-108, 0 - 1188, 1727) rtsw = 1440 rtsh = 1080
2026-03-18 17:23:30.732 25186-25252 SurfaceView@298cd79     com.example.mamunbingoapp            I  onSSPAndSRT: pl = -108 pt = 0 sx = 0.9 sy = 1.5990741
2026-03-18 17:23:30.732 25186-25252 SurfaceView@298cd79     com.example.mamunbingoapp            I  aOrMT: uB = true t = android.view.SurfaceControl$Transaction@a031f6e fN = 135 android.view.SurfaceView.access$500:124 android.view.SurfaceView$SurfaceViewPositionUpdateListener.positionChanged:1728 android.graphics.RenderNode$CompositePositionUpdateListener.positionChanged:319 
2026-03-18 17:23:30.732 25186-25252 SurfaceView@298cd79     com.example.mamunbingoapp            I  aOrMT: vR.mWNT, vR = ViewRootImpl@23a75c9[MainActivity]
2026-03-18 17:23:30.732 25186-25252 ViewRootIm...nActivity] com.example.mamunbingoapp            I  mWNT: t = android.view.SurfaceControl$Transaction@a031f6e fN = 135 android.view.SurfaceView.applyOrMergeTransaction:1628 android.view.SurfaceView.access$500:124 android.view.SurfaceView$SurfaceViewPositionUpdateListener.positionChanged:1728 
2026-03-18 17:23:30.732 25186-25252 ViewRootIm...nActivity] com.example.mamunbingoapp            I  mWNT: merge t to BBQ
2026-03-18 17:23:30.737 25186-25186 BingoScanner            com.example.mamunbingoapp            D  STILL parse failed: No valid 25-number Bingo grid found (B:1-15, I:16-30, N:31-45, G:46-60, O:61-75)
2026-03-18 17:23:30.739 25186-25392 PipelineManager         com.example.mamunbingoapp            D  Start process YUV
2026-03-18 17:23:30.743 25186-25186 SurfaceView@298cd79     com.example.mamunbingoapp            I  pST: mTmpTransaction.apply, mTmpTransaction = android.view.SurfaceControl$Transaction@edc11b3
2026-03-18 17:23:30.744 25186-25186 SurfaceView@298cd79     com.example.mamunbingoapp            I  updateSurface: mVisible = true mSurface.isValid() = true
2026-03-18 17:23:30.744 25186-25186 SurfaceView@298cd79     com.example.mamunbingoapp            I  updateSurface: mSurfaceCreated = true surfaceChanged = false visibleChanged = false
2026-03-18 17:23:30.755 25186-25251 SurfaceView@298cd79     com.example.mamunbingoapp            I  uSP: rtp = Rect(-131, 0 - 1211, 1788) rtsw = 1440 rtsh = 1080
2026-03-18 17:23:30.755 25186-25251 SurfaceView@298cd79     com.example.mamunbingoapp            I  onSSPAndSRT: pl = -131 pt = 0 sx = 0.93194443 sy = 1.6555556
2026-03-18 17:23:30.755 25186-25251 SurfaceView@298cd79     com.example.mamunbingoapp            I  aOrMT: uB = true t = android.view.SurfaceControl$Transaction@a031f6e fN = 137 android.view.SurfaceView.access$500:124 android.view.SurfaceView$SurfaceViewPositionUpdateListener.positionChanged:1728 android.graphics.RenderNode$CompositePositionUpdateListener.positionChanged:319 
2026-03-18 17:23:30.755 25186-25251 SurfaceView@298cd79     com.example.mamunbingoapp            I  aOrMT: vR.mWNT, vR = ViewRootImpl@23a75c9[MainActivity]
2026-03-18 17:23:30.756 25186-25251 ViewRootIm...nActivity] com.example.mamunbingoapp            I  mWNT: t = android.view.SurfaceControl$Transaction@a031f6e fN = 137 android.view.SurfaceView.applyOrMergeTransaction:1628 android.view.SurfaceView.access$500:124 android.view.SurfaceView$SurfaceViewPositionUpdateListener.positionChanged:1728 
2026-03-18 17:23:30.756 25186-25251 ViewRootIm...nActivity] com.example.mamunbingoapp            I  mWNT: merge t to BBQ
2026-03-18 17:23:30.759 25186-25186 SurfaceView@298cd79     com.example.mamunbingoapp            I  pST: mTmpTransaction.apply, mTmpTransaction = android.view.SurfaceControl$Transaction@edc11b3
2026-03-18 17:23:30.759 25186-25186 SurfaceView@298cd79     com.example.mamunbingoapp            I  updateSurface: mVisible = true mSurface.isValid() = true
2026-03-18 17:23:30.759 25186-25186 SurfaceView@298cd79     com.example.mamunbingoapp            I  updateSurface: mSurfaceCreated = true surfaceChanged = false visibleChanged = false
2026-03-18 17:23:30.839 25186-25392 PipelineManager         com.example.mamunbingoapp            D  OCR process succeeded via visionkit pipeline.
2026-03-18 17:23:30.853 25186-25394 PipelineManager         com.example.mamunbingoapp            D  Start process YUV
2026-03-18 17:23:30.957 25186-25394 PipelineManager         com.example.mamunbingoapp            D  OCR process succeeded via visionkit pipeline.
2026-03-18 17:23:30.974 25186-25396 PipelineManager         com.example.mamunbingoapp            D  Start process YUV
2026-03-18 17:23:31.104 25186-25396 PipelineManager         com.example.mamunbingoapp            D  OCR process succeeded via visionkit pipeline.
2026-03-18 17:23:31.125 25186-25292 PipelineManager         com.example.mamunbingoapp            D  Start process YUV
2026-03-18 17:23:31.258 25186-25292 PipelineManager         com.example.mamunbingoapp            D  OCR process succeeded via visionkit pipeline.
2026-03-18 17:23:31.282 25186-25350 PipelineManager         com.example.mamunbingoapp            D  Start process YUV
2026-03-18 17:23:31.492 25186-25350 PipelineManager         com.example.mamunbingoapp            D  OCR process succeeded via visionkit pipeline.
2026-03-18 17:23:31.512 25186-25389 PipelineManager         com.example.mamunbingoapp            D  Start process YUV
2026-03-18 17:23:31.692 25186-25389 PipelineManager         com.example.mamunbingoapp            D  OCR process succeeded via visionkit pipeline.
2026-03-18 17:23:31.712 25186-25390 PipelineManager         com.example.mamunbingoapp            D  Start process YUV
2026-03-18 17:23:31.890 25186-25390 PipelineManager         com.example.mamunbingoapp            D  OCR process succeeded via visionkit pipeline.
2026-03-18 17:23:31.912 25186-25391 PipelineManager         com.example.mamunbingoapp            D  Start process YUV
2026-03-18 17:23:32.066 25186-25186 ViewRootIm...nActivity] com.example.mamunbingoapp            I  ViewPostIme pointer 0
2026-03-18 17:23:32.145 25186-25391 PipelineManager         com.example.mamunbingoapp            D  OCR process succeeded via visionkit pipeline.
2026-03-18 17:23:32.162 25186-25392 PipelineManager         com.example.mamunbingoapp            D  Start process YUV
2026-03-18 17:23:32.198 25186-25186 ViewRootIm...nActivity] com.example.mamunbingoapp            I  ViewPostIme pointer 1
2026-03-18 17:23:32.204 25186-25186 BingoOrientation        com.example.mamunbingoapp            D  raw numeric candidates: 15
2026-03-18 17:23:32.204 25186-25186 BingoOrientation        com.example.mamunbingoapp            D  after broad ticket-local filtering: 15
2026-03-18 17:23:32.205 25186-25186 BingoOrientation        com.example.mamunbingoapp            D  headerAnchorSpatial=none headerTopScore=0 headerBottomScore=0
2026-03-18 17:23:32.205 25186-25186 BingoOrientation        com.example.mamunbingoapp            D  headerAnchor=none
2026-03-18 17:23:32.205 25186-25186 BingoOrientation        com.example.mamunbingoapp            D  local axis vectors: col=(0.35096323, 0.93638927) row=(-0.93638927, 0.35096323) center=(273.13333, 385.46667)
2026-03-18 17:23:32.205 25186-25186 BingoOrientation        com.example.mamunbingoapp            D  shared assignment used: true
2026-03-18 17:23:32.205 25186-25186 BingoOrientation        com.example.mamunbingoapp            D  orientation applied in normalization: true
