2026-03-18 17:24:12.112 25186-25206 CameraManagerGlobal     com.example.mamunbingoapp            I  postSingleUpdate device: camera id 0 status STATUS_PRESENT
2026-03-18 17:24:12.113 25186-25283 Camera2PresenceSrc      com.example.mamunbingoapp            D  System onCameraAvailable: 0
2026-03-18 17:24:12.113 25186-25206 CameraManagerGlobal     com.example.mamunbingoapp            I  postSingleUpdate device: camera id 0 status STATUS_PRESENT
2026-03-18 17:24:12.114 25186-25206 CameraManagerGlobal     com.example.mamunbingoapp            I  postSingleUpdate device: camera id 0 status STATUS_PRESENT
2026-03-18 17:24:12.114 25186-25206 CameraManagerGlobal     com.example.mamunbingoapp            I  postSingleUpdate device: camera id 0 status STATUS_PRESENT
2026-03-18 17:24:12.115 25186-25206 CameraManagerGlobal     com.example.mamunbingoapp            I  Camera 0 facing CAMERA_FACING_BACK state now CAMERA_STATE_CLOSED for client com.example.mamunbingoapp API Level 2
2026-03-18 17:24:12.115 25186-25286 Camera2PresenceSrc      com.example.mamunbingoapp            D  [FetchData] Refreshed camera list: CameraIdentifier{cameraIds=0}, CameraIdentifier{cameraIds=1}, CameraIdentifier{cameraIds=2}, CameraIdentifier{cameraIds=3}
2026-03-18 17:24:13.037 25186-25186 ViewRootIm...nActivity] com.example.mamunbingoapp            I  ViewPostIme pointer 0
2026-03-18 17:24:13.050 25186-25186 ViewRootIm...nActivity] com.example.mamunbingoapp            I  ViewPostIme pointer 1
2026-03-18 17:24:13.067 25186-25186 ManualEntry             com.example.mamunbingoapp            D  ManualEntryScreen composed, scannedNumbers.size=25
2026-03-18 17:24:13.067 25186-25186 ManualEntry             com.example.mamunbingoapp            D  Manual Entry open: source=null, total count=25, first 10 values=[9, 13, 4, 14, 7, 27, 16, 17, 19, 30]
2026-03-18 17:24:13.069 25186-25186 Dialog                  com.example.mamunbingoapp            I  mIsDeviceDefault = false, mIsSamsungBasicInteraction = false, isMetaDataInActivity = false
2026-03-18 17:24:13.071 25186-25186 DecorView               com.example.mamunbingoapp            I  [INFO] isPopOver=false, config=false
2026-03-18 17:24:13.071 25186-25186 DecorView               com.example.mamunbingoapp            I  updateCaptionType >> DecorView@7b94c29[], isFloating=true, isApplication=true, hasWindowControllerCallback=false, hasWindowDecorCaption=false
2026-03-18 17:24:13.071 25186-25186 DecorView               com.example.mamunbingoapp            D  setCaptionType = 0, this = DecorView@7b94c29[]
2026-03-18 17:24:13.089   582-2003  SurfaceFlinger          surfaceflinger                       I  id=39016 createSurf (0x0),-1 flag=80004, 41533fe com.example.mamunbingoapp/com.example.mamunbingoapp.MainActivity#0
2026-03-18 17:24:13.090   999-1819  WindowManager           system_server                        V  Changing focus from Window{3677e50 u0 com.example.mamunbingoapp/com.example.mamunbingoapp.MainActivity} to Window{41533fe u0 com.example.mamunbingoapp/com.example.mamunbingoapp.MainActivity} displayId=0 Callers=com.android.server.wm.RootWindowContainer.updateFocusedWindowLocked:583 com.android.server.wm.WindowManagerService.updateFocusedWindowLocked:6497 com.android.server.wm.WindowManagerService.addWindow:2050 com.android.server.wm.Session.addToDisplayAsUser:211 
2026-03-18 17:24:13.090   999-1819  MARsPolicyManager       system_server                        D  onPackageResumedFG pkgName = com.example.mamunbingoapp, userId = 0
2026-03-18 17:24:13.096 25186-25186 ViewRootIm...nActivity] com.example.mamunbingoapp            I  setView = com.android.internal.policy.DecorView@7b94c29 TM=true
2026-03-18 17:24:13.097 25186-25186 DecorView               com.example.mamunbingoapp            I  notifyKeepScreenOnChanged: keepScreenOn=false
2026-03-18 17:24:13.123   999-1819  WindowManager           system_server                        V  Relayout Window{41533fe u0 com.example.mamunbingoapp/com.example.mamunbingoapp.MainActivity}: viewVisibility=0 req=1079x2045 d0
2026-03-18 17:24:13.124   582-2003  SurfaceFlinger          surfaceflinger                       I  id=39019 createSurf (169x169),-3 flag=40004, com.example.mamunbingoapp/com.example.mamunbingoapp.MainActivity$_25186#1
2026-03-18 17:24:13.124   999-1819  WindowManager           system_server                        D  makeSurface duration=1 name=com.example.mamunbingoapp/com.example.mamunbingoapp.MainActivity$_25186
2026-03-18 17:24:13.129 25186-25186 InsetsSourceConsumer    com.example.mamunbingoapp            D  ensureControlAlpha: for ITYPE_NAVIGATION_BAR on com.example.mamunbingoapp/com.example.mamunbingoapp.MainActivity
2026-03-18 17:24:13.129 25186-25186 InsetsSourceConsumer    com.example.mamunbingoapp            D  ensureControlAlpha: for ITYPE_STATUS_BAR on com.example.mamunbingoapp/com.example.mamunbingoapp.MainActivity
2026-03-18 17:24:13.129 25186-25186 ViewRootIm...nActivity] com.example.mamunbingoapp            I  Relayout returned: old=(0,107,1080,2154) new=(0,108,1079,2153) req=(1079,2045)0 dur=5 res=0x7 s={true 539544278192} ch=true fn=-1
2026-03-18 17:24:13.130 25186-25212 OpenGLRenderer          com.example.mamunbingoapp            D  eglCreateWindowSurface
2026-03-18 17:24:13.133 25186-25186 DecorView               com.example.mamunbingoapp            I  notifyKeepScreenOnChanged: keepScreenOn=false
2026-03-18 17:24:13.134 25186-25186 ViewRootIm...nActivity] com.example.mamunbingoapp            I  [DP] dp(1) 1 android.view.ViewRootImpl.reportNextDraw:11442 android.view.ViewRootImpl.performTraversals:4198 android.view.ViewRootImpl.doTraversal:2924 
2026-03-18 17:24:13.134 25186-25186 ViewRootIm...nActivity] com.example.mamunbingoapp            D  Creating frameDrawingCallback nextDrawUseBlastSync=false reportNextDraw=true hasBlurUpdates=false
2026-03-18 17:24:13.134 25186-25186 ViewRootIm...nActivity] com.example.mamunbingoapp            D  Creating frameCompleteCallback
2026-03-18 17:24:13.137 25186-25252 ViewRootIm...nActivity] com.example.mamunbingoapp            D  Received frameDrawingCallback frameNum=1. Creating transactionCompleteCallback=false
2026-03-18 17:24:13.139 25186-25212 ViewRootIm...nActivity] com.example.mamunbingoapp            D  Received frameCompleteCallback  lastAcquiredFrameNum=1 lastAttemptedDrawFrameNum=1
2026-03-18 17:24:13.139 25186-25186 ViewRootIm...nActivity] com.example.mamunbingoapp            I  [DP] pdf(0) 1 android.view.ViewRootImpl.lambda$addFrameCompleteCallbackIfNeeded$3$ViewRootImpl:5000 android.view.ViewRootImpl$$ExternalSyntheticLambda16.run:6 android.os.Handler.handleCallback:938 
2026-03-18 17:24:13.139 25186-25186 ViewRootIm...nActivity] com.example.mamunbingoapp            I  [DP] rdf()
2026-03-18 17:24:13.139 25186-25186 ViewRootIm...nActivity] com.example.mamunbingoapp            D  reportDrawFinished (fn: -1) 
2026-03-18 17:24:13.140   999-1819  WindowManager           system_server                        D  finishDrawingWindow: Window{41533fe u0 com.example.mamunbingoapp/com.example.mamunbingoapp.MainActivity} mDrawState=DRAW_PENDING
2026-03-18 17:24:13.142   999-1039  WindowManager           system_server                        I  Reparenting to leash, surface=Surface(name=41533fe com.example.mamunbingoapp/com.example.mamunbingoapp.MainActivity)/@0x7b20098, leashParent=Surface(name=ActivityRecord{ef57a89 u0 com.example.mamunbingoapp/.MainActivity t442})/@0x9ad2d4
2026-03-18 17:24:13.143   582-934   SurfaceFlinger          surfaceflinger                       I  id=39020 createSurf (0x0),-1 flag=24004, Surface(name=41533fe com.example.mamunbingoapp/com.example.mamunbingoapp.MainActivity)/@0x7b20098 - animation-leash of window_animation#0
2026-03-18 17:24:13.143   999-1039  WindowManager           system_server                        D  makeSurface duration=0 leash=Surface(name=Surface(name=41533fe com.example.mamunbingoapp/com.example.mamunbingoapp.MainActivity)/@0x7b20098 - animation-leash of window_animation)/@0x88c0f1
2026-03-18 17:24:13.145 25186-25186 DecorView               com.example.mamunbingoapp            I  notifyKeepScreenOnChanged: keepScreenOn=false
2026-03-18 17:24:13.146   999-1819  WindowManager           system_server                        V  Relayout Window{41533fe u0 com.example.mamunbingoapp/com.example.mamunbingoapp.MainActivity}: viewVisibility=0 req=1079x2045 d0
2026-03-18 17:24:13.149 25186-25186 ViewRootIm...nActivity] com.example.mamunbingoapp            I  Relayout returned: old=(0,108,1079,2153) new=(0,108,1079,2153) req=(1079,2045)0 dur=3 res=0x1 s={true 539544278192} ch=false fn=2
2026-03-18 17:24:13.156   999-1819  InputDispatcher         system_server                        D  Focus left window (0): 3677e50 com.example.mamunbingoapp/com.example.mamunbingoapp.MainActivity
2026-03-18 17:24:13.156   999-1819  InputDispatcher         system_server                        D  Focus entered window (0): 41533fe com.example.mamunbingoapp/com.example.mamunbingoapp.MainActivity
2026-03-18 17:24:13.158 25186-25186 ViewRootIm...nActivity] com.example.mamunbingoapp            I  MSG_WINDOW_FOCUS_CHANGED 0 1
2026-03-18 17:24:13.160 25186-25186 ViewRootIm...nActivity] com.example.mamunbingoapp            I  MSG_WINDOW_FOCUS_CHANGED 1 1
2026-03-18 17:24:13.161 25186-25186 InputMethodManager      com.example.mamunbingoapp            D  startInputInner - Id : 0
2026-03-18 17:24:13.161 25186-25186 InputMethodManager      com.example.mamunbingoapp            I  startInputInner - mService.startInputOrWindowGainedFocus
2026-03-18 17:24:13.196   582-582   SurfaceFlinger          surfaceflinger                       D  Display 0 HWC layers:
                                                                                                         DEVICE | 0x70f2e74450 | 0100 | RGBA_8888    |    0.0    0.0 1080.0 2280.0 |    0    0 1080 2280 | com.example.mamunbingoapp/com.example.mamunbingoapp.MainActivity$_25186#0
                                                                                                     SOLID_COLOR |              | 0000 |  Unknown  |    0.0    0.0    0.0    0.0 |    0    0 1080 2280 | Dim Layer for - Task=442#0
                                                                                                         DEVICE | 0x70f2e85a30 | 0100 | RGBA_8888    |   84.0    0.0 1164.0 2213.0 |    0   24 1080 2237 | com.example.mamunbingoapp/com.example.mamunbingoapp.MainActivity$_25186#1
                                                                                                         DEVICE | 0x70f2e9de50 | 0100 | RGBA_8888    |    0.0    0.0 1080.0  107.0 |    0    0 1080  107 | StatusBar$_1338#0
                                                                                                         DEVICE | 0x70f2ea5590 | 0100 | RGBA_8888    |    0.0    0.0   67.0  342.0 | 1013  418 1080  760 | com.samsung.android.app.cocktailbars[...]arservice.CocktailBarService$_5568#0
                                                                                                         DEVICE | 0x70f2e89ff0 | 0100 | RGBA_8888    |    0.0    0.0 1080.0  126.0 |    0 2154 1080 2280 | NavigationBar0$_1338#0
                                                                                                         DEVICE | 0x70f2ea1f90 | 0100 | RGBA_8888    |    0.0    0.0 1080.0  180.0 |    0    0 
2026-03-18 17:24:13.215   582-582   SurfaceFlinger          surfaceflinger                       D  Display 0 HWC layers:
                                                                                                         DEVICE | 0x70f2ea32b0 | 0100 | RGBA_8888    |    0.0    0.0 1080.0 2280.0 |    0    0 1080 2280 | com.example.mamunbingoapp/com.example.mamunbingoapp.MainActivity$_25186#0
                                                                                                     SOLID_COLOR |              | 0000 |  Unknown  |    0.0    0.0    0.0    0.0 |    0    0 1080 2280 | Dim Layer for - Task=442#0
                                                                                                         DEVICE | 0x70f2e85a30 | 0100 | RGBA_8888    |   84.0    0.0 1164.0 2213.0 |    0   24 1080 2237 | com.example.mamunbingoapp/com.example.mamunbingoapp.MainActivity$_25186#1
                                                                                                         DEVICE | 0x70f2e9fcb0 | 0100 | RGBA_8888    |    0.0    0.0 1080.0  107.0 |    0    0 1080  107 | StatusBar$_1338#0
                                                                                                         DEVICE | 0x70f2ea5590 | 0100 | RGBA_8888    |    0.0    0.0   67.0  342.0 | 1013  418 1080  760 | com.samsung.android.app.cocktailbars[...]arservice.CocktailBarService$_5568#0
                                                                                                         DEVICE | 0x70f2e9b5d0 | 0100 | RGBA_8888    |    0.0    0.0 1080.0  126.0 |    0 2154 1080 2280 | NavigationBar0$_1338#0
2026-03-18 17:24:13.304   999-1039  WindowManager           system_server                        I  Reparenting to original parent: Surface(name=ActivityRecord{ef57a89 u0 com.example.mamunbingoapp/.MainActivity t442})/@0x9ad2d4, destroy=true, surface=Surface(name=41533fe com.example.mamunbingoapp/com.example.mamunbingoapp.MainActivity)/@0x7b20098
2026-03-18 17:24:13.320   582-582   Layer                   surfaceflinger                       I  id=39020 removeFromCurrentState Surface(name=41533fe com.example.mamunbingoapp/com.example.mamunbingoapp.MainActivity)/@0x7b20098 - animation-leash of window_animation#0 (115)
2026-03-18 17:24:13.321   582-582   SurfaceFlinger          surfaceflinger                       I  id=39020 Removed Surface(name=41533fe com.example.mamunbingoapp/com.example.mamunbingoapp.MainActivity)/@0x7b20098 - animation-leash of window_animation#0 (115)
2026-03-18 17:24:13.321   582-582   Layer                   surfaceflinger                       I  id=39020 Destroyed Surface(name=41533fe com.example.mamunbingoapp/com.example.mamunbingoapp.MainActivity)/@0x7b20098 - animation-leash of window_animation#0
2026-03-18 17:24:13.664   999-1038  SGM:GameManager         system_server                        D  identifyForegroundApp. com.example.mamunbingoapp, mCurrentUserId: 0, callerUserId: 0
2026-03-18 17:24:13.665   999-1038  SGM:PkgDataHelper       system_server                        D  getGamePkgData(). com.example.mamunbingoapp
2026-03-18 17:24:14.277   999-1036  WindowManager           system_server                        D  rotationForOrientation, orientationSource=ActivityRecord{ef57a89 u0 com.example.mamunbingoapp/.MainActivity t442}
2026-03-18 17:24:14.340   999-1036  WindowManager           system_server                        D  rotationForOrientation, orientationSource=ActivityRecord{ef57a89 u0 com.example.mamunbingoapp/.MainActivity t442}
2026-03-18 17:24:14.540   999-1036  WindowManager           system_server                        D  rotationForOrientation, orientationSource=ActivityRecord{ef57a89 u0 com.example.mamunbingoapp/.MainActivity t442}
2026-03-18 17:24:14.577   999-1036  WindowManager           system_server                        D  rotationForOrientation, orientationSource=ActivityRecord{ef57a89 u0 com.example.mamunbingoapp/.MainActivity t442}
2026-03-18 17:24:14.778   999-1036  WindowManager           system_server                        D  rotationForOrientation, orientationSource=ActivityRecord{ef57a89 u0 com.example.mamunbingoapp/.MainActivity t442}
2026-03-18 17:24:15.458   999-1036  WindowManager           system_server                        D  rotationForOrientation, orientationSource=ActivityRecord{ef57a89 u0 com.example.mamunbingoapp/.MainActivity t442}
2026-03-18 17:24:15.517   999-1036  WindowManager           system_server                        D  rotationForOrientation, orientationSource=ActivityRecord{ef57a89 u0 com.example.mamunbingoapp/.MainActivity t442}
2026-03-18 17:24:16.678   999-1036  WindowManager           system_server                        D  rotationForOrientation, orientationSource=ActivityRecord{ef57a89 u0 com.example.mamunbingoapp/.MainActivity t442}
2026-03-18 17:24:16.818   999-1036  WindowManager           system_server                        D  rotationForOrientation, orientationSource=ActivityRecord{ef57a89 u0 com.example.mamunbingoapp/.MainActivity t442}
2026-03-18 17:24:16.878   999-1036  WindowManager           system_server                        D  rotationForOrientation, orientationSource=ActivityRecord{ef57a89 u0 com.example.mamunbingoapp/.MainActivity t442}
2026-03-18 17:24:27.480   999-1036  WindowManager           system_server                        D  rotationForOrientation, orientationSource=ActivityRecord{ef57a89 u0 com.example.mamunbingoapp/.MainActivity t442}
2026-03-18 17:24:28.658   999-1036  WindowManager           system_server                        D  rotationForOrientation, orientationSource=ActivityRecord{ef57a89 u0 com.example.mamunbingoapp/.MainActivity t442}
2026-03-18 17:24:31.714 25186-25186 ViewRootIm...nActivity] com.example.mamunbingoapp            I  ViewPostIme pointer 0
2026-03-18 17:24:31.747 25186-25186 DecorView               com.example.mamunbingoapp            I  notifyKeepScreenOnChanged: keepScreenOn=false
2026-03-18 17:24:31.755 25186-25186 ViewRootIm...nActivity] com.example.mamunbingoapp            I  ViewPostIme pointer 1
2026-03-18 17:24:31.755 25186-25186 ManualEntry             com.example.mamunbingoapp            D  discard confirmed
2026-03-18 17:24:31.765 25186-25186 HistoryPhotoImport      com.example.mamunbingoapp            D  manualEntry opened with scannedNumbers count = 25, prefillOrder = columnMajor
2026-03-18 17:24:31.766 25186-25186 ManualEntry             com.example.mamunbingoapp            D  ManualEntryScreen composed, scannedNumbers.size=25
2026-03-18 17:24:31.766 25186-25186 ManualEntry             com.example.mamunbingoapp            D  Manual Entry open: source=null, total count=25, first 10 values=[9, 13, 4, 14, 7, 27, 16, 17, 19, 30]
2026-03-18 17:24:31.781 25186-25212 OpenGLRenderer          com.example.mamunbingoapp            D  setSurface called with nullptr
2026-03-18 17:24:31.781 25186-25212 OpenGLRenderer          com.example.mamunbingoapp            D  setSurface() destroyed EGLSurface
2026-03-18 17:24:31.781 25186-25212 OpenGLRenderer          com.example.mamunbingoapp            D  destroyEglSurface
2026-03-18 17:24:31.782 25186-25212 OpenGLRenderer          com.example.mamunbingoapp            D  endAllActiveAnimators on 0x7d2f61e5e0 (UnprojectedRipple) with handle 0x7c3f67d960
2026-03-18 17:24:31.783 25186-25186 ViewRootIm...nActivity] com.example.mamunbingoapp            I  dispatchDetachedFromWindow
2026-03-18 17:24:31.784   999-7149  InputManager-JNI        system_server                        W  Input channel object '41533fe com.example.mamunbingoapp/com.example.mamunbingoapp.MainActivity (client)' was disposed without first being removed with the input manager!
2026-03-18 17:24:31.785   999-7149  WindowManager           system_server                        I  Reparenting to leash, surface=Surface(name=41533fe com.example.mamunbingoapp/com.example.mamunbingoapp.MainActivity)/@0x7b20098, leashParent=Surface(name=ActivityRecord{ef57a89 u0 com.example.mamunbingoapp/.MainActivity t442})/@0x9ad2d4
2026-03-18 17:24:31.786   582-2003  SurfaceFlinger          surfaceflinger                       I  id=39024 createSurf (0x0),-1 flag=24000, Surface(name=41533fe com.example.mamunbingoapp/com.example.mamunbingoapp.MainActivity)/@0x7b20098 - animation-leash of window_animation#0
2026-03-18 17:24:31.786   999-7149  WindowManager           system_server                        D  makeSurface duration=1 leash=Surface(name=Surface(name=41533fe com.example.mamunbingoapp/com.example.mamunbingoapp.MainActivity)/@0x7b20098 - animation-leash of window_animation)/@0x485fbef
2026-03-18 17:24:31.786   999-7149  WindowManager           system_server                        V  removeIfPossible 2, Window{41533fe u0 com.example.mamunbingoapp/com.example.mamunbingoapp.MainActivity}: mAnimatingExit=true caller=com.android.server.wm.WindowState.removeIfPossible:2984 com.android.server.wm.WindowManagerService.removeWindow:2266 com.android.server.wm.Session.remove:225 android.view.IWindowSession$Stub.onTransact:746 com.android.server.wm.Session.onTransact:176 
2026-03-18 17:24:31.787   999-7149  WindowManager           system_server                        V  Changing focus from Window{41533fe u0 com.example.mamunbingoapp/com.example.mamunbingoapp.MainActivity EXITING} to Window{3677e50 u0 com.example.mamunbingoapp/com.example.mamunbingoapp.MainActivity} displayId=0 Callers=com.android.server.wm.RootWindowContainer.updateFocusedWindowLocked:583 com.android.server.wm.WindowManagerService.updateFocusedWindowLocked:6497 com.android.server.wm.WindowState.setupWindowForRemoveOnExit:3175 com.android.server.wm.WindowState.removeIfPossible:3143 
2026-03-18 17:24:31.787   999-7149  MARsPolicyManager       system_server                        D  onPackageResumedFG pkgName = com.example.mamunbingoapp, userId = 0
2026-03-18 17:24:31.793   999-1819  InputDispatcher         system_server                        D  Focus left window (0): 41533fe com.example.mamunbingoapp/com.example.mamunbingoapp.MainActivity
2026-03-18 17:24:31.793 25186-25186 InputTransport          com.example.mamunbingoapp            D  Input channel destroyed: '41533fe', fd=116
2026-03-18 17:24:31.825   999-7149  InputDispatcher         system_server                        D  Focus entered window (0): 3677e50 com.example.mamunbingoapp/com.example.mamunbingoapp.MainActivity
2026-03-18 17:24:31.856 25186-25186 HistoryPhotoImport      com.example.mamunbingoapp            D  manualEntry opened with scannedNumbers count = 25, prefillOrder = columnMajor
2026-03-18 17:24:31.856 25186-25186 ManualEntry             com.example.mamunbingoapp            D  ManualEntryScreen composed, scannedNumbers.size=25
2026-03-18 17:24:31.856 25186-25186 ManualEntry             com.example.mamunbingoapp            D  Manual Entry open: source=null, total count=25, first 10 values=[9, 13, 4, 14, 7, 27, 16, 17, 19, 30]
2026-03-18 17:24:31.863 25186-25186 InsetsSourceConsumer    com.example.mamunbingoapp            D  ensureControlAlpha: for ITYPE_NAVIGATION_BAR on com.example.mamunbingoapp/com.example.mamunbingoapp.MainActivity
2026-03-18 17:24:31.864 25186-25186 InsetsSourceConsumer    com.example.mamunbingoapp            D  ensureControlAlpha: for ITYPE_STATUS_BAR on com.example.mamunbingoapp/com.example.mamunbingoapp.MainActivity
2026-03-18 17:24:31.866 25186-25186 ResolvedFeatureGroup    com.example.mamunbingoapp            D  resolveFeatureGroup: sessionConfig = androidx.camera.core.LegacySessionConfig@7bc7dd6, lensFacing = 1
2026-03-18 17:24:31.867 25186-25186 CameraUseCaseAdapter    com.example.mamunbingoapp            D  addUseCases: appUseCasesToAdd = [Preview:androidx.camera.core.Preview-56c1622c-2ace-4e7f-ba1f-ace3959b6740, ImageAnalysis:androidx.camera.core.ImageAnalysis-87fdd7df-6d60-4c8f-afb9-a17f8e45f8d2], featureGroup = null
2026-03-18 17:24:31.869 25186-25288 TransportR...EventStore com.example.mamunbingoapp            D  Storing event with priority=DEFAULT, name=FIREBASE_ML_SDK for destination cct
2026-03-18 17:24:31.876 25186-25288 TransportR...oScheduler com.example.mamunbingoapp            D  Upload for context TransportContext(cct, DEFAULT, MSRodHRwczovL2ZpcmViYXNlbG9nZ2luZy5nb29nbGVhcGlzLmNvbS92MGNjL2xvZy9iYXRjaD9mb3JtYXQ9anNvbl9wcm90bzNc) is already scheduled. Returning...
2026-03-18 17:24:31.877 25186-25186 UseCase                 com.example.mamunbingoapp            D  applyFeaturesToConfig: mFeatureGroup = null, this = Preview:androidx.camera.core.Preview-56c1622c-2ace-4e7f-ba1f-ace3959b6740
2026-03-18 17:24:31.878 25186-25186 SupportedO...sCollector com.example.mamunbingoapp            D  useCaseConfig = androidx.camera.core.impl.PreviewConfig@31cf857, candidateSizes = [4032x3024, 4032x2268, 3024x3024, 3840x2160, 4032x1908, 1920x1440, 2288x1080, 1920x1080, 1920x912, 1440x1080, 1088x1088, 1280x720, 960x720, 960x540, 800x600, 720x480, 640x480, 640x360, 352x288, 320x240, 256x144, 176x144]
2026-03-18 17:24:31.879 25186-25186 UseCase                 com.example.mamunbingoapp            D  applyFeaturesToConfig: mFeatureGroup = null, this = ImageAnalysis:androidx.camera.core.ImageAnalysis-87fdd7df-6d60-4c8f-afb9-a17f8e45f8d2
2026-03-18 17:24:31.880 25186-25186 SupportedO...sCollector com.example.mamunbingoapp            D  useCaseConfig = androidx.camera.core.impl.ImageAnalysisConfig@14a6f44, candidateSizes = [4032x3024, 4032x2268, 3024x3024, 3840x2160, 4032x1908, 1920x1440, 2288x1080, 1920x1080, 1920x912, 1440x1080, 1088x1088, 1280x720, 960x720, 960x540, 800x600, 720x480, 640x480, 640x360, 352x288, 320x240, 256x144, 176x144]
2026-03-18 17:24:31.882 25186-25186 DynamicRangeResolver    com.example.mamunbingoapp            D  Resolved dynamic range for use case androidx.camera.core.Preview-56c1622c-2ace-4e7f-ba1f-ace3959b6740 to no compatible HDR dynamic ranges.
                                                                                                    DynamicRange@b6d05e3{encoding=UNSPECIFIED, bitDepth=0}
                                                                                                    ->
                                                                                                    DynamicRange@62ecdba{encoding=SDR, bitDepth=8}
2026-03-18 17:24:31.882 25186-25186 SupportedS...ombination com.example.mamunbingoapp            D  resolvedDynamicRanges = {androidx.camera.core.impl.PreviewConfig@31cf857=DynamicRange@62ecdba{encoding=SDR, bitDepth=8}, androidx.camera.core.impl.ImageAnalysisConfig@14a6f44=DynamicRange@62ecdba{encoding=SDR, bitDepth=8}}
2026-03-18 17:24:31.882 25186-25186 SupportedS...ombination com.example.mamunbingoapp            D  resolveSpecsByCheckingMethod: checkingMethod = WITHOUT_FEATURE_COMBO
2026-03-18 17:24:31.882 25186-25186 SupportedS...ombination com.example.mamunbingoapp            D  resolveSpecsBySettings: featureSettings = FeatureSettings{getCameraMode=0, hasVideoCapture=false, getRequiredMaxBitDepth=8, isPreviewStabilizationOn=false, isUltraHdrOn=false, isHighSpeedOn=false, isFeatureComboInvocation=false, requiresFeatureComboQuery=false, getTargetFpsRange=[0, 0], isStrictFpsRequired=false}
2026-03-18 17:24:31.884 25186-25186 CameraQuirks            com.example.mamunbingoapp            D  camera2 CameraQuirks = 
2026-03-18 17:24:31.885 25186-25186 CameraQuirks            com.example.mamunbingoapp            D  camera2 CameraQuirks = 
2026-03-18 17:24:31.886 25186-25186 SupportedS...ombination com.example.mamunbingoapp            D  resolveSpecsBySettings: bestSizesAndFps = BestSizesAndMaxFpsForConfigs{bestSizes=[1440x1080, 640x480], bestSizesForStreamUseCase=null, maxFpsForBestSizes=60, maxFpsForStreamUseCase=2147483647, maxFpsForAllSizes=2147483647}
2026-03-18 17:24:31.887 25186-25186 UseCase                 com.example.mamunbingoapp            D  applyFeaturesToConfig: mFeatureGroup = null, this = Preview:androidx.camera.core.Preview-56c1622c-2ace-4e7f-ba1f-ace3959b6740
2026-03-18 17:24:31.888 25186-25186 Preview                 com.example.mamunbingoapp            D  onSuggestedStreamSpecUpdated: primaryStreamSpec = StreamSpec{resolution=1440x1080, originalConfiguredResolution=1440x1080, dynamicRange=DynamicRange@62ecdba{encoding=SDR, bitDepth=8}, sessionType=0, expectedFrameRateRange=[0, 0], implementationOptions=androidx.camera.camera2.impl.Camera2ImplConfig@d30482d, zslDisabled=false}, secondaryStreamSpec null
2026-03-18 17:24:31.888 25186-25186 DeferrableSurface       com.example.mamunbingoapp            D  Surface created[total_surfaces=1, used_surfaces=0](androidx.camera.core.processing.SurfaceEdge$SettableSurface@35aa162}
2026-03-18 17:24:31.888 25186-25186 DeferrableSurface       com.example.mamunbingoapp            D  Surface created[total_surfaces=2, used_surfaces=0](androidx.camera.core.SurfaceRequest$2@9c571ae}
2026-03-18 17:24:31.889 25186-25186 DeferrableSurface       com.example.mamunbingoapp            D  New surface in use[total_surfaces=2, used_surfaces=1](androidx.camera.core.SurfaceRequest$2@9c571ae}
2026-03-18 17:24:31.889 25186-25186 DeferrableSurface       com.example.mamunbingoapp            D  use count+1, useCount=1 androidx.camera.core.SurfaceRequest$2@9c571ae
2026-03-18 17:24:31.890 25186-25186 UseCase                 com.example.mamunbingoapp            D  applyFeaturesToConfig: mFeatureGroup = null, this = ImageAnalysis:androidx.camera.core.ImageAnalysis-87fdd7df-6d60-4c8f-afb9-a17f8e45f8d2
2026-03-18 17:24:31.891 25186-25186 ImageAnalysis           com.example.mamunbingoapp            D  onSuggestedStreamSpecUpdated: primaryStreamSpec = StreamSpec{resolution=640x480, originalConfiguredResolution=640x480, dynamicRange=DynamicRange@62ecdba{encoding=SDR, bitDepth=8}, sessionType=0, expectedFrameRateRange=[0, 0], implementationOptions=androidx.camera.camera2.impl.Camera2ImplConfig@21d9d6b, zslDisabled=false}, secondaryStreamSpec null
2026-03-18 17:24:31.892 25186-25186 DeferrableSurface       com.example.mamunbingoapp            D  Surface created[total_surfaces=3, used_surfaces=1](androidx.camera.core.impl.ImmediateSurface@854d0c8}
2026-03-18 17:24:31.893 25186-25285 Camera2CameraImpl       com.example.mamunbingoapp            D  {Camera@e92516f[id=0]} Use case androidx.camera.core.Preview-56c1622c-2ace-4e7f-ba1f-ace3959b6740243126680 ACTIVE
2026-03-18 17:24:31.893 25186-25285 UseCaseAttachState      com.example.mamunbingoapp            D  Active and attached use case: [] for camera: 0
2026-03-18 17:24:31.893 25186-25186 ViewRootIm...nActivity] com.example.mamunbingoapp            I  MSG_WINDOW_FOCUS_CHANGED 1 1
2026-03-18 17:24:31.894 25186-25285 Camera2CameraImpl       com.example.mamunbingoapp            D  {Camera@e92516f[id=0]} Use case androidx.camera.core.ImageAnalysis-87fdd7df-6d60-4c8f-afb9-a17f8e45f8d283803633 ACTIVE
2026-03-18 17:24:31.894 25186-25285 UseCaseAttachState      com.example.mamunbingoapp            D  Active and attached use case: [] for camera: 0
2026-03-18 17:24:31.894 25186-25186 InputMethodManager      com.example.mamunbingoapp            D  startInputInner - Id : 0
2026-03-18 17:24:31.894 25186-25186 InputMethodManager      com.example.mamunbingoapp            I  startInputInner - mService.startInputOrWindowGainedFocus
2026-03-18 17:24:31.894 25186-25285 Camera2CameraImpl       com.example.mamunbingoapp            D  {Camera@e92516f[id=0]} Use cases [androidx.camera.core.Preview-56c1622c-2ace-4e7f-ba1f-ace3959b6740243126680, androidx.camera.core.ImageAnalysis-87fdd7df-6d60-4c8f-afb9-a17f8e45f8d283803633] now ATTACHED
2026-03-18 17:24:31.894 25186-25285 Camera2CameraControlImp com.example.mamunbingoapp            D  setActive: isActive = true
2026-03-18 17:24:31.895 25186-25285 UseCaseAttachState      com.example.mamunbingoapp            D  All use case: [androidx.camera.core.Preview-56c1622c-2ace-4e7f-ba1f-ace3959b6740243126680, androidx.camera.core.ImageAnalysis-87fdd7df-6d60-4c8f-afb9-a17f8e45f8d283803633] for camera: 0
2026-03-18 17:24:31.895 25186-25285 UseCaseAttachState      com.example.mamunbingoapp            D  Active and attached use case: [androidx.camera.core.Preview-56c1622c-2ace-4e7f-ba1f-ace3959b6740243126680, androidx.camera.core.ImageAnalysis-87fdd7df-6d60-4c8f-afb9-a17f8e45f8d283803633] for camera: 0
2026-03-18 17:24:31.898 25186-25285 Camera2CameraImpl       com.example.mamunbingoapp            D  {Camera@e92516f[id=0]} Resetting Capture Session
2026-03-18 17:24:31.898 25186-25285 Camera2CameraImpl       com.example.mamunbingoapp            D  {Camera@e92516f[id=0]} Skipping Capture Session state check due to current camera state: INITIALIZED and previous session status: false
2026-03-18 17:24:31.899 25186-25285 Camera2CameraImpl       com.example.mamunbingoapp            D  {Camera@e92516f[id=0]} Releasing session in state INITIALIZED
2026-03-18 17:24:31.899 25186-25186 PreviewView             com.example.mamunbingoapp            D  Surface requested by Preview.
2026-03-18 17:24:31.899 25186-25285 Camera2CameraImpl       com.example.mamunbingoapp            D  {Camera@e92516f[id=0]} Attempting to force open the camera.
2026-03-18 17:24:31.899 25186-25285 CameraStateRegistry     com.example.mamunbingoapp            D  tryOpenCamera(Camera@e92516f[id=0]) [Available Cameras: 1, Already Open: false (Previous state: CLOSED)] --> SUCCESS
2026-03-18 17:24:31.900 25186-25285 CameraStateRegistry     com.example.mamunbingoapp            D  Recalculating open cameras:
                                                                                                    Camera                                       State                 
                                                                                                    -------------------------------------------------------------------
                                                                                                    Camera@64388b9[id=2]                         UNKNOWN               
                                                                                                    Camera@8eaf726[id=1]                         UNKNOWN               
                                                                                                    Camera@e92516f[id=0]                         OPENING               
                                                                                                    Camera@40af775[id=3]                         UNKNOWN               
                                                                                                    -------------------------------------------------------------------
                                                                                                    Open count: 1 (Max allowed: 1)
2026-03-18 17:24:31.900 25186-25285 Camera2CameraImpl       com.example.mamunbingoapp            D  {Camera@e92516f[id=0]} Opening camera.
2026-03-18 17:24:31.901 25186-25285 Camera2CameraImpl       com.example.mamunbingoapp            D  {Camera@e92516f[id=0]} Transitioning camera internal state: INITIALIZED --> OPENING
2026-03-18 17:24:31.901 25186-25285 CameraStateMachine      com.example.mamunbingoapp            D  New public camera state CameraState{type=OPENING, error=null} from OPENING and null
2026-03-18 17:24:31.901 25186-25285 CameraStateMachine      com.example.mamunbingoapp            D  Publishing new public camera state CameraState{type=OPENING, error=null}
2026-03-18 17:24:31.901 25186-25186 SurfaceView@692f0e0     com.example.mamunbingoapp            I  onWindowVisibilityChanged(0) true android.view.SurfaceView{692f0e0 V.E...... ......I. 0,0-0,0} of ViewRootImpl@23a75c9[MainActivity]
2026-03-18 17:24:31.901 25186-25285 UseCaseAttachState      com.example.mamunbingoapp            D  All use case: [androidx.camera.core.Preview-56c1622c-2ace-4e7f-ba1f-ace3959b6740243126680, androidx.camera.core.ImageAnalysis-87fdd7df-6d60-4c8f-afb9-a17f8e45f8d283803633] for camera: 0
2026-03-18 17:24:31.902 25186-25186 PreviewView             com.example.mamunbingoapp            D  Preview transformation info updated. TransformationInfo{getCropRect=Rect(0, 0 - 1440, 1080), getRotationDegrees=90, getTargetRotation=0, hasCameraTransform=true, getSensorToBufferTransform=Matrix{[0.35714287, 0.0, -0.0][0.0, 0.35714287, -0.0][0.0, 0.0, 1.0]}, isMirroring=false}
2026-03-18 17:24:31.902 25186-25186 PreviewTransform        com.example.mamunbingoapp            D  Transformation info set: TransformationInfo{getCropRect=Rect(0, 0 - 1440, 1080), getRotationDegrees=90, getTargetRotation=0, hasCameraTransform=true, getSensorToBufferTransform=Matrix{[0.35714287, 0.0, -0.0][0.0, 0.35714287, -0.0][0.0, 0.0, 1.0]}, isMirroring=false} 1440x1080 false
2026-03-18 17:24:31.904   674-1104  CameraService           cameraserver                         I  CameraService::connect call (PID -1 "com.example.mamunbingoapp", camera ID 0) and Camera API version 2
2026-03-18 17:24:31.904   674-1104  CameraService           cameraserver                         I  isUidActiveLocked E: uid 10340, callingPackage com.example.mamunbingoapp, isRegistered true
2026-03-18 17:24:31.904   674-1104  CameraService           cameraserver                         I  isUidActiveLocked X: uid 10340, callingPackage com.example.mamunbingoapp, isActive true.
2026-03-18 17:24:31.906   674-1104  CameraService           cameraserver                         I  CameraService::validateClientPermissionsLocked is ok : calling pid 25186, calling uid 10340, client com.example.mamunbingoapp , cameraservice pid=674, device user 0, currently allowed device users: 0
2026-03-18 17:24:31.907   674-1104  Camera2ClientBase       cameraserver                         I  Camera 0: Opened. Client: com.example.mamunbingoapp (PID 25186, UID 10340)
2026-03-18 17:24:31.907   674-1104  CameraService           cameraserver                         I  service.camera.client set to com.example.mamunbingoapp
2026-03-18 17:24:31.907   674-1104  CameraService           cameraserver                         I  startCameraOps: Start camera ops, package name = com.example.mamunbingoapp, client UID = 10340
2026-03-18 17:24:31.911 25186-25186 SurfaceViewImpl         com.example.mamunbingoapp            D  Wait for new Surface creation.
2026-03-18 17:24:31.917 25186-25576 CameraManagerGlobal     com.example.mamunbingoapp            I  postSingleUpdate device: camera id 0 status STATUS_NOT_AVAILABLE
2026-03-18 17:24:31.918 25186-25576 CameraManagerGlobal     com.example.mamunbingoapp            I  postSingleUpdate device: camera id 0 status STATUS_NOT_AVAILABLE
2026-03-18 17:24:31.919 25186-25283 Camera2PresenceSrc      com.example.mamunbingoapp            D  System onCameraUnavailable: 0
2026-03-18 17:24:31.919 25186-25576 CameraManagerGlobal     com.example.mamunbingoapp            I  postSingleUpdate device: camera id 0 status STATUS_NOT_AVAILABLE
2026-03-18 17:24:31.920 25186-25576 CameraManagerGlobal     com.example.mamunbingoapp            I  postSingleUpdate device: camera id 0 status STATUS_NOT_AVAILABLE
2026-03-18 17:24:31.920   564-973   Unihal                  ven...e.camera.provider@4.0-service  I  UniHal3InterfaceEntry.cpp: uni_set_parameters: 506: set_parameters : pkgName=com.example.mamunbingoapp;
2026-03-18 17:24:31.920   564-973   ExynosCame...rationsSec ven...e.camera.provider@4.0-service  I  [CAM(0)][Back_0]-(checkClientPackageName[1493]):packageName (com.example.mamunbingoapp) cameraClient (0)
2026-03-18 17:24:31.920   674-1104  CameraService           cameraserver                         I  connectHelper: Skip Request Injector ExtraRequests to new client(com.example.mamunbingoapp)
2026-03-18 17:24:31.920   674-1104  CameraServ...oxyWrapper cameraserver                         I  updateProxyDeviceState: notifyCameraState for Camera ID 0, newState 0, facing 0, clientName com.example.mamunbingoapp, apiLevel 2
2026-03-18 17:24:31.920 25186-25576 CameraManagerGlobal     com.example.mamunbingoapp            I  postSingleUpdate device: camera id 0 status STATUS_NOT_AVAILABLE
2026-03-18 17:24:31.920  2771-31212 CameraManagerGlobal     com.sec.android.sdhms                I  Camera 0 facing CAMERA_FACING_BACK state now CAMERA_STATE_OPEN for client com.example.mamunbingoapp API Level 2
2026-03-18 17:24:31.920   999-7149  CameraManagerGlobal     system_server                        I  Camera 0 facing CAMERA_FACING_BACK state now CAMERA_STATE_OPEN for client com.example.mamunbingoapp API Level 2
2026-03-18 17:24:31.921  1338-1871  CameraManagerGlobal     com.android.systemui                 I  Camera 0 facing CAMERA_FACING_BACK state now CAMERA_STATE_OPEN for client com.example.mamunbingoapp API Level 2
2026-03-18 17:24:31.921 18071-18085 CameraManagerGlobal     com....android.googlequicksearchbox  I  Camera 0 facing CAMERA_FACING_BACK state now CAMERA_STATE_OPEN for client com.example.mamunbingoapp API Level 2
2026-03-18 17:24:31.921  9583-11600 CameraManagerGlobal     com....android.googlequicksearchbox  I  Camera 0 facing CAMERA_FACING_BACK state now CAMERA_STATE_OPEN for client com.example.mamunbingoapp API Level 2
2026-03-18 17:24:31.921 25186-25576 CameraManagerGlobal     com.example.mamunbingoapp            I  Camera 0 facing CAMERA_FACING_BACK state now CAMERA_STATE_OPEN for client com.example.mamunbingoapp API Level 2
2026-03-18 17:24:31.922 23043-23072 CameraManagerGlobal     com...sung.android.vtcamerasettings  I  Camera 0 facing CAMERA_FACING_BACK state now CAMERA_STATE_OPEN for client com.example.mamunbingoapp API Level 2
2026-03-18 17:24:31.922 25186-25286 Camera2PresenceSrc      com.example.mamunbingoapp            D  [FetchData] Refreshed camera list: CameraIdentifier{cameraIds=0}, CameraIdentifier{cameraIds=1}, CameraIdentifier{cameraIds=2}, CameraIdentifier{cameraIds=3}
2026-03-18 17:24:31.923 25186-25285 Camera2CameraImpl       com.example.mamunbingoapp            D  {Camera@e92516f[id=0]} Use case androidx.camera.core.Preview-56c1622c-2ace-4e7f-ba1f-ace3959b6740243126680 ACTIVE
2026-03-18 17:24:31.924 25186-25285 UseCaseAttachState      com.example.mamunbingoapp            D  Active and attached use case: [androidx.camera.core.Preview-56c1622c-2ace-4e7f-ba1f-ace3959b6740243126680, androidx.camera.core.ImageAnalysis-87fdd7df-6d60-4c8f-afb9-a17f8e45f8d283803633] for camera: 0
2026-03-18 17:24:31.926   582-2003  SurfaceFlinger          surfaceflinger                       I  id=39029 createSurf (0x0),-1 flag=80004, SurfaceView - com.example.mamunbingoapp/com.example.mamunbingoapp.MainActivity@692f0e0@0#0
2026-03-18 17:24:31.926   582-2003  SurfaceFlinger          surfaceflinger                       I  id=39030 createSurf (0x0),-1 flag=40400, SurfaceView - com.example.mamunbingoapp/com.example.mamunbingoapp.MainActivity@692f0e0@0(BLAST)#0
2026-03-18 17:24:31.926 25186-25285 Camera2CameraImpl       com.example.mamunbingoapp            D  {Camera@e92516f[id=0]} Use case androidx.camera.core.ImageAnalysis-87fdd7df-6d60-4c8f-afb9-a17f8e45f8d283803633 ACTIVE
2026-03-18 17:24:31.926   582-2003  SurfaceFlinger          surfaceflinger                       I  id=39031 createSurf (0x0),-1 flag=20404, Background for SurfaceView - com.example.mamunbingoapp/com.example.mamunbingoapp.MainActivity@692f0e0@0#0
2026-03-18 17:24:31.926 25186-25285 UseCaseAttachState      com.example.mamunbingoapp            D  Active and attached use case: [androidx.camera.core.Preview-56c1622c-2ace-4e7f-ba1f-ace3959b6740243126680, androidx.camera.core.ImageAnalysis-87fdd7df-6d60-4c8f-afb9-a17f8e45f8d283803633] for camera: 0
2026-03-18 17:24:31.927 25186-25186 SurfaceView@692f0e0     com.example.mamunbingoapp            I  pST: sr = Rect(0, 0 - 1440, 1080) sw = 1440 sh = 1080
2026-03-18 17:24:31.927 25186-25186 SurfaceView@692f0e0     com.example.mamunbingoapp            I  onSSPAndSRT: pl = 0 pt = 0 sx = 1.0 sy = 1.0
2026-03-18 17:24:31.927 25186-25186 SurfaceView@692f0e0     com.example.mamunbingoapp            I  pST: mTmpTransaction.apply, mTmpTransaction = android.view.SurfaceControl$Transaction@767866a
2026-03-18 17:24:31.927 25186-25186 SurfaceView@692f0e0     com.example.mamunbingoapp            I  updateSurface: mVisible = true mSurface.isValid() = true
2026-03-18 17:24:31.927 25186-25186 SurfaceView@692f0e0     com.example.mamunbingoapp            I  updateSurface: mSurfaceCreated = false surfaceChanged = true visibleChanged = true
2026-03-18 17:24:31.927 25186-25186 SurfaceView@692f0e0     com.example.mamunbingoapp            I  surfaceCreated 1 #8 android.view.SurfaceView{692f0e0 V.E...... ......I. 0,0-1440,1080}
2026-03-18 17:24:31.927 25186-25186 SurfaceViewImpl         com.example.mamunbingoapp            D  Surface created.
2026-03-18 17:24:31.928 25186-25186 SurfaceView@692f0e0     com.example.mamunbingoapp            I  surfaceChanged (1440,1080) 1 #8 android.view.SurfaceView{692f0e0 V.E...... ......I. 0,0-1440,1080}
2026-03-18 17:24:31.928 25186-25186 SurfaceViewImpl         com.example.mamunbingoapp            D  Surface changed. Size: 1440x1080
2026-03-18 17:24:31.928 25186-25186 SurfaceViewImpl         com.example.mamunbingoapp            D  Surface set on Preview.
2026-03-18 17:24:31.928 25186-25285 Camera2CameraImpl       com.example.mamunbingoapp            D  {Camera@e92516f[id=0]} CameraDevice.onOpened()
2026-03-18 17:24:31.928 25186-25285 Camera2CameraImpl       com.example.mamunbingoapp            D  {Camera@e92516f[id=0]} Transitioning camera internal state: OPENING --> OPENED
2026-03-18 17:24:31.928 25186-25285 CameraStateRegistry     com.example.mamunbingoapp            D  Recalculating open cameras:
                                                                                                    Camera                                       State                 
                                                                                                    -------------------------------------------------------------------
                                                                                                    Camera@64388b9[id=2]                         UNKNOWN               
                                                                                                    Camera@8eaf726[id=1]                         UNKNOWN               
                                                                                                    Camera@e92516f[id=0]                         OPEN                  
                                                                                                    Camera@40af775[id=3]                         UNKNOWN               
                                                                                                    -------------------------------------------------------------------
                                                                                                    Open count: 1 (Max allowed: 1)
2026-03-18 17:24:31.928 25186-25285 CameraStateMachine      com.example.mamunbingoapp            D  New public camera state CameraState{type=OPEN, error=null} from OPEN and null
2026-03-18 17:24:31.928 25186-25285 CameraStateMachine      com.example.mamunbingoapp            D  Publishing new public camera state CameraState{type=OPEN, error=null}
2026-03-18 17:24:31.929 25186-25285 UseCaseAttachState      com.example.mamunbingoapp            D  All use case: [androidx.camera.core.Preview-56c1622c-2ace-4e7f-ba1f-ace3959b6740243126680, androidx.camera.core.ImageAnalysis-87fdd7df-6d60-4c8f-afb9-a17f8e45f8d283803633] for camera: 0
2026-03-18 17:24:31.929 25186-25285 StreamUseCaseUtil       com.example.mamunbingoapp            D  populateSurfaceToStreamUseCaseMapping() - streamUseCaseMap = {}
2026-03-18 17:24:31.929 25186-25186 ViewRootIm...nActivity] com.example.mamunbingoapp            I  [DP] dp(1) 1 android.view.SurfaceView.updateSurface:1375 android.view.SurfaceView.lambda$new$1$SurfaceView:254 android.view.SurfaceView$$ExternalSyntheticLambda2.onPreDraw:2 
2026-03-18 17:24:31.929 25186-25186 ViewRootIm...nActivity] com.example.mamunbingoapp            I  [DP] pdf(0) 1 android.view.SurfaceView.notifyDrawFinished:599 android.view.SurfaceView.performDrawFinished:586 android.view.SurfaceView.$r8$lambda$st27mCkd9jfJkTrN_P3qIGKX6NY:0 
2026-03-18 17:24:31.929 25186-25186 ViewRootIm...nActivity] com.example.mamunbingoapp            I  [DP] rdf()
2026-03-18 17:24:31.929 25186-25186 ViewRootIm...nActivity] com.example.mamunbingoapp            D  reportDrawFinished (fn: 109) 
2026-03-18 17:24:31.930 25186-25285 UseCaseAttachState      com.example.mamunbingoapp            D  Active and attached use case: [androidx.camera.core.Preview-56c1622c-2ace-4e7f-ba1f-ace3959b6740243126680, androidx.camera.core.ImageAnalysis-87fdd7df-6d60-4c8f-afb9-a17f8e45f8d283803633] for camera: 0
2026-03-18 17:24:31.930   999-6564  WindowManager           system_server                        D  finishDrawingWindow: Window{3677e50 u0 com.example.mamunbingoapp/com.example.mamunbingoapp.MainActivity} mDrawState=HAS_DRAWN
2026-03-18 17:24:31.931 25186-25186 SurfaceView@692f0e0     com.example.mamunbingoapp            I  pST: mTmpTransaction.apply, mTmpTransaction = android.view.SurfaceControl$Transaction@767866a
2026-03-18 17:24:31.931 25186-25186 SurfaceView@692f0e0     com.example.mamunbingoapp            I  updateSurface: mVisible = true mSurface.isValid() = true
2026-03-18 17:24:31.931 25186-25186 SurfaceView@692f0e0     com.example.mamunbingoapp            I  updateSurface: mSurfaceCreated = true surfaceChanged = false visibleChanged = false
2026-03-18 17:24:31.931 25186-25285 SyncCaptureSessionBase  com.example.mamunbingoapp            D  [androidx.camera.camera2.internal.SynchronizedCaptureSessionImpl@4cf5f0e] getSurface done with results: [Surface(name=null)/@0x26f9f36, Surface(name=null)/@0x3a80109]
2026-03-18 17:24:31.931 25186-25285 CaptureSession          com.example.mamunbingoapp            D  Opening capture session.
2026-03-18 17:24:31.932 25186-25285 Camera2Cap...estBuilder com.example.mamunbingoapp            D  template type = 1
2026-03-18 17:24:31.932 25186-25252 SurfaceView@692f0e0     com.example.mamunbingoapp            I  uSP: rtp = Rect(-131, 0 - 1211, 1788) rtsw = 1440 rtsh = 1080
2026-03-18 17:24:31.933 25186-25252 SurfaceView@692f0e0     com.example.mamunbingoapp            I  onSSPAndSRT: pl = -131 pt = 0 sx = 0.93194443 sy = 1.6555556
