2026-03-18 17:23:39.416   999-1036  WindowManager           system_server                        D  rotationForOrientation, orientationSource=ActivityRecord{ef57a89 u0 com.example.mamunbingoapp/.MainActivity t442}
2026-03-18 17:23:39.546   999-1038  SGM:GameManager         system_server                        D  identifyForegroundApp. com.example.mamunbingoapp, mCurrentUserId: 0, callerUserId: 0
2026-03-18 17:23:39.546   999-1038  SGM:PkgDataHelper       system_server                        D  getGamePkgData(). com.example.mamunbingoapp
2026-03-18 17:23:39.856 25186-25186 ViewRootIm...nActivity] com.example.mamunbingoapp            I  ViewPostIme pointer 0
2026-03-18 17:23:39.878 25186-25186 DecorView               com.example.mamunbingoapp            I  notifyKeepScreenOnChanged: keepScreenOn=false
2026-03-18 17:23:39.893   999-7149  WindowManager           system_server                        V  Relayout Window{232f514 u0 com.example.mamunbingoapp/com.example.mamunbingoapp.MainActivity}: viewVisibility=0 req=1079x2045 d0
2026-03-18 17:23:39.898 25186-25186 ViewRootIm...nActivity] com.example.mamunbingoapp            I  Relayout returned: old=(0,108,1079,2153) new=(0,108,1079,2153) req=(1079,2045)0 dur=5 res=0x1 s={true 539545001952} ch=false fn=4
2026-03-18 17:23:39.920 25186-25186 ViewRootIm...nActivity] com.example.mamunbingoapp            I  ViewPostIme pointer 1
2026-03-18 17:23:39.921 25186-25186 ManualEntry             com.example.mamunbingoapp            D  discard confirmed
2026-03-18 17:23:39.934 25186-25186 HistoryPhotoImport      com.example.mamunbingoapp            D  manualEntry opened with scannedNumbers count = 25, prefillOrder = columnMajor
2026-03-18 17:23:39.934 25186-25186 ManualEntry             com.example.mamunbingoapp            D  ManualEntryScreen composed, scannedNumbers.size=25
2026-03-18 17:23:39.934 25186-25186 ManualEntry             com.example.mamunbingoapp            D  Manual Entry open: source=null, total count=25, first 10 values=[7, 14, 4, 13, 9, 30, 19, 17, 16, 27]
2026-03-18 17:23:39.955 25186-25212 OpenGLRenderer          com.example.mamunbingoapp            D  setSurface called with nullptr
2026-03-18 17:23:39.955 25186-25212 OpenGLRenderer          com.example.mamunbingoapp            D  setSurface() destroyed EGLSurface
2026-03-18 17:23:39.955 25186-25212 OpenGLRenderer          com.example.mamunbingoapp            D  destroyEglSurface
2026-03-18 17:23:39.956 25186-25212 OpenGLRenderer          com.example.mamunbingoapp            D  endAllActiveAnimators on 0x7d2f6361b0 (UnprojectedRipple) with handle 0x7c3f5bef20
2026-03-18 17:23:39.956 25186-25186 ViewRootIm...nActivity] com.example.mamunbingoapp            I  dispatchDetachedFromWindow
2026-03-18 17:23:39.958   999-7149  InputManager-JNI        system_server                        W  Input channel object '232f514 com.example.mamunbingoapp/com.example.mamunbingoapp.MainActivity (client)' was disposed without first being removed with the input manager!
2026-03-18 17:23:39.959   999-7149  WindowManager           system_server                        I  Reparenting to leash, surface=Surface(name=232f514 com.example.mamunbingoapp/com.example.mamunbingoapp.MainActivity)/@0x76fd2ac, leashParent=Surface(name=ActivityRecord{ef57a89 u0 com.example.mamunbingoapp/.MainActivity t442})/@0x9ad2d4
2026-03-18 17:23:39.959   582-2434  SurfaceFlinger          surfaceflinger                       I  id=38976 createSurf (0x0),-1 flag=24000, Surface(name=232f514 com.example.mamunbingoapp/com.example.mamunbingoapp.MainActivity)/@0x76fd2ac - animation-leash of window_animation#0
2026-03-18 17:23:39.959   999-7149  WindowManager           system_server                        D  makeSurface duration=1 leash=Surface(name=Surface(name=232f514 com.example.mamunbingoapp/com.example.mamunbingoapp.MainActivity)/@0x76fd2ac - animation-leash of window_animation)/@0xa4f674f
2026-03-18 17:23:39.960   999-7149  WindowManager           system_server                        V  removeIfPossible 2, Window{232f514 u0 com.example.mamunbingoapp/com.example.mamunbingoapp.MainActivity}: mAnimatingExit=true caller=com.android.server.wm.WindowState.removeIfPossible:2984 com.android.server.wm.WindowManagerService.removeWindow:2266 com.android.server.wm.Session.remove:225 android.view.IWindowSession$Stub.onTransact:746 com.android.server.wm.Session.onTransact:176 
2026-03-18 17:23:39.961   999-7149  WindowManager           system_server                        V  Changing focus from Window{232f514 u0 com.example.mamunbingoapp/com.example.mamunbingoapp.MainActivity EXITING} to Window{3677e50 u0 com.example.mamunbingoapp/com.example.mamunbingoapp.MainActivity} displayId=0 Callers=com.android.server.wm.RootWindowContainer.updateFocusedWindowLocked:583 com.android.server.wm.WindowManagerService.updateFocusedWindowLocked:6497 com.android.server.wm.WindowState.setupWindowForRemoveOnExit:3175 com.android.server.wm.WindowState.removeIfPossible:3143 
2026-03-18 17:23:39.961   999-7149  MARsPolicyManager       system_server                        D  onPackageResumedFG pkgName = com.example.mamunbingoapp, userId = 0
2026-03-18 17:23:39.966 25186-25186 InputTransport          com.example.mamunbingoapp            D  Input channel destroyed: '232f514', fd=125
2026-03-18 17:23:39.977   999-7149  InputDispatcher         system_server                        D  Focus left window (0): 232f514 com.example.mamunbingoapp/com.example.mamunbingoapp.MainActivity
2026-03-18 17:23:39.992   999-6566  InputDispatcher         system_server                        D  Focus entered window (0): 3677e50 com.example.mamunbingoapp/com.example.mamunbingoapp.MainActivity
2026-03-18 17:23:40.044 25186-25186 HistoryPhotoImport      com.example.mamunbingoapp            D  manualEntry opened with scannedNumbers count = 25, prefillOrder = columnMajor
2026-03-18 17:23:40.044 25186-25186 ManualEntry             com.example.mamunbingoapp            D  ManualEntryScreen composed, scannedNumbers.size=25
2026-03-18 17:23:40.044 25186-25186 ManualEntry             com.example.mamunbingoapp            D  Manual Entry open: source=null, total count=25, first 10 values=[7, 14, 4, 13, 9, 30, 19, 17, 16, 27]
2026-03-18 17:23:40.053 25186-25186 InsetsSourceConsumer    com.example.mamunbingoapp            D  ensureControlAlpha: for ITYPE_NAVIGATION_BAR on com.example.mamunbingoapp/com.example.mamunbingoapp.MainActivity
2026-03-18 17:23:40.054 25186-25186 InsetsSourceConsumer    com.example.mamunbingoapp            D  ensureControlAlpha: for ITYPE_STATUS_BAR on com.example.mamunbingoapp/com.example.mamunbingoapp.MainActivity
2026-03-18 17:23:40.059 25186-25186 ResolvedFeatureGroup    com.example.mamunbingoapp            D  resolveFeatureGroup: sessionConfig = androidx.camera.core.LegacySessionConfig@ce34c2f, lensFacing = 1
2026-03-18 17:23:40.059 25186-25186 CameraUseCaseAdapter    com.example.mamunbingoapp            D  addUseCases: appUseCasesToAdd = [Preview:androidx.camera.core.Preview-00cdd450-397f-4acf-86ff-4b85cb4eeeed, ImageAnalysis:androidx.camera.core.ImageAnalysis-703ddc31-821c-410d-b25f-c5e7eeca351d], featureGroup = null
2026-03-18 17:23:40.067 25186-25288 TransportR...EventStore com.example.mamunbingoapp            D  Storing event with priority=DEFAULT, name=FIREBASE_ML_SDK for destination cct
2026-03-18 17:23:40.073 25186-25186 UseCase                 com.example.mamunbingoapp            D  applyFeaturesToConfig: mFeatureGroup = null, this = Preview:androidx.camera.core.Preview-00cdd450-397f-4acf-86ff-4b85cb4eeeed
2026-03-18 17:23:40.074 25186-25288 TransportR...oScheduler com.example.mamunbingoapp            D  Upload for context TransportContext(cct, DEFAULT, MSRodHRwczovL2ZpcmViYXNlbG9nZ2luZy5nb29nbGVhcGlzLmNvbS92MGNjL2xvZy9iYXRjaD9mb3JtYXQ9anNvbl9wcm90bzNc) is already scheduled. Returning...
2026-03-18 17:23:40.074 25186-25186 SupportedO...sCollector com.example.mamunbingoapp            D  useCaseConfig = androidx.camera.core.impl.PreviewConfig@957f23c, candidateSizes = [4032x3024, 4032x2268, 3024x3024, 3840x2160, 4032x1908, 1920x1440, 2288x1080, 1920x1080, 1920x912, 1440x1080, 1088x1088, 1280x720, 960x720, 960x540, 800x600, 720x480, 640x480, 640x360, 352x288, 320x240, 256x144, 176x144]
2026-03-18 17:23:40.075 25186-25186 UseCase                 com.example.mamunbingoapp            D  applyFeaturesToConfig: mFeatureGroup = null, this = ImageAnalysis:androidx.camera.core.ImageAnalysis-703ddc31-821c-410d-b25f-c5e7eeca351d
2026-03-18 17:23:40.076 25186-25186 SupportedO...sCollector com.example.mamunbingoapp            D  useCaseConfig = androidx.camera.core.impl.ImageAnalysisConfig@ca89bc5, candidateSizes = [4032x3024, 4032x2268, 3024x3024, 3840x2160, 4032x1908, 1920x1440, 2288x1080, 1920x1080, 1920x912, 1440x1080, 1088x1088, 1280x720, 960x720, 960x540, 800x600, 720x480, 640x480, 640x360, 352x288, 320x240, 256x144, 176x144]
2026-03-18 17:23:40.079 25186-25186 DynamicRangeResolver    com.example.mamunbingoapp            D  Resolved dynamic range for use case androidx.camera.core.Preview-00cdd450-397f-4acf-86ff-4b85cb4eeeed to no compatible HDR dynamic ranges.
                                                                                                    DynamicRange@b6d05e3{encoding=UNSPECIFIED, bitDepth=0}
                                                                                                    ->
                                                                                                    DynamicRange@62ecdba{encoding=SDR, bitDepth=8}
2026-03-18 17:23:40.080 25186-25186 SupportedS...ombination com.example.mamunbingoapp            D  resolvedDynamicRanges = {androidx.camera.core.impl.PreviewConfig@957f23c=DynamicRange@62ecdba{encoding=SDR, bitDepth=8}, androidx.camera.core.impl.ImageAnalysisConfig@ca89bc5=DynamicRange@62ecdba{encoding=SDR, bitDepth=8}}
2026-03-18 17:23:40.080 25186-25186 SupportedS...ombination com.example.mamunbingoapp            D  resolveSpecsByCheckingMethod: checkingMethod = WITHOUT_FEATURE_COMBO
2026-03-18 17:23:40.081 25186-25186 SupportedS...ombination com.example.mamunbingoapp            D  resolveSpecsBySettings: featureSettings = FeatureSettings{getCameraMode=0, hasVideoCapture=false, getRequiredMaxBitDepth=8, isPreviewStabilizationOn=false, isUltraHdrOn=false, isHighSpeedOn=false, isFeatureComboInvocation=false, requiresFeatureComboQuery=false, getTargetFpsRange=[0, 0], isStrictFpsRequired=false}
2026-03-18 17:23:40.084 25186-25186 CameraQuirks            com.example.mamunbingoapp            D  camera2 CameraQuirks = 
2026-03-18 17:23:40.084 25186-25186 CameraQuirks            com.example.mamunbingoapp            D  camera2 CameraQuirks = 
2026-03-18 17:23:40.085 25186-25186 SupportedS...ombination com.example.mamunbingoapp            D  resolveSpecsBySettings: bestSizesAndFps = BestSizesAndMaxFpsForConfigs{bestSizes=[1440x1080, 640x480], bestSizesForStreamUseCase=null, maxFpsForBestSizes=60, maxFpsForStreamUseCase=2147483647, maxFpsForAllSizes=2147483647}
2026-03-18 17:23:40.086 25186-25186 UseCase                 com.example.mamunbingoapp            D  applyFeaturesToConfig: mFeatureGroup = null, this = Preview:androidx.camera.core.Preview-00cdd450-397f-4acf-86ff-4b85cb4eeeed
2026-03-18 17:23:40.087 25186-25186 Preview                 com.example.mamunbingoapp            D  onSuggestedStreamSpecUpdated: primaryStreamSpec = StreamSpec{resolution=1440x1080, originalConfiguredResolution=1440x1080, dynamicRange=DynamicRange@62ecdba{encoding=SDR, bitDepth=8}, sessionType=0, expectedFrameRateRange=[0, 0], implementationOptions=androidx.camera.camera2.impl.Camera2ImplConfig@29e891a, zslDisabled=false}, secondaryStreamSpec null
2026-03-18 17:23:40.087 25186-25186 DeferrableSurface       com.example.mamunbingoapp            D  Surface created[total_surfaces=1, used_surfaces=0](androidx.camera.core.processing.SurfaceEdge$SettableSurface@f627c4b}
2026-03-18 17:23:40.088 25186-25186 DeferrableSurface       com.example.mamunbingoapp            D  Surface created[total_surfaces=2, used_surfaces=0](androidx.camera.core.SurfaceRequest$2@b5a9227}
2026-03-18 17:23:40.089 25186-25186 DeferrableSurface       com.example.mamunbingoapp            D  New surface in use[total_surfaces=2, used_surfaces=1](androidx.camera.core.SurfaceRequest$2@b5a9227}
2026-03-18 17:23:40.089 25186-25186 DeferrableSurface       com.example.mamunbingoapp            D  use count+1, useCount=1 androidx.camera.core.SurfaceRequest$2@b5a9227
2026-03-18 17:23:40.090 25186-25186 UseCase                 com.example.mamunbingoapp            D  applyFeaturesToConfig: mFeatureGroup = null, this = ImageAnalysis:androidx.camera.core.ImageAnalysis-703ddc31-821c-410d-b25f-c5e7eeca351d
2026-03-18 17:23:40.091 25186-25186 ImageAnalysis           com.example.mamunbingoapp            D  onSuggestedStreamSpecUpdated: primaryStreamSpec = StreamSpec{resolution=640x480, originalConfiguredResolution=640x480, dynamicRange=DynamicRange@62ecdba{encoding=SDR, bitDepth=8}, sessionType=0, expectedFrameRateRange=[0, 0], implementationOptions=androidx.camera.camera2.impl.Camera2ImplConfig@2e16240, zslDisabled=false}, secondaryStreamSpec null
2026-03-18 17:23:40.092 25186-25186 DeferrableSurface       com.example.mamunbingoapp            D  Surface created[total_surfaces=3, used_surfaces=1](androidx.camera.core.impl.ImmediateSurface@3668579}
2026-03-18 17:23:40.093 25186-25285 Camera2CameraImpl       com.example.mamunbingoapp            D  {Camera@e92516f[id=0]} Use case androidx.camera.core.Preview-00cdd450-397f-4acf-86ff-4b85cb4eeeed201885705 ACTIVE
2026-03-18 17:23:40.093 25186-25285 UseCaseAttachState      com.example.mamunbingoapp            D  Active and attached use case: [] for camera: 0
2026-03-18 17:23:40.093 25186-25186 ViewRootIm...nActivity] com.example.mamunbingoapp            I  MSG_WINDOW_FOCUS_CHANGED 1 1
2026-03-18 17:23:40.094 25186-25285 Camera2CameraImpl       com.example.mamunbingoapp            D  {Camera@e92516f[id=0]} Use case androidx.camera.core.ImageAnalysis-703ddc31-821c-410d-b25f-c5e7eeca351d151706126 ACTIVE
2026-03-18 17:23:40.094 25186-25285 UseCaseAttachState      com.example.mamunbingoapp            D  Active and attached use case: [] for camera: 0
2026-03-18 17:23:40.094 25186-25285 Camera2CameraImpl       com.example.mamunbingoapp            D  {Camera@e92516f[id=0]} Use cases [androidx.camera.core.Preview-00cdd450-397f-4acf-86ff-4b85cb4eeeed201885705, androidx.camera.core.ImageAnalysis-703ddc31-821c-410d-b25f-c5e7eeca351d151706126] now ATTACHED
2026-03-18 17:23:40.094 25186-25285 Camera2CameraControlImp com.example.mamunbingoapp            D  setActive: isActive = true
2026-03-18 17:23:40.094 25186-25186 InputMethodManager      com.example.mamunbingoapp            D  startInputInner - Id : 0
2026-03-18 17:23:40.094 25186-25186 InputMethodManager      com.example.mamunbingoapp            I  startInputInner - mService.startInputOrWindowGainedFocus
2026-03-18 17:23:40.095 25186-25285 UseCaseAttachState      com.example.mamunbingoapp            D  All use case: [androidx.camera.core.Preview-00cdd450-397f-4acf-86ff-4b85cb4eeeed201885705, androidx.camera.core.ImageAnalysis-703ddc31-821c-410d-b25f-c5e7eeca351d151706126] for camera: 0
2026-03-18 17:23:40.095 25186-25285 UseCaseAttachState      com.example.mamunbingoapp            D  Active and attached use case: [androidx.camera.core.Preview-00cdd450-397f-4acf-86ff-4b85cb4eeeed201885705, androidx.camera.core.ImageAnalysis-703ddc31-821c-410d-b25f-c5e7eeca351d151706126] for camera: 0
2026-03-18 17:23:40.100 25186-25186 PreviewView             com.example.mamunbingoapp            D  Surface requested by Preview.
2026-03-18 17:23:40.101 25186-25285 Camera2CameraImpl       com.example.mamunbingoapp            D  {Camera@e92516f[id=0]} Resetting Capture Session
2026-03-18 17:23:40.101 25186-25285 Camera2CameraImpl       com.example.mamunbingoapp            D  {Camera@e92516f[id=0]} Skipping Capture Session state check due to current camera state: INITIALIZED and previous session status: false
2026-03-18 17:23:40.102 25186-25285 Camera2CameraImpl       com.example.mamunbingoapp            D  {Camera@e92516f[id=0]} Releasing session in state INITIALIZED
2026-03-18 17:23:40.102 25186-25285 Camera2CameraImpl       com.example.mamunbingoapp            D  {Camera@e92516f[id=0]} Attempting to force open the camera.
2026-03-18 17:23:40.102 25186-25285 CameraStateRegistry     com.example.mamunbingoapp            D  tryOpenCamera(Camera@e92516f[id=0]) [Available Cameras: 1, Already Open: false (Previous state: CLOSED)] --> SUCCESS
2026-03-18 17:23:40.103 25186-25186 SurfaceView@c8b8b96     com.example.mamunbingoapp            I  onWindowVisibilityChanged(0) true android.view.SurfaceView{c8b8b96 V.E...... ......I. 0,0-0,0} of ViewRootImpl@23a75c9[MainActivity]
2026-03-18 17:23:40.104 25186-25285 CameraStateRegistry     com.example.mamunbingoapp            D  Recalculating open cameras:
                                                                                                    Camera                                       State                 
                                                                                                    -------------------------------------------------------------------
                                                                                                    Camera@64388b9[id=2]                         UNKNOWN               
                                                                                                    Camera@8eaf726[id=1]                         UNKNOWN               
                                                                                                    Camera@e92516f[id=0]                         OPENING               
                                                                                                    Camera@40af775[id=3]                         UNKNOWN               
                                                                                                    -------------------------------------------------------------------
                                                                                                    Open count: 1 (Max allowed: 1)
2026-03-18 17:23:40.104 25186-25285 Camera2CameraImpl       com.example.mamunbingoapp            D  {Camera@e92516f[id=0]} Opening camera.
2026-03-18 17:23:40.104 25186-25285 Camera2CameraImpl       com.example.mamunbingoapp            D  {Camera@e92516f[id=0]} Transitioning camera internal state: INITIALIZED --> OPENING
2026-03-18 17:23:40.104 25186-25186 PreviewView             com.example.mamunbingoapp            D  Preview transformation info updated. TransformationInfo{getCropRect=Rect(0, 0 - 1440, 1080), getRotationDegrees=90, getTargetRotation=0, hasCameraTransform=true, getSensorToBufferTransform=Matrix{[0.35714287, 0.0, -0.0][0.0, 0.35714287, -0.0][0.0, 0.0, 1.0]}, isMirroring=false}
2026-03-18 17:23:40.105 25186-25285 CameraStateMachine      com.example.mamunbingoapp            D  New public camera state CameraState{type=OPENING, error=null} from OPENING and null
2026-03-18 17:23:40.105 25186-25285 CameraStateMachine      com.example.mamunbingoapp            D  Publishing new public camera state CameraState{type=OPENING, error=null}
2026-03-18 17:23:40.105 25186-25186 PreviewTransform        com.example.mamunbingoapp            D  Transformation info set: TransformationInfo{getCropRect=Rect(0, 0 - 1440, 1080), getRotationDegrees=90, getTargetRotation=0, hasCameraTransform=true, getSensorToBufferTransform=Matrix{[0.35714287, 0.0, -0.0][0.0, 0.35714287, -0.0][0.0, 0.0, 1.0]}, isMirroring=false} 1440x1080 false
2026-03-18 17:23:40.105 25186-25285 UseCaseAttachState      com.example.mamunbingoapp            D  All use case: [androidx.camera.core.Preview-00cdd450-397f-4acf-86ff-4b85cb4eeeed201885705, androidx.camera.core.ImageAnalysis-703ddc31-821c-410d-b25f-c5e7eeca351d151706126] for camera: 0
2026-03-18 17:23:40.107   674-23799 CameraService           cameraserver                         I  CameraService::connect call (PID -1 "com.example.mamunbingoapp", camera ID 0) and Camera API version 2
2026-03-18 17:23:40.107   674-23799 CameraService           cameraserver                         I  isUidActiveLocked E: uid 10340, callingPackage com.example.mamunbingoapp, isRegistered true
2026-03-18 17:23:40.107   674-23799 CameraService           cameraserver                         I  isUidActiveLocked X: uid 10340, callingPackage com.example.mamunbingoapp, isActive true.
2026-03-18 17:23:40.111   674-23799 CameraService           cameraserver                         I  CameraService::validateClientPermissionsLocked is ok : calling pid 25186, calling uid 10340, client com.example.mamunbingoapp , cameraservice pid=674, device user 0, currently allowed device users: 0
2026-03-18 17:23:40.112   674-23799 Camera2ClientBase       cameraserver                         I  Camera 0: Opened. Client: com.example.mamunbingoapp (PID 25186, UID 10340)
2026-03-18 17:23:40.113   674-23799 CameraService           cameraserver                         I  service.camera.client set to com.example.mamunbingoapp
2026-03-18 17:23:40.113   674-23799 CameraService           cameraserver                         I  startCameraOps: Start camera ops, package name = com.example.mamunbingoapp, client UID = 10340
2026-03-18 17:23:40.114 25186-25186 SurfaceViewImpl         com.example.mamunbingoapp            D  Wait for new Surface creation.
2026-03-18 17:23:40.116 25186-25202 CameraManagerGlobal     com.example.mamunbingoapp            I  postSingleUpdate device: camera id 0 status STATUS_NOT_AVAILABLE
2026-03-18 17:23:40.116 25186-25202 CameraManagerGlobal     com.example.mamunbingoapp            I  postSingleUpdate device: camera id 0 status STATUS_NOT_AVAILABLE
2026-03-18 17:23:40.116 25186-25202 CameraManagerGlobal     com.example.mamunbingoapp            I  postSingleUpdate device: camera id 0 status STATUS_NOT_AVAILABLE
2026-03-18 17:23:40.116 25186-25202 CameraManagerGlobal     com.example.mamunbingoapp            I  postSingleUpdate device: camera id 0 status STATUS_NOT_AVAILABLE
2026-03-18 17:23:40.116 25186-25202 CameraManagerGlobal     com.example.mamunbingoapp            I  postSingleUpdate device: camera id 0 status STATUS_NOT_AVAILABLE
2026-03-18 17:23:40.117 25186-25283 Camera2PresenceSrc      com.example.mamunbingoapp            D  System onCameraUnavailable: 0
2026-03-18 17:23:40.118 25186-25286 Camera2PresenceSrc      com.example.mamunbingoapp            D  [FetchData] Refreshed camera list: CameraIdentifier{cameraIds=0}, CameraIdentifier{cameraIds=1}, CameraIdentifier{cameraIds=2}, CameraIdentifier{cameraIds=3}
2026-03-18 17:23:40.123   564-21749 Unihal                  ven...e.camera.provider@4.0-service  I  UniHal3InterfaceEntry.cpp: uni_set_parameters: 506: set_parameters : pkgName=com.example.mamunbingoapp;
2026-03-18 17:23:40.123   564-21749 ExynosCame...rationsSec ven...e.camera.provider@4.0-service  I  [CAM(0)][Back_0]-(checkClientPackageName[1493]):packageName (com.example.mamunbingoapp) cameraClient (0)
2026-03-18 17:23:40.123   674-23799 CameraService           cameraserver                         I  connectHelper: Skip Request Injector ExtraRequests to new client(com.example.mamunbingoapp)
2026-03-18 17:23:40.123   674-23799 CameraServ...oxyWrapper cameraserver                         I  updateProxyDeviceState: notifyCameraState for Camera ID 0, newState 0, facing 0, clientName com.example.mamunbingoapp, apiLevel 2
2026-03-18 17:23:40.124  1338-2218  CameraManagerGlobal     com.android.systemui                 I  Camera 0 facing CAMERA_FACING_BACK state now CAMERA_STATE_OPEN for client com.example.mamunbingoapp API Level 2
2026-03-18 17:23:40.124   999-7149  CameraManagerGlobal     system_server                        I  Camera 0 facing CAMERA_FACING_BACK state now CAMERA_STATE_OPEN for client com.example.mamunbingoapp API Level 2
2026-03-18 17:23:40.124  2771-19125 CameraManagerGlobal     com.sec.android.sdhms                I  Camera 0 facing CAMERA_FACING_BACK state now CAMERA_STATE_OPEN for client com.example.mamunbingoapp API Level 2
2026-03-18 17:23:40.125   999-1039  WindowManager           system_server                        I  Reparenting to original parent: Surface(name=ActivityRecord{ef57a89 u0 com.example.mamunbingoapp/.MainActivity t442})/@0x9ad2d4, destroy=true, surface=Surface(name=232f514 com.example.mamunbingoapp/com.example.mamunbingoapp.MainActivity)/@0x76fd2ac
2026-03-18 17:23:40.125   999-1039  WindowManager           system_server                        E  win=Window{232f514 u0 com.example.mamunbingoapp/com.example.mamunbingoapp.MainActivity EXITING} destroySurfaces: appStopped=false win.mWindowRemovalAllowed=true win.mRemoveOnExit=true win.mViewVisibility=0 caller=com.android.server.wm.ActivityRecord.destroySurfaces:5867 com.android.server.wm.ActivityRecord.destroySurfaces:5848 com.android.server.wm.WindowState.onExitAnimationDone:5992 com.android.server.wm.WindowStateAnimator.onAnimationFinished:242 com.android.server.wm.WindowState.onAnimationFinished:6245 com.android.server.wm.WindowContainer$$ExternalSyntheticLambda0.onAnimationFinished:2 com.android.server.wm.SurfaceAnimator.lambda$getFinishedCallback$0$SurfaceAnimator:113 
2026-03-18 17:23:40.125   999-1039  WindowManager           system_server                        I  Destroying surface Surface(name=com.example.mamunbingoapp/com.example.mamunbingoapp.MainActivity$_25186)/@0xa511e5e called by com.android.server.wm.WindowStateAnimator.destroySurface:987 com.android.server.wm.WindowStateAnimator.destroySurfaceLocked:518 com.android.server.wm.WindowState.destroySurfaceUnchecked:4246 com.android.server.wm.WindowState.destroySurface:4220 com.android.server.wm.ActivityRecord.destroySurfaces:5867 com.android.server.wm.ActivityRecord.destroySurfaces:5848 com.android.server.wm.WindowState.onExitAnimationDone:5992 com.android.server.wm.WindowStateAnimator.onAnimationFinished:242 
2026-03-18 17:23:40.127 23043-23165 CameraManagerGlobal     com...sung.android.vtcamerasettings  I  Camera 0 facing CAMERA_FACING_BACK state now CAMERA_STATE_OPEN for client com.example.mamunbingoapp API Level 2
2026-03-18 17:23:40.128   582-676   SurfaceFlinger          surfaceflinger                       I  id=38981 createSurf (0x0),-1 flag=80004, SurfaceView - com.example.mamunbingoapp/com.example.mamunbingoapp.MainActivity@c8b8b96@0#0
2026-03-18 17:23:40.128 18071-19495 CameraManagerGlobal     com....android.googlequicksearchbox  I  Camera 0 facing CAMERA_FACING_BACK state now CAMERA_STATE_OPEN for client com.example.mamunbingoapp API Level 2
2026-03-18 17:23:40.129 25186-25410 CameraManagerGlobal     com.example.mamunbingoapp            I  Camera 0 facing CAMERA_FACING_BACK state now CAMERA_STATE_OPEN for client com.example.mamunbingoapp API Level 2
2026-03-18 17:23:40.129  9583-9659  CameraManagerGlobal     com....android.googlequicksearchbox  I  Camera 0 facing CAMERA_FACING_BACK state now CAMERA_STATE_OPEN for client com.example.mamunbingoapp API Level 2
2026-03-18 17:23:40.130   582-676   SurfaceFlinger          surfaceflinger                       I  id=38982 createSurf (0x0),-1 flag=40400, SurfaceView - com.example.mamunbingoapp/com.example.mamunbingoapp.MainActivity@c8b8b96@0(BLAST)#0
2026-03-18 17:23:40.131 25186-25285 Camera2CameraImpl       com.example.mamunbingoapp            D  {Camera@e92516f[id=0]} Use case androidx.camera.core.Preview-00cdd450-397f-4acf-86ff-4b85cb4eeeed201885705 ACTIVE
2026-03-18 17:23:40.131   582-676   SurfaceFlinger          surfaceflinger                       I  id=38983 createSurf (0x0),-1 flag=20404, Background for SurfaceView - com.example.mamunbingoapp/com.example.mamunbingoapp.MainActivity@c8b8b96@0#0
2026-03-18 17:23:40.131 25186-25285 UseCaseAttachState      com.example.mamunbingoapp            D  Active and attached use case: [androidx.camera.core.Preview-00cdd450-397f-4acf-86ff-4b85cb4eeeed201885705, androidx.camera.core.ImageAnalysis-703ddc31-821c-410d-b25f-c5e7eeca351d151706126] for camera: 0
2026-03-18 17:23:40.132 25186-25186 SurfaceView@c8b8b96     com.example.mamunbingoapp            I  pST: sr = Rect(0, 0 - 1440, 1080) sw = 1440 sh = 1080
2026-03-18 17:23:40.133 25186-25285 Camera2CameraImpl       com.example.mamunbingoapp            D  {Camera@e92516f[id=0]} Use case androidx.camera.core.ImageAnalysis-703ddc31-821c-410d-b25f-c5e7eeca351d151706126 ACTIVE
2026-03-18 17:23:40.133 25186-25285 UseCaseAttachState      com.example.mamunbingoapp            D  Active and attached use case: [androidx.camera.core.Preview-00cdd450-397f-4acf-86ff-4b85cb4eeeed201885705, androidx.camera.core.ImageAnalysis-703ddc31-821c-410d-b25f-c5e7eeca351d151706126] for camera: 0
2026-03-18 17:23:40.134 25186-25186 SurfaceView@c8b8b96     com.example.mamunbingoapp            I  onSSPAndSRT: pl = 0 pt = 0 sx = 1.0 sy = 1.0
2026-03-18 17:23:40.134 25186-25186 SurfaceView@c8b8b96     com.example.mamunbingoapp            I  pST: mTmpTransaction.apply, mTmpTransaction = android.view.SurfaceControl$Transaction@931db70
2026-03-18 17:23:40.137 25186-25186 SurfaceView@c8b8b96     com.example.mamunbingoapp            I  updateSurface: mVisible = true mSurface.isValid() = true
2026-03-18 17:23:40.137 25186-25186 SurfaceView@c8b8b96     com.example.mamunbingoapp            I  updateSurface: mSurfaceCreated = false surfaceChanged = true visibleChanged = true
2026-03-18 17:23:40.137 25186-25186 SurfaceView@c8b8b96     com.example.mamunbingoapp            I  surfaceCreated 1 #8 android.view.SurfaceView{c8b8b96 V.E...... ......I. 0,0-1440,1080}
2026-03-18 17:23:40.137 25186-25186 SurfaceViewImpl         com.example.mamunbingoapp            D  Surface created.
2026-03-18 17:23:40.137 25186-25186 SurfaceView@c8b8b96     com.example.mamunbingoapp            I  surfaceChanged (1440,1080) 1 #8 android.view.SurfaceView{c8b8b96 V.E...... ......I. 0,0-1440,1080}
2026-03-18 17:23:40.137 25186-25186 SurfaceViewImpl         com.example.mamunbingoapp            D  Surface changed. Size: 1440x1080
2026-03-18 17:23:40.137 25186-25186 SurfaceViewImpl         com.example.mamunbingoapp            D  Surface set on Preview.
2026-03-18 17:23:40.138 25186-25186 ViewRootIm...nActivity] com.example.mamunbingoapp            I  [DP] dp(1) 1 android.view.SurfaceView.updateSurface:1375 android.view.SurfaceView.lambda$new$1$SurfaceView:254 android.view.SurfaceView$$ExternalSyntheticLambda2.onPreDraw:2 
2026-03-18 17:23:40.138 25186-25186 ViewRootIm...nActivity] com.example.mamunbingoapp            I  [DP] pdf(0) 1 android.view.SurfaceView.notifyDrawFinished:599 android.view.SurfaceView.performDrawFinished:586 android.view.SurfaceView.$r8$lambda$st27mCkd9jfJkTrN_P3qIGKX6NY:0 
2026-03-18 17:23:40.138 25186-25186 ViewRootIm...nActivity] com.example.mamunbingoapp            I  [DP] rdf()
2026-03-18 17:23:40.138 25186-25186 ViewRootIm...nActivity] com.example.mamunbingoapp            D  reportDrawFinished (fn: 109) 
2026-03-18 17:23:40.139   999-2314  WindowManager           system_server                        D  finishDrawingWindow: Window{3677e50 u0 com.example.mamunbingoapp/com.example.mamunbingoapp.MainActivity} mDrawState=HAS_DRAWN
2026-03-18 17:23:40.139 25186-25186 SurfaceView@c8b8b96     com.example.mamunbingoapp            I  pST: mTmpTransaction.apply, mTmpTransaction = android.view.SurfaceControl$Transaction@931db70
2026-03-18 17:23:40.139 25186-25186 SurfaceView@c8b8b96     com.example.mamunbingoapp            I  updateSurface: mVisible = true mSurface.isValid() = true
2026-03-18 17:23:40.139 25186-25186 SurfaceView@c8b8b96     com.example.mamunbingoapp            I  updateSurface: mSurfaceCreated = true surfaceChanged = false visibleChanged = false
2026-03-18 17:23:40.141 25186-25252 SurfaceView@c8b8b96     com.example.mamunbingoapp            I  uSP: rtp = Rect(-131, 0 - 1211, 1788) rtsw = 1440 rtsh = 1080
2026-03-18 17:23:40.141 25186-25252 SurfaceView@c8b8b96     com.example.mamunbingoapp            I  onSSPAndSRT: pl = -131 pt = 0 sx = 0.93194443 sy = 1.6555556
2026-03-18 17:23:40.141 25186-25252 SurfaceView@c8b8b96     com.example.mamunbingoapp            I  aOrMT: uB = true t = android.view.SurfaceControl$Transaction@a1a8e0f fN = 212 android.view.SurfaceView.access$500:124 android.view.SurfaceView$SurfaceViewPositionUpdateListener.positionChanged:1728 android.graphics.RenderNode$CompositePositionUpdateListener.positionChanged:319 
2026-03-18 17:23:40.141 25186-25252 SurfaceView@c8b8b96     com.example.mamunbingoapp            I  aOrMT: vR.mWNT, vR = ViewRootImpl@23a75c9[MainActivity]
2026-03-18 17:23:40.141 25186-25252 ViewRootIm...nActivity] com.example.mamunbingoapp            I  mWNT: t = android.view.SurfaceControl$Transaction@a1a8e0f fN = 212 android.view.SurfaceView.applyOrMergeTransaction:1628 android.view.SurfaceView.access$500:124 android.view.SurfaceView$SurfaceViewPositionUpdateListener.positionChanged:1728 
2026-03-18 17:23:40.141 25186-25252 ViewRootIm...nActivity] com.example.mamunbingoapp            I  mWNT: merge t to BBQ
2026-03-18 17:23:40.141   582-582   Layer                   surfaceflinger                       I  id=38971 removeFromCurrentState com.example.mamunbingoapp/com.example.mamunbingoapp.MainActivity$_25186#1 (118)
2026-03-18 17:23:40.141   582-582   Layer                   surfaceflinger                       I  id=38968 removeFromCurrentState 232f514 com.example.mamunbingoapp/com.example.mamunbingoapp.MainActivity#0 (118)
2026-03-18 17:23:40.141   582-582   Layer                   surfaceflinger                       I  id=38976 removeFromCurrentState Surface(name=232f514 com.example.mamunbingoapp/com.example.mamunbingoapp.MainActivity)/@0x76fd2ac - animation-leash of window_animation#0 (118)
2026-03-18 17:23:40.141   582-582   SurfaceFlinger          surfaceflinger                       I  id=38968 Removed 232f514 com.example.mamunbingoapp/com.example.mamunbingoapp.MainActivity#0 (118)
2026-03-18 17:23:40.141   582-582   SurfaceFlinger          surfaceflinger                       I  id=38971 Removed com.example.mamunbingoapp/com.example.mamunbingoapp.MainActivity$_25186#1 (118)
2026-03-18 17:23:40.141   582-582   SurfaceFlinger          surfaceflinger                       I  id=38976 Removed Surface(name=232f514 com.example.mamunbingoapp/com.example.mamunbingoapp.MainActivity)/@0x76fd2ac - animation-leash of window_animation#0 (118)
2026-03-18 17:23:40.141   582-582   Layer                   surfaceflinger                       I  id=38976 Destroyed Surface(name=232f514 com.example.mamunbingoapp/com.example.mamunbingoapp.MainActivity)/@0x76fd2ac - animation-leash of window_animation#0
2026-03-18 17:23:40.141   582-582   Layer                   surfaceflinger                       I  id=38968 Destroyed 232f514 com.example.mamunbingoapp/com.example.mamunbingoapp.MainActivity#0
2026-03-18 17:23:40.142   582-582   Layer                   surfaceflinger                       I  id=38971 Destroyed com.example.mamunbingoapp/com.example.mamunbingoapp.MainActivity$_25186#1
2026-03-18 17:23:40.142 25186-25285 Camera2CameraImpl       com.example.mamunbingoapp            D  {Camera@e92516f[id=0]} CameraDevice.onOpened()
2026-03-18 17:23:40.143 25186-25285 Camera2CameraImpl       com.example.mamunbingoapp            D  {Camera@e92516f[id=0]} Transitioning camera internal state: OPENING --> OPENED
2026-03-18 17:23:40.143   582-582   SurfaceFlinger          surfaceflinger                       D  Display 0 HWC layers:
                                                                                                     SOLID_COLOR |              | 0002 |  Unknown  |    0.0    0.0    0.0    0.0 |    0    0 1080 1080 | Background for SurfaceView - com.exa[...]munbingoapp.MainActivity@c8b8b96@0#0
                                                                                                         DEVICE | 0x70f2e74450 | 0100 | RGBA_8888    |    0.0    0.0 1080.0 2280.0 |    0    0 1080 2280 | com.example.mamunbingoapp/com.example.mamunbingoapp.MainActivity$_25186#0
                                                                                                         DEVICE | 0x70f2e9de50 | 0100 | RGBA_8888    |    0.0    0.0 1080.0  107.0 |    0    0 1080  107 | StatusBar$_1338#0
                                                                                                         DEVICE | 0x70f2ea5590 | 0100 | RGBA_8888    |    0.0    0.0   67.0  342.0 | 1013  418 1080  760 | com.samsung.android.app.cocktailbars[...]arservice.CocktailBarService$_5568#0
                                                                                                         DEVICE | 0x70f2e89ff0 | 0100 | RGBA_8888    |    0.0    0.0 1080.0  126.0 |    0 2154 1080 2280 | NavigationBar0$_1338#0
2026-03-18 17:23:40.144 25186-25285 CameraStateRegistry     com.example.mamunbingoapp            D  Recalculating open cameras:
                                                                                                    Camera                                       State                 
                                                                                                    -------------------------------------------------------------------
                                                                                                    Camera@64388b9[id=2]                         UNKNOWN               
                                                                                                    Camera@8eaf726[id=1]                         UNKNOWN               
                                                                                                    Camera@e92516f[id=0]                         OPEN                  
                                                                                                    Camera@40af775[id=3]                         UNKNOWN               
                                                                                                    -------------------------------------------------------------------
                                                                                                    Open count: 1 (Max allowed: 1)
2026-03-18 17:23:40.144 25186-25285 CameraStateMachine      com.example.mamunbingoapp            D  New public camera state CameraState{type=OPEN, error=null} from OPEN and null
2026-03-18 17:23:40.144 25186-25285 CameraStateMachine      com.example.mamunbingoapp            D  Publishing new public camera state CameraState{type=OPEN, error=null}
2026-03-18 17:23:40.145 25186-25285 UseCaseAttachState      com.example.mamunbingoapp            D  All use case: [androidx.camera.core.Preview-00cdd450-397f-4acf-86ff-4b85cb4eeeed201885705, androidx.camera.core.ImageAnalysis-703ddc31-821c-410d-b25f-c5e7eeca351d151706126] for camera: 0
2026-03-18 17:23:40.145 25186-25285 StreamUseCaseUtil       com.example.mamunbingoapp            D  populateSurfaceToStreamUseCaseMapping() - streamUseCaseMap = {}
2026-03-18 17:23:40.147 25186-25285 UseCaseAttachState      com.example.mamunbingoapp            D  Active and attached use case: [androidx.camera.core.Preview-00cdd450-397f-4acf-86ff-4b85cb4eeeed201885705, androidx.camera.core.ImageAnalysis-703ddc31-821c-410d-b25f-c5e7eeca351d151706126] for camera: 0
2026-03-18 17:23:40.149 25186-25285 SyncCaptureSessionBase  com.example.mamunbingoapp            D  [androidx.camera.camera2.internal.SynchronizedCaptureSessionImpl@861c5a3] getSurface done with results: [Surface(name=null)/@0x430776e, Surface(name=null)/@0x84240d2]
2026-03-18 17:23:40.149 25186-25285 CaptureSession          com.example.mamunbingoapp            D  Opening capture session.
2026-03-18 17:23:40.149 25186-25285 Camera2Cap...estBuilder com.example.mamunbingoapp            D  template type = 1
2026-03-18 17:23:40.150 25186-25285 Camera2Cap...estBuilder com.example.mamunbingoapp            D  applyAeFpsRange: expectedFrameRateRange = [0, 0]
2026-03-18 17:23:40.151 25186-25285 SyncCaptureSessionImpl  com.example.mamunbingoapp            D  [androidx.camera.camera2.internal.SynchronizedCaptureSessionImpl@861c5a3] start openCaptureSession
2026-03-18 17:23:40.151 25186-25285 DeferrableSurface       com.example.mamunbingoapp            D  use count+1, useCount=2 androidx.camera.core.SurfaceRequest$2@b5a9227
2026-03-18 17:23:40.151 25186-25285 DeferrableSurface       com.example.mamunbingoapp            D  New surface in use[total_surfaces=3, used_surfaces=2](androidx.camera.core.impl.ImmediateSurface@3668579}
2026-03-18 17:23:40.151 25186-25285 DeferrableSurface       com.example.mamunbingoapp            D  use count+1, useCount=1 androidx.camera.core.impl.ImmediateSurface@3668579
2026-03-18 17:23:40.233 25186-25285 SyncCaptureSessionImpl  com.example.mamunbingoapp            D  [androidx.camera.camera2.internal.SynchronizedCaptureSessionImpl@861c5a3] Session onConfigured()
2026-03-18 17:23:40.233 25186-25285 CaptureSession          com.example.mamunbingoapp            D  Attempting to send capture request onConfigured
2026-03-18 17:23:40.233 25186-25285 CaptureSession          com.example.mamunbingoapp            D  Issuing request for session.
2026-03-18 17:23:40.233 25186-25285 Camera2Cap...estBuilder com.example.mamunbingoapp            D  createCaptureRequest
2026-03-18 17:23:40.234 25186-25285 Camera2Cap...estBuilder com.example.mamunbingoapp            D  applyAeFpsRange: expectedFrameRateRange = [0, 0]
2026-03-18 17:23:40.234 25186-25285 Camera2Cap...estBuilder com.example.mamunbingoapp            D  applyVideoStabilization: mode = null
2026-03-18 17:23:40.236 25186-25285 CaptureSession          com.example.mamunbingoapp            D  CameraCaptureSession.onConfigured() mState=OPENED
2026-03-18 17:23:40.236 25186-25285 CaptureSession          com.example.mamunbingoapp            D  CameraCaptureSession.onReady() OPENED
2026-03-18 17:23:40.237   674-25420 CameraServ...oxyWrapper cameraserver                         I  updateProxyDeviceState: notifyCameraState for Camera ID 0, newState 1, facing 0, clientName com.example.mamunbingoapp, apiLevel 2
2026-03-18 17:23:40.237   999-1159  CameraManagerGlobal     system_server                        I  Camera 0 facing CAMERA_FACING_BACK state now CAMERA_STATE_ACTIVE for client com.example.mamunbingoapp API Level 2
2026-03-18 17:23:40.237   999-2314  CameraService_proxy     system_server                        I  updateActivityCount: addNonHighRefreshRatePackage for client(com.example.mamunbingoapp)
2026-03-18 17:23:40.237  9583-9659  CameraManagerGlobal     com....android.googlequicksearchbox  I  Camera 0 facing CAMERA_FACING_BACK state now CAMERA_STATE_ACTIVE for client com.example.mamunbingoapp API Level 2
2026-03-18 17:23:40.237 18071-19495 CameraManagerGlobal     com....android.googlequicksearchbox  I  Camera 0 facing CAMERA_FACING_BACK state now CAMERA_STATE_ACTIVE for client com.example.mamunbingoapp API Level 2
2026-03-18 17:23:40.237  1338-1871  CameraManagerGlobal     com.android.systemui                 I  Camera 0 facing CAMERA_FACING_BACK state now CAMERA_STATE_ACTIVE for client com.example.mamunbingoapp API Level 2
2026-03-18 17:23:40.238  2771-19125 CameraManagerGlobal     com.sec.android.sdhms                I  Camera 0 facing CAMERA_FACING_BACK state now CAMERA_STATE_ACTIVE for client com.example.mamunbingoapp API Level 2
2026-03-18 17:23:40.238 23043-23165 CameraManagerGlobal     com...sung.android.vtcamerasettings  I  Camera 0 facing CAMERA_FACING_BACK state now CAMERA_STATE_ACTIVE for client com.example.mamunbingoapp API Level 2
2026-03-18 17:23:40.238 25186-25410 CameraManagerGlobal     com.example.mamunbingoapp            I  Camera 0 facing CAMERA_FACING_BACK state now CAMERA_STATE_ACTIVE for client com.example.mamunbingoapp API Level 2
2026-03-18 17:23:40.242   999-1046  SensorPrivacyService    system_server                        D  onOpStarted code = 26 uid = 10340 packageName = com.example.mamunbingoapp attributionTag = null flags = 1 result = 0
2026-03-18 17:23:40.242   999-1046  SensorPrivacyService    system_server                        D  onOpNoted code = 26 uid = 10340 packageName = com.example.mamunbingoapp attributionTag = null flags = 1 result = 0
2026-03-18 17:23:40.299   582-582   SurfaceFlinger          surfaceflinger                       D  Display 0 HWC layers:
                                                                                                     SOLID_COLOR |              | 0002 |  Unknown  |    0.0    0.0    0.0    0.0 |    0    0 1080 1788 | Background for SurfaceView - com.exa[...]munbingoapp.MainActivity@c8b8b96@0#0
                                                                                                         DEVICE | 0x70f2e74450 | 0100 | RGBA_8888    |    0.0    0.0 1080.0 2280.0 |    0    0 1080 2280 | com.example.mamunbingoapp/com.example.mamunbingoapp.MainActivity$_25186#0
                                                                                                         DEVICE | 0x70f2e9fcb0 | 0100 | RGBA_8888    |    0.0    0.0 1080.0  107.0 |    0    0 1080  107 | StatusBar$_1338#0
                                                                                                         DEVICE | 0x70f2ea5590 | 0100 | RGBA_8888    |    0.0    0.0   67.0  342.0 | 1013  418 1080  760 | com.samsung.android.app.cocktailbars[...]arservice.CocktailBarService$_5568#0
                                                                                                         DEVICE | 0x70f2e89ff0 | 0100 | RGBA_8888    |    0.0    0.0 1080.0  126.0 |    0 2154 1080 2280 | NavigationBar0$_1338#0
                                                                                                         DEVICE | 0x70f2ea5c50 | 0100 | RGBA_8888    |    0.0    0.0 1080.0  180.0 |    0    0 1080  180 | ScreenDecorOverlay$_1338#0
                                                                                                         DEVICE | 0x70f2e991d0 | 0100 | RGBA_8888    |    0.0    0.0 1080.0  107.0 |    0 2
2026-03-18 17:23:40.556 25186-25390 PipelineManager         com.example.mamunbingoapp            D  Start process YUV
2026-03-18 17:23:40.558 25186-25286 StreamStateObserver     com.example.mamunbingoapp            D  Update Preview stream state to STREAMING
2026-03-18 17:23:40.566   582-582   SurfaceFlinger          surfaceflinger                       D  Display 0 HWC layers:
                                                                                                         DEVICE | 0x70f2ea71b0 | 0102 | 0x0000022    |    0.0  105.0 1440.0  975.0 |    0    0 1080 1788 | SurfaceView - com.example.mamunbingo[...]oapp.MainActivity@c8b8b96@0(BLAST)#0
                                                                                                         DEVICE | 0x70f2ea32b0 | 0100 | RGBA_8888    |    0.0    0.0 1080.0 2280.0 |    0    0 1080 2280 | com.example.mamunbingoapp/com.example.mamunbingoapp.MainActivity$_25186#0
                                                                                                         DEVICE | 0x70f2ea4a50 | 0100 | RGBA_8888    |    0.0    0.0 1080.0  107.0 |    0    0 1080  107 | StatusBar$_1338#0
                                                                                                         DEVICE | 0x70f2ea5590 | 0100 | RGBA_8888    |    0.0    0.0   67.0  342.0 | 1013  418 1080  760 | com.samsung.android.app.cocktailbars[...]arservice.CocktailBarService$_5568#0
                                                                                                         DEVICE | 0x70f2e89ff0 | 0100 | RGBA_8888    |    0.0    0.0 1080.0  126.0 |    0 2154 1080 2280 | NavigationBar0$_1338#0
                                                                                                         DEVICE | 0x70f2ea9130 | 0100 | RGBA_8888    |    0.0    0.0 1080.0  180.0 |    0    0 1080  180 | ScreenDecorOverlay$_1338#0
                                                                                                         DEVICE | 0x70f2ea1f90 | 0100 | RGBA_8888    |    0.0    0.0 1080.0  107.0 |    0
2026-03-18 17:23:40.598   999-1038  SGM:GameManager         system_server                        D  identifyForegroundApp. com.example.mamunbingoapp, mCurrentUserId: 0, callerUserId: 0
2026-03-18 17:23:40.598   999-1038  SGM:PkgDataHelper       system_server                        D  getGamePkgData(). com.example.mamunbingoapp
2026-03-18 17:23:40.643 25186-25390 PipelineManager         com.example.mamunbingoapp            D  OCR process succeeded via visionkit pipeline.
2026-03-18 17:23:40.653 25186-25391 PipelineManager         com.example.mamunbingoapp            D  Start process YUV
2026-03-18 17:23:40.774 25186-25391 PipelineManager         com.example.mamunbingoapp            D  OCR process succeeded via visionkit pipeline.
2026-03-18 17:23:40.785 25186-25392 PipelineManager         com.example.mamunbingoapp            D  Start process YUV
2026-03-18 17:23:40.843 25186-25198 InputTransport          com.example.mamunbingoapp            D  Input channel destroyed: 'ClientS', fd=113
2026-03-18 17:23:40.843 25186-25198 InputTransport          com.example.mamunbingoapp            D  Input channel destroyed: 'ClientS', fd=150
2026-03-18 17:23:40.843 25186-25212 OpenGLRenderer          com.example.mamunbingoapp            D  setSurface called with nullptr
2026-03-18 17:23:40.845   674-23799 Camera2ClientBase       cameraserver                         I  Closed Camera 0. Client was: com.example.mamunbingoapp (PID 25186, UID 10340)
2026-03-18 17:23:40.927 25186-25392 PipelineManager         com.example.mamunbingoapp            D  OCR process succeeded via visionkit pipeline.
2026-03-18 17:23:40.947 25186-25394 PipelineManager         com.example.mamunbingoapp            D  Start process YUV
